ARM GAS  C:\Users\cuskrawn\AppData\Local\Temp\ccK1b1h0.s 			page 1


   1              		.syntax unified
   2              		.cpu cortex-m3
   3              		.fpu softvfp
   4              		.eabi_attribute 20, 1
   5              		.eabi_attribute 21, 1
   6              		.eabi_attribute 23, 3
   7              		.eabi_attribute 24, 1
   8              		.eabi_attribute 25, 1
   9              		.eabi_attribute 26, 1
  10              		.eabi_attribute 30, 1
  11              		.eabi_attribute 34, 1
  12              		.eabi_attribute 18, 4
  13              		.thumb
  14              		.file	"cyfitter_cfg.c"
  15              		.text
  16              	.Ltext0:
  17              		.cfi_sections	.debug_frame
  18              		.section	.text.CyClockStartupError,"ax",%progbits
  19              		.align	2
  20              		.thumb
  21              		.thumb_func
  22              		.type	CyClockStartupError, %function
  23              	CyClockStartupError:
  24              	.LFB3:
  25              		.file 1 ".\\Generated_Source\\PSoC5\\cyfitter_cfg.c"
   1:.\Generated_Source\PSoC5/cyfitter_cfg.c **** /*******************************************************************************
   2:.\Generated_Source\PSoC5/cyfitter_cfg.c **** * File Name: cyfitter_cfg.c
   3:.\Generated_Source\PSoC5/cyfitter_cfg.c **** * 
   4:.\Generated_Source\PSoC5/cyfitter_cfg.c **** * PSoC Creator  3.3 CP1
   5:.\Generated_Source\PSoC5/cyfitter_cfg.c **** *
   6:.\Generated_Source\PSoC5/cyfitter_cfg.c **** * Description:
   7:.\Generated_Source\PSoC5/cyfitter_cfg.c **** * This file contains device initialization code.
   8:.\Generated_Source\PSoC5/cyfitter_cfg.c **** * Except for the user defined sections in CyClockStartupError(), this file should not be modified.
   9:.\Generated_Source\PSoC5/cyfitter_cfg.c **** * This file is automatically generated by PSoC Creator.
  10:.\Generated_Source\PSoC5/cyfitter_cfg.c **** *
  11:.\Generated_Source\PSoC5/cyfitter_cfg.c **** ********************************************************************************
  12:.\Generated_Source\PSoC5/cyfitter_cfg.c **** * Copyright (c) 2007-2015 Cypress Semiconductor.  All rights reserved.
  13:.\Generated_Source\PSoC5/cyfitter_cfg.c **** * You may use this file only in accordance with the license, terms, conditions, 
  14:.\Generated_Source\PSoC5/cyfitter_cfg.c **** * disclaimers, and limitations in the end user license agreement accompanying 
  15:.\Generated_Source\PSoC5/cyfitter_cfg.c **** * the software package with which this file was provided.
  16:.\Generated_Source\PSoC5/cyfitter_cfg.c **** ********************************************************************************/
  17:.\Generated_Source\PSoC5/cyfitter_cfg.c **** 
  18:.\Generated_Source\PSoC5/cyfitter_cfg.c **** #include <string.h>
  19:.\Generated_Source\PSoC5/cyfitter_cfg.c **** #include "cytypes.h"
  20:.\Generated_Source\PSoC5/cyfitter_cfg.c **** #include "cydevice_trm.h"
  21:.\Generated_Source\PSoC5/cyfitter_cfg.c **** #include "cyfitter.h"
  22:.\Generated_Source\PSoC5/cyfitter_cfg.c **** #include "CyLib.h"
  23:.\Generated_Source\PSoC5/cyfitter_cfg.c **** #include "cyfitter_cfg.h"
  24:.\Generated_Source\PSoC5/cyfitter_cfg.c **** 
  25:.\Generated_Source\PSoC5/cyfitter_cfg.c **** #define CY_NEED_CYCLOCKSTARTUPERROR 1
  26:.\Generated_Source\PSoC5/cyfitter_cfg.c **** 
  27:.\Generated_Source\PSoC5/cyfitter_cfg.c **** 
  28:.\Generated_Source\PSoC5/cyfitter_cfg.c **** #if defined(__GNUC__) || defined(__ARMCC_VERSION)
  29:.\Generated_Source\PSoC5/cyfitter_cfg.c ****     #define CYPACKED 
  30:.\Generated_Source\PSoC5/cyfitter_cfg.c ****     #define CYPACKED_ATTR __attribute__ ((packed))
  31:.\Generated_Source\PSoC5/cyfitter_cfg.c ****     #define CYALIGNED __attribute__ ((aligned))
  32:.\Generated_Source\PSoC5/cyfitter_cfg.c ****     #define CY_CFG_UNUSED __attribute__ ((unused))
ARM GAS  C:\Users\cuskrawn\AppData\Local\Temp\ccK1b1h0.s 			page 2


  33:.\Generated_Source\PSoC5/cyfitter_cfg.c ****     #define CY_CFG_SECTION __attribute__ ((section(".psocinit")))
  34:.\Generated_Source\PSoC5/cyfitter_cfg.c ****     
  35:.\Generated_Source\PSoC5/cyfitter_cfg.c ****     #if defined(__ARMCC_VERSION)
  36:.\Generated_Source\PSoC5/cyfitter_cfg.c ****         #define CY_CFG_MEMORY_BARRIER() __memory_changed()
  37:.\Generated_Source\PSoC5/cyfitter_cfg.c ****     #else
  38:.\Generated_Source\PSoC5/cyfitter_cfg.c ****         #define CY_CFG_MEMORY_BARRIER() __sync_synchronize()
  39:.\Generated_Source\PSoC5/cyfitter_cfg.c ****     #endif
  40:.\Generated_Source\PSoC5/cyfitter_cfg.c ****     
  41:.\Generated_Source\PSoC5/cyfitter_cfg.c **** #elif defined(__ICCARM__)
  42:.\Generated_Source\PSoC5/cyfitter_cfg.c ****     #include <intrinsics.h>
  43:.\Generated_Source\PSoC5/cyfitter_cfg.c **** 
  44:.\Generated_Source\PSoC5/cyfitter_cfg.c ****     #define CYPACKED __packed
  45:.\Generated_Source\PSoC5/cyfitter_cfg.c ****     #define CYPACKED_ATTR 
  46:.\Generated_Source\PSoC5/cyfitter_cfg.c ****     #define CYALIGNED _Pragma("data_alignment=4")
  47:.\Generated_Source\PSoC5/cyfitter_cfg.c ****     #define CY_CFG_UNUSED _Pragma("diag_suppress=Pe177")
  48:.\Generated_Source\PSoC5/cyfitter_cfg.c ****     #define CY_CFG_SECTION _Pragma("location=\".psocinit\"")
  49:.\Generated_Source\PSoC5/cyfitter_cfg.c ****     
  50:.\Generated_Source\PSoC5/cyfitter_cfg.c ****     #define CY_CFG_MEMORY_BARRIER() __DMB()
  51:.\Generated_Source\PSoC5/cyfitter_cfg.c ****     
  52:.\Generated_Source\PSoC5/cyfitter_cfg.c **** #else
  53:.\Generated_Source\PSoC5/cyfitter_cfg.c ****     #error Unsupported toolchain
  54:.\Generated_Source\PSoC5/cyfitter_cfg.c **** #endif
  55:.\Generated_Source\PSoC5/cyfitter_cfg.c **** 
  56:.\Generated_Source\PSoC5/cyfitter_cfg.c **** 
  57:.\Generated_Source\PSoC5/cyfitter_cfg.c **** CY_CFG_UNUSED
  58:.\Generated_Source\PSoC5/cyfitter_cfg.c **** static void CYMEMZERO(void *s, size_t n);
  59:.\Generated_Source\PSoC5/cyfitter_cfg.c **** CY_CFG_UNUSED
  60:.\Generated_Source\PSoC5/cyfitter_cfg.c **** static void CYMEMZERO(void *s, size_t n)
  61:.\Generated_Source\PSoC5/cyfitter_cfg.c **** {
  62:.\Generated_Source\PSoC5/cyfitter_cfg.c **** 	(void)memset(s, 0, n);
  63:.\Generated_Source\PSoC5/cyfitter_cfg.c **** }
  64:.\Generated_Source\PSoC5/cyfitter_cfg.c **** CY_CFG_UNUSED
  65:.\Generated_Source\PSoC5/cyfitter_cfg.c **** static void CYCONFIGCPY(void *dest, const void *src, size_t n);
  66:.\Generated_Source\PSoC5/cyfitter_cfg.c **** CY_CFG_UNUSED
  67:.\Generated_Source\PSoC5/cyfitter_cfg.c **** static void CYCONFIGCPY(void *dest, const void *src, size_t n)
  68:.\Generated_Source\PSoC5/cyfitter_cfg.c **** {
  69:.\Generated_Source\PSoC5/cyfitter_cfg.c **** 	(void)memcpy(dest, src, n);
  70:.\Generated_Source\PSoC5/cyfitter_cfg.c **** }
  71:.\Generated_Source\PSoC5/cyfitter_cfg.c **** CY_CFG_UNUSED
  72:.\Generated_Source\PSoC5/cyfitter_cfg.c **** static void CYCONFIGCPYCODE(void *dest, const void *src, size_t n);
  73:.\Generated_Source\PSoC5/cyfitter_cfg.c **** CY_CFG_UNUSED
  74:.\Generated_Source\PSoC5/cyfitter_cfg.c **** static void CYCONFIGCPYCODE(void *dest, const void *src, size_t n)
  75:.\Generated_Source\PSoC5/cyfitter_cfg.c **** {
  76:.\Generated_Source\PSoC5/cyfitter_cfg.c **** 	(void)memcpy(dest, src, n);
  77:.\Generated_Source\PSoC5/cyfitter_cfg.c **** }
  78:.\Generated_Source\PSoC5/cyfitter_cfg.c **** 
  79:.\Generated_Source\PSoC5/cyfitter_cfg.c **** 
  80:.\Generated_Source\PSoC5/cyfitter_cfg.c **** 
  81:.\Generated_Source\PSoC5/cyfitter_cfg.c **** /* Clock startup error codes                                                   */
  82:.\Generated_Source\PSoC5/cyfitter_cfg.c **** #define CYCLOCKSTART_NO_ERROR    0u
  83:.\Generated_Source\PSoC5/cyfitter_cfg.c **** #define CYCLOCKSTART_XTAL_ERROR  1u
  84:.\Generated_Source\PSoC5/cyfitter_cfg.c **** #define CYCLOCKSTART_32KHZ_ERROR 2u
  85:.\Generated_Source\PSoC5/cyfitter_cfg.c **** #define CYCLOCKSTART_PLL_ERROR   3u
  86:.\Generated_Source\PSoC5/cyfitter_cfg.c **** 
  87:.\Generated_Source\PSoC5/cyfitter_cfg.c **** #ifdef CY_NEED_CYCLOCKSTARTUPERROR
  88:.\Generated_Source\PSoC5/cyfitter_cfg.c **** /*******************************************************************************
  89:.\Generated_Source\PSoC5/cyfitter_cfg.c **** * Function Name: CyClockStartupError
ARM GAS  C:\Users\cuskrawn\AppData\Local\Temp\ccK1b1h0.s 			page 3


  90:.\Generated_Source\PSoC5/cyfitter_cfg.c **** ********************************************************************************
  91:.\Generated_Source\PSoC5/cyfitter_cfg.c **** * Summary:
  92:.\Generated_Source\PSoC5/cyfitter_cfg.c **** *  If an error is encountered during clock configuration (crystal startup error,
  93:.\Generated_Source\PSoC5/cyfitter_cfg.c **** *  PLL lock error, etc.), the system will end up here.  Unless reimplemented by
  94:.\Generated_Source\PSoC5/cyfitter_cfg.c **** *  the customer, this function will stop in an infinite loop.
  95:.\Generated_Source\PSoC5/cyfitter_cfg.c **** *
  96:.\Generated_Source\PSoC5/cyfitter_cfg.c **** * Parameters:
  97:.\Generated_Source\PSoC5/cyfitter_cfg.c **** *   void
  98:.\Generated_Source\PSoC5/cyfitter_cfg.c **** *
  99:.\Generated_Source\PSoC5/cyfitter_cfg.c **** * Return:
 100:.\Generated_Source\PSoC5/cyfitter_cfg.c **** *   void
 101:.\Generated_Source\PSoC5/cyfitter_cfg.c **** *
 102:.\Generated_Source\PSoC5/cyfitter_cfg.c **** *******************************************************************************/
 103:.\Generated_Source\PSoC5/cyfitter_cfg.c **** CY_CFG_UNUSED
 104:.\Generated_Source\PSoC5/cyfitter_cfg.c **** static void CyClockStartupError(uint8 errorCode);
 105:.\Generated_Source\PSoC5/cyfitter_cfg.c **** CY_CFG_UNUSED
 106:.\Generated_Source\PSoC5/cyfitter_cfg.c **** static void CyClockStartupError(uint8 errorCode)
 107:.\Generated_Source\PSoC5/cyfitter_cfg.c **** {
  26              		.loc 1 107 0
  27              		.cfi_startproc
  28              		@ Volatile: function does not return.
  29              		@ args = 0, pretend = 0, frame = 0
  30              		@ frame_needed = 0, uses_anonymous_args = 0
  31              		@ link register save eliminated.
  32              	.LVL0:
  33              	.L2:
 108:.\Generated_Source\PSoC5/cyfitter_cfg.c ****     /* To remove the compiler warning if errorCode not used.                */
 109:.\Generated_Source\PSoC5/cyfitter_cfg.c ****     errorCode = errorCode;
 110:.\Generated_Source\PSoC5/cyfitter_cfg.c **** 
 111:.\Generated_Source\PSoC5/cyfitter_cfg.c ****     /* `#START CyClockStartupError` */
 112:.\Generated_Source\PSoC5/cyfitter_cfg.c **** 
 113:.\Generated_Source\PSoC5/cyfitter_cfg.c ****     /* If we have a clock startup error (bad MHz crystal, PLL lock, etc.),  */
 114:.\Generated_Source\PSoC5/cyfitter_cfg.c ****     /* we will end up here to allow the customer to implement something to  */
 115:.\Generated_Source\PSoC5/cyfitter_cfg.c ****     /* deal with the clock condition.                                       */
 116:.\Generated_Source\PSoC5/cyfitter_cfg.c **** 
 117:.\Generated_Source\PSoC5/cyfitter_cfg.c ****     /* `#END` */
 118:.\Generated_Source\PSoC5/cyfitter_cfg.c **** 
 119:.\Generated_Source\PSoC5/cyfitter_cfg.c ****     /* If nothing else, stop here since the clocks have not started         */
 120:.\Generated_Source\PSoC5/cyfitter_cfg.c ****     /* correctly.                                                           */
 121:.\Generated_Source\PSoC5/cyfitter_cfg.c ****     while(1) {}
  34              		.loc 1 121 0 discriminator 1
  35 0000 FEE7     		b	.L2
  36              		.cfi_endproc
  37              	.LFE3:
  38              		.size	CyClockStartupError, .-CyClockStartupError
  39 0002 00BF     		.section	.text.AnalogSetDefault,"ax",%progbits
  40              		.align	2
  41              		.thumb
  42              		.thumb_func
  43              		.type	AnalogSetDefault, %function
  44              	AnalogSetDefault:
  45              	.LFB5:
 122:.\Generated_Source\PSoC5/cyfitter_cfg.c **** }
 123:.\Generated_Source\PSoC5/cyfitter_cfg.c **** #endif
 124:.\Generated_Source\PSoC5/cyfitter_cfg.c **** 
 125:.\Generated_Source\PSoC5/cyfitter_cfg.c **** /* IOPINS0_0 Address: CYREG_PRT0_DM0 Size (bytes): 8 */
 126:.\Generated_Source\PSoC5/cyfitter_cfg.c **** #define BS_IOPINS0_0_VAL ((const uint8 CYFAR *)0x48000000u)
ARM GAS  C:\Users\cuskrawn\AppData\Local\Temp\ccK1b1h0.s 			page 4


 127:.\Generated_Source\PSoC5/cyfitter_cfg.c **** 
 128:.\Generated_Source\PSoC5/cyfitter_cfg.c **** /* IOPINS0_3 Address: CYREG_PRT3_DM0 Size (bytes): 8 */
 129:.\Generated_Source\PSoC5/cyfitter_cfg.c **** #define BS_IOPINS0_3_VAL ((const uint8 CYFAR *)0x48000008u)
 130:.\Generated_Source\PSoC5/cyfitter_cfg.c **** 
 131:.\Generated_Source\PSoC5/cyfitter_cfg.c **** 
 132:.\Generated_Source\PSoC5/cyfitter_cfg.c **** /*******************************************************************************
 133:.\Generated_Source\PSoC5/cyfitter_cfg.c **** * Function Name: ClockSetup
 134:.\Generated_Source\PSoC5/cyfitter_cfg.c **** ********************************************************************************
 135:.\Generated_Source\PSoC5/cyfitter_cfg.c **** *
 136:.\Generated_Source\PSoC5/cyfitter_cfg.c **** * Summary:
 137:.\Generated_Source\PSoC5/cyfitter_cfg.c **** *  Performs the initialization of all of the clocks in the device based on the
 138:.\Generated_Source\PSoC5/cyfitter_cfg.c **** *  settings in the Clock tab of the DWR.  This includes enabling the requested
 139:.\Generated_Source\PSoC5/cyfitter_cfg.c **** *  clocks and setting the necessary dividers to produce the desired frequency. 
 140:.\Generated_Source\PSoC5/cyfitter_cfg.c **** *
 141:.\Generated_Source\PSoC5/cyfitter_cfg.c **** * Parameters:
 142:.\Generated_Source\PSoC5/cyfitter_cfg.c **** *  void
 143:.\Generated_Source\PSoC5/cyfitter_cfg.c **** *
 144:.\Generated_Source\PSoC5/cyfitter_cfg.c **** * Return:
 145:.\Generated_Source\PSoC5/cyfitter_cfg.c **** *  void
 146:.\Generated_Source\PSoC5/cyfitter_cfg.c **** *
 147:.\Generated_Source\PSoC5/cyfitter_cfg.c **** *******************************************************************************/
 148:.\Generated_Source\PSoC5/cyfitter_cfg.c **** static void ClockSetup(void);
 149:.\Generated_Source\PSoC5/cyfitter_cfg.c **** static void ClockSetup(void)
 150:.\Generated_Source\PSoC5/cyfitter_cfg.c **** {
 151:.\Generated_Source\PSoC5/cyfitter_cfg.c **** 	uint32 timeout;
 152:.\Generated_Source\PSoC5/cyfitter_cfg.c **** 	uint8 pllLock;
 153:.\Generated_Source\PSoC5/cyfitter_cfg.c **** 
 154:.\Generated_Source\PSoC5/cyfitter_cfg.c **** 
 155:.\Generated_Source\PSoC5/cyfitter_cfg.c **** 	/* Configure ILO based on settings from Clock DWR */
 156:.\Generated_Source\PSoC5/cyfitter_cfg.c **** 	CY_SET_XTND_REG8((void CYFAR *)(CYREG_SLOWCLK_ILO_CR0), 0x02u);
 157:.\Generated_Source\PSoC5/cyfitter_cfg.c **** 	CY_SET_XTND_REG8((void CYFAR *)(CYREG_CLKDIST_CR), 0x08u);
 158:.\Generated_Source\PSoC5/cyfitter_cfg.c **** 
 159:.\Generated_Source\PSoC5/cyfitter_cfg.c **** 	/* Configure IMO based on settings from Clock DWR */
 160:.\Generated_Source\PSoC5/cyfitter_cfg.c **** 	CY_SET_XTND_REG8((void CYFAR *)(CYREG_FASTCLK_IMO_CR), 0x03u);
 161:.\Generated_Source\PSoC5/cyfitter_cfg.c **** 	CY_SET_XTND_REG8((void CYFAR *)(CYREG_IMO_TR1), (CY_GET_XTND_REG8((void CYFAR *)CYREG_FLSHID_CUST_
 162:.\Generated_Source\PSoC5/cyfitter_cfg.c **** 
 163:.\Generated_Source\PSoC5/cyfitter_cfg.c **** 	/* Configure PLL based on settings from Clock DWR */
 164:.\Generated_Source\PSoC5/cyfitter_cfg.c **** 	CY_SET_XTND_REG16((void CYFAR *)(CYREG_FASTCLK_PLL_P), 0x0008u);
 165:.\Generated_Source\PSoC5/cyfitter_cfg.c **** 	CY_SET_XTND_REG16((void CYFAR *)(CYREG_FASTCLK_PLL_CFG0), 0x1251u);
 166:.\Generated_Source\PSoC5/cyfitter_cfg.c **** 	/* Wait up to 250us for the PLL to lock */
 167:.\Generated_Source\PSoC5/cyfitter_cfg.c **** 	pllLock = 0u;
 168:.\Generated_Source\PSoC5/cyfitter_cfg.c **** 	for (timeout = 250u / 10u; (timeout > 0u) && (pllLock != 0x03u); timeout--)
 169:.\Generated_Source\PSoC5/cyfitter_cfg.c **** 	{ 
 170:.\Generated_Source\PSoC5/cyfitter_cfg.c **** 		pllLock = 0x03u & ((uint8)((uint8)pllLock << 1) | ((CY_GET_XTND_REG8((void CYFAR *)CYREG_FASTCLK_
 171:.\Generated_Source\PSoC5/cyfitter_cfg.c **** 		CyDelayCycles(10u * 48u); /* Delay 10us based on 48MHz clock */
 172:.\Generated_Source\PSoC5/cyfitter_cfg.c **** 	}
 173:.\Generated_Source\PSoC5/cyfitter_cfg.c **** 	/* If we ran out of time the PLL didn't lock so go to the error function */
 174:.\Generated_Source\PSoC5/cyfitter_cfg.c **** 	if (timeout == 0u)
 175:.\Generated_Source\PSoC5/cyfitter_cfg.c **** 	{
 176:.\Generated_Source\PSoC5/cyfitter_cfg.c **** 		CyClockStartupError(CYCLOCKSTART_PLL_ERROR);
 177:.\Generated_Source\PSoC5/cyfitter_cfg.c **** 	}
 178:.\Generated_Source\PSoC5/cyfitter_cfg.c **** 
 179:.\Generated_Source\PSoC5/cyfitter_cfg.c **** 	/* Configure Bus/Master Clock based on settings from Clock DWR */
 180:.\Generated_Source\PSoC5/cyfitter_cfg.c **** 	CY_SET_XTND_REG16((void CYFAR *)(CYREG_CLKDIST_MSTR0), 0x0100u);
 181:.\Generated_Source\PSoC5/cyfitter_cfg.c **** 	CY_SET_XTND_REG8((void CYFAR *)(CYREG_CLKDIST_MSTR0), 0x07u);
 182:.\Generated_Source\PSoC5/cyfitter_cfg.c **** 	CY_SET_XTND_REG8((void CYFAR *)(CYREG_CLKDIST_BCFG0), 0x00u);
 183:.\Generated_Source\PSoC5/cyfitter_cfg.c **** 	CY_SET_XTND_REG8((void CYFAR *)(CYREG_CLKDIST_BCFG2), 0x48u);
ARM GAS  C:\Users\cuskrawn\AppData\Local\Temp\ccK1b1h0.s 			page 5


 184:.\Generated_Source\PSoC5/cyfitter_cfg.c **** 	CY_SET_XTND_REG8((void CYFAR *)(CYREG_CLKDIST_MSTR0), 0x00u);
 185:.\Generated_Source\PSoC5/cyfitter_cfg.c **** 	CY_SET_XTND_REG8((void CYFAR *)(CYREG_CLKDIST_LD), 0x02u);
 186:.\Generated_Source\PSoC5/cyfitter_cfg.c **** }
 187:.\Generated_Source\PSoC5/cyfitter_cfg.c **** 
 188:.\Generated_Source\PSoC5/cyfitter_cfg.c **** 
 189:.\Generated_Source\PSoC5/cyfitter_cfg.c **** /* Analog API Functions */
 190:.\Generated_Source\PSoC5/cyfitter_cfg.c **** 
 191:.\Generated_Source\PSoC5/cyfitter_cfg.c **** 
 192:.\Generated_Source\PSoC5/cyfitter_cfg.c **** /*******************************************************************************
 193:.\Generated_Source\PSoC5/cyfitter_cfg.c **** * Function Name: AnalogSetDefault
 194:.\Generated_Source\PSoC5/cyfitter_cfg.c **** ********************************************************************************
 195:.\Generated_Source\PSoC5/cyfitter_cfg.c **** *
 196:.\Generated_Source\PSoC5/cyfitter_cfg.c **** * Summary:
 197:.\Generated_Source\PSoC5/cyfitter_cfg.c **** *  Sets up the analog portions of the chip to default values based on chip
 198:.\Generated_Source\PSoC5/cyfitter_cfg.c **** *  configuration options from the project.
 199:.\Generated_Source\PSoC5/cyfitter_cfg.c **** *
 200:.\Generated_Source\PSoC5/cyfitter_cfg.c **** * Parameters:
 201:.\Generated_Source\PSoC5/cyfitter_cfg.c **** *  void
 202:.\Generated_Source\PSoC5/cyfitter_cfg.c **** *
 203:.\Generated_Source\PSoC5/cyfitter_cfg.c **** * Return:
 204:.\Generated_Source\PSoC5/cyfitter_cfg.c **** *  void
 205:.\Generated_Source\PSoC5/cyfitter_cfg.c **** *
 206:.\Generated_Source\PSoC5/cyfitter_cfg.c **** *******************************************************************************/
 207:.\Generated_Source\PSoC5/cyfitter_cfg.c **** static void AnalogSetDefault(void);
 208:.\Generated_Source\PSoC5/cyfitter_cfg.c **** static void AnalogSetDefault(void)
 209:.\Generated_Source\PSoC5/cyfitter_cfg.c **** {
  46              		.loc 1 209 0
  47              		.cfi_startproc
  48              		@ args = 0, pretend = 0, frame = 0
  49              		@ frame_needed = 0, uses_anonymous_args = 0
  50              		@ link register save eliminated.
 210:.\Generated_Source\PSoC5/cyfitter_cfg.c **** 	uint8 bg_xover_inl_trim = CY_GET_XTND_REG8((void CYFAR *)(CYREG_FLSHID_MFG_CFG_BG_XOVER_INL_TRIM +
  51              		.loc 1 210 0
  52 0000 104B     		ldr	r3, .L4
  53 0002 1B78     		ldrb	r3, [r3]	@ zero_extendqisi2
  54 0004 DBB2     		uxtb	r3, r3
  55              	.LVL1:
 211:.\Generated_Source\PSoC5/cyfitter_cfg.c **** 	CY_SET_XTND_REG8((void CYFAR *)(CYREG_BG_DFT0), (bg_xover_inl_trim & 0x07u));
  56              		.loc 1 211 0
  57 0006 03F00701 		and	r1, r3, #7
  58 000a 0F4A     		ldr	r2, .L4+4
  59 000c 1170     		strb	r1, [r2]
 212:.\Generated_Source\PSoC5/cyfitter_cfg.c **** 	CY_SET_XTND_REG8((void CYFAR *)(CYREG_BG_DFT1), ((bg_xover_inl_trim >> 4) & 0x0Fu));
  60              		.loc 1 212 0
  61 000e 1B09     		lsrs	r3, r3, #4
  62              	.LVL2:
  63 0010 0132     		adds	r2, r2, #1
  64 0012 1370     		strb	r3, [r2]
 213:.\Generated_Source\PSoC5/cyfitter_cfg.c **** 	CY_SET_XTND_REG16((void CYFAR *)CYREG_PRT0_AMUX, 0x0201u);
  65              		.loc 1 213 0
  66 0014 40F20122 		movw	r2, #513
  67 0018 0C4B     		ldr	r3, .L4+8
  68 001a 1A80     		strh	r2, [r3]	@ movhi
 214:.\Generated_Source\PSoC5/cyfitter_cfg.c **** 	CY_SET_XTND_REG8((void CYFAR *)CYREG_PRT3_AG, 0x01u);
  69              		.loc 1 214 0
  70 001c 0123     		movs	r3, #1
  71 001e 0C4A     		ldr	r2, .L4+12
ARM GAS  C:\Users\cuskrawn\AppData\Local\Temp\ccK1b1h0.s 			page 6


  72 0020 1370     		strb	r3, [r2]
 215:.\Generated_Source\PSoC5/cyfitter_cfg.c **** 	CY_SET_XTND_REG8((void CYFAR *)CYREG_SC2_SW3, 0x01u);
  73              		.loc 1 215 0
  74 0022 02F6E602 		addw	r2, r2, #2278
  75 0026 1370     		strb	r3, [r2]
 216:.\Generated_Source\PSoC5/cyfitter_cfg.c **** 	CY_SET_XTND_REG8((void CYFAR *)CYREG_SC2_SW4, 0x20u);
  76              		.loc 1 216 0
  77 0028 2022     		movs	r2, #32
  78 002a 0A4B     		ldr	r3, .L4+16
  79 002c 1A70     		strb	r2, [r3]
 217:.\Generated_Source\PSoC5/cyfitter_cfg.c **** 	CY_SET_XTND_REG8((void CYFAR *)CYREG_SC2_SW8, 0x10u);
  80              		.loc 1 217 0
  81 002e 1023     		movs	r3, #16
  82 0030 094A     		ldr	r2, .L4+20
  83 0032 1370     		strb	r3, [r2]
 218:.\Generated_Source\PSoC5/cyfitter_cfg.c **** 	CY_SET_XTND_REG8((void CYFAR *)CYREG_BUS_SW0, 0x10u);
  84              		.loc 1 218 0
  85 0034 02F59872 		add	r2, r2, #304
  86 0038 1370     		strb	r3, [r2]
 219:.\Generated_Source\PSoC5/cyfitter_cfg.c **** 	CY_SET_XTND_REG8((void CYFAR *)CYREG_PUMP_CR0, 0x44u);
  87              		.loc 1 219 0
  88 003a 4422     		movs	r2, #68
  89 003c 074B     		ldr	r3, .L4+24
  90 003e 1A70     		strb	r2, [r3]
  91 0040 7047     		bx	lr
  92              	.L5:
  93 0042 00BF     		.align	2
  94              	.L4:
  95 0044 CF010049 		.word	1224737231
  96 0048 6E580040 		.word	1073764462
  97 004c 0C510040 		.word	1073762572
  98 0050 3D510040 		.word	1073762621
  99 0054 245A0040 		.word	1073764900
 100 0058 285A0040 		.word	1073764904
 101 005c 76580040 		.word	1073764470
 102              		.cfi_endproc
 103              	.LFE5:
 104              		.size	AnalogSetDefault, .-AnalogSetDefault
 105              		.section	.text.CYMEMZERO,"ax",%progbits
 106              		.align	2
 107              		.thumb
 108              		.thumb_func
 109              		.type	CYMEMZERO, %function
 110              	CYMEMZERO:
 111              	.LFB0:
  61:.\Generated_Source\PSoC5/cyfitter_cfg.c **** 	(void)memset(s, 0, n);
 112              		.loc 1 61 0
 113              		.cfi_startproc
 114              		@ args = 0, pretend = 0, frame = 0
 115              		@ frame_needed = 0, uses_anonymous_args = 0
 116              	.LVL3:
 117 0000 08B5     		push	{r3, lr}
 118              		.cfi_def_cfa_offset 8
 119              		.cfi_offset 3, -8
 120              		.cfi_offset 14, -4
 121 0002 0A46     		mov	r2, r1
  62:.\Generated_Source\PSoC5/cyfitter_cfg.c **** }
ARM GAS  C:\Users\cuskrawn\AppData\Local\Temp\ccK1b1h0.s 			page 7


 122              		.loc 1 62 0
 123 0004 0021     		movs	r1, #0
 124              	.LVL4:
 125 0006 FFF7FEFF 		bl	memset
 126              	.LVL5:
 127 000a 08BD     		pop	{r3, pc}
 128              		.cfi_endproc
 129              	.LFE0:
 130              		.size	CYMEMZERO, .-CYMEMZERO
 131              		.section	.text.ClockSetup,"ax",%progbits
 132              		.align	2
 133              		.thumb
 134              		.thumb_func
 135              		.type	ClockSetup, %function
 136              	ClockSetup:
 137              	.LFB4:
 150:.\Generated_Source\PSoC5/cyfitter_cfg.c **** 	uint32 timeout;
 138              		.loc 1 150 0
 139              		.cfi_startproc
 140              		@ args = 0, pretend = 0, frame = 0
 141              		@ frame_needed = 0, uses_anonymous_args = 0
 142 0000 38B5     		push	{r3, r4, r5, lr}
 143              		.cfi_def_cfa_offset 16
 144              		.cfi_offset 3, -16
 145              		.cfi_offset 4, -12
 146              		.cfi_offset 5, -8
 147              		.cfi_offset 14, -4
 156:.\Generated_Source\PSoC5/cyfitter_cfg.c **** 	CY_SET_XTND_REG8((void CYFAR *)(CYREG_CLKDIST_CR), 0x08u);
 148              		.loc 1 156 0
 149 0002 0222     		movs	r2, #2
 150 0004 1E4B     		ldr	r3, .L14
 151 0006 1A70     		strb	r2, [r3]
 157:.\Generated_Source\PSoC5/cyfitter_cfg.c **** 
 152              		.loc 1 157 0
 153 0008 0822     		movs	r2, #8
 154 000a 4FF04023 		mov	r3, #1073758208
 155 000e 1A70     		strb	r2, [r3]
 160:.\Generated_Source\PSoC5/cyfitter_cfg.c **** 	CY_SET_XTND_REG8((void CYFAR *)(CYREG_IMO_TR1), (CY_GET_XTND_REG8((void CYFAR *)CYREG_FLSHID_CUST_
 156              		.loc 1 160 0
 157 0010 0321     		movs	r1, #3
 158 0012 03F50073 		add	r3, r3, #512
 159 0016 1970     		strb	r1, [r3]
 161:.\Generated_Source\PSoC5/cyfitter_cfg.c **** 
 160              		.loc 1 161 0
 161 0018 1A4B     		ldr	r3, .L14+4
 162 001a 1B78     		ldrb	r3, [r3]	@ zero_extendqisi2
 163 001c DBB2     		uxtb	r3, r3
 164 001e 1A49     		ldr	r1, .L14+8
 165 0020 0B70     		strb	r3, [r1]
 164:.\Generated_Source\PSoC5/cyfitter_cfg.c **** 	CY_SET_XTND_REG16((void CYFAR *)(CYREG_FASTCLK_PLL_CFG0), 0x1251u);
 166              		.loc 1 164 0
 167 0022 1A4B     		ldr	r3, .L14+12
 168 0024 1A80     		strh	r2, [r3]	@ movhi
 165:.\Generated_Source\PSoC5/cyfitter_cfg.c **** 	/* Wait up to 250us for the PLL to lock */
 169              		.loc 1 165 0
 170 0026 41F25122 		movw	r2, #4689
 171 002a 023B     		subs	r3, r3, #2
ARM GAS  C:\Users\cuskrawn\AppData\Local\Temp\ccK1b1h0.s 			page 8


 172 002c 1A80     		strh	r2, [r3]	@ movhi
 173              	.LVL6:
 167:.\Generated_Source\PSoC5/cyfitter_cfg.c **** 	for (timeout = 250u / 10u; (timeout > 0u) && (pllLock != 0x03u); timeout--)
 174              		.loc 1 167 0
 175 002e 0024     		movs	r4, #0
 168:.\Generated_Source\PSoC5/cyfitter_cfg.c **** 	{ 
 176              		.loc 1 168 0
 177 0030 1925     		movs	r5, #25
 178 0032 0CE0     		b	.L9
 179              	.LVL7:
 180              	.L11:
 170:.\Generated_Source\PSoC5/cyfitter_cfg.c **** 		CyDelayCycles(10u * 48u); /* Delay 10us based on 48MHz clock */
 181              		.loc 1 170 0 discriminator 4
 182 0034 164B     		ldr	r3, .L14+16
 183 0036 1B78     		ldrb	r3, [r3]	@ zero_extendqisi2
 184 0038 03F00103 		and	r3, r3, #1
 185 003c 43EA4404 		orr	r4, r3, r4, lsl #1
 186              	.LVL8:
 187 0040 04F00304 		and	r4, r4, #3
 188              	.LVL9:
 171:.\Generated_Source\PSoC5/cyfitter_cfg.c **** 	}
 189              		.loc 1 171 0 discriminator 4
 190 0044 4FF4F070 		mov	r0, #480
 191 0048 FFF7FEFF 		bl	CyDelayCycles
 192              	.LVL10:
 168:.\Generated_Source\PSoC5/cyfitter_cfg.c **** 	{ 
 193              		.loc 1 168 0 discriminator 4
 194 004c 013D     		subs	r5, r5, #1
 195              	.LVL11:
 196              	.L9:
 168:.\Generated_Source\PSoC5/cyfitter_cfg.c **** 	{ 
 197              		.loc 1 168 0 is_stmt 0 discriminator 1
 198 004e 0DB1     		cbz	r5, .L10
 168:.\Generated_Source\PSoC5/cyfitter_cfg.c **** 	{ 
 199              		.loc 1 168 0 discriminator 3
 200 0050 032C     		cmp	r4, #3
 201 0052 EFD1     		bne	.L11
 202              	.L10:
 174:.\Generated_Source\PSoC5/cyfitter_cfg.c **** 	{
 203              		.loc 1 174 0 is_stmt 1
 204 0054 15B9     		cbnz	r5, .L12
 176:.\Generated_Source\PSoC5/cyfitter_cfg.c **** 	}
 205              		.loc 1 176 0
 206 0056 0320     		movs	r0, #3
 207 0058 FFF7FEFF 		bl	CyClockStartupError
 208              	.LVL12:
 209              	.L12:
 180:.\Generated_Source\PSoC5/cyfitter_cfg.c **** 	CY_SET_XTND_REG8((void CYFAR *)(CYREG_CLKDIST_MSTR0), 0x07u);
 210              		.loc 1 180 0
 211 005c 0D4B     		ldr	r3, .L14+20
 212 005e 4FF48072 		mov	r2, #256
 213 0062 1A80     		strh	r2, [r3]	@ movhi
 181:.\Generated_Source\PSoC5/cyfitter_cfg.c **** 	CY_SET_XTND_REG8((void CYFAR *)(CYREG_CLKDIST_BCFG0), 0x00u);
 214              		.loc 1 181 0
 215 0064 0722     		movs	r2, #7
 216 0066 1A70     		strb	r2, [r3]
 182:.\Generated_Source\PSoC5/cyfitter_cfg.c **** 	CY_SET_XTND_REG8((void CYFAR *)(CYREG_CLKDIST_BCFG2), 0x48u);
ARM GAS  C:\Users\cuskrawn\AppData\Local\Temp\ccK1b1h0.s 			page 9


 217              		.loc 1 182 0
 218 0068 0022     		movs	r2, #0
 219 006a 0B49     		ldr	r1, .L14+24
 220 006c 0A70     		strb	r2, [r1]
 183:.\Generated_Source\PSoC5/cyfitter_cfg.c **** 	CY_SET_XTND_REG8((void CYFAR *)(CYREG_CLKDIST_MSTR0), 0x00u);
 221              		.loc 1 183 0
 222 006e 4820     		movs	r0, #72
 223 0070 0231     		adds	r1, r1, #2
 224 0072 0870     		strb	r0, [r1]
 184:.\Generated_Source\PSoC5/cyfitter_cfg.c **** 	CY_SET_XTND_REG8((void CYFAR *)(CYREG_CLKDIST_LD), 0x02u);
 225              		.loc 1 184 0
 226 0074 1A70     		strb	r2, [r3]
 185:.\Generated_Source\PSoC5/cyfitter_cfg.c **** }
 227              		.loc 1 185 0
 228 0076 0222     		movs	r2, #2
 229 0078 033B     		subs	r3, r3, #3
 230 007a 1A70     		strb	r2, [r3]
 231 007c 38BD     		pop	{r3, r4, r5, pc}
 232              	.LVL13:
 233              	.L15:
 234 007e 00BF     		.align	2
 235              	.L14:
 236 0080 00430040 		.word	1073758976
 237 0084 08010049 		.word	1224737032
 238 0088 A1460040 		.word	1073759905
 239 008c 22420040 		.word	1073758754
 240 0090 25420040 		.word	1073758757
 241 0094 04400040 		.word	1073758212
 242 0098 06400040 		.word	1073758214
 243              		.cfi_endproc
 244              	.LFE4:
 245              		.size	ClockSetup, .-ClockSetup
 246              		.section	.text.CYCONFIGCPY,"ax",%progbits
 247              		.align	2
 248              		.thumb
 249              		.thumb_func
 250              		.type	CYCONFIGCPY, %function
 251              	CYCONFIGCPY:
 252              	.LFB1:
  68:.\Generated_Source\PSoC5/cyfitter_cfg.c **** 	(void)memcpy(dest, src, n);
 253              		.loc 1 68 0
 254              		.cfi_startproc
 255              		@ args = 0, pretend = 0, frame = 0
 256              		@ frame_needed = 0, uses_anonymous_args = 0
 257              	.LVL14:
 258 0000 08B5     		push	{r3, lr}
 259              		.cfi_def_cfa_offset 8
 260              		.cfi_offset 3, -8
 261              		.cfi_offset 14, -4
  69:.\Generated_Source\PSoC5/cyfitter_cfg.c **** }
 262              		.loc 1 69 0
 263 0002 FFF7FEFF 		bl	memcpy
 264              	.LVL15:
 265 0006 08BD     		pop	{r3, pc}
 266              		.cfi_endproc
 267              	.LFE1:
 268              		.size	CYCONFIGCPY, .-CYCONFIGCPY
ARM GAS  C:\Users\cuskrawn\AppData\Local\Temp\ccK1b1h0.s 			page 10


 269              		.section	.text.SetAnalogRoutingPumps,"ax",%progbits
 270              		.align	2
 271              		.global	SetAnalogRoutingPumps
 272              		.thumb
 273              		.thumb_func
 274              		.type	SetAnalogRoutingPumps, %function
 275              	SetAnalogRoutingPumps:
 276              	.LFB6:
 220:.\Generated_Source\PSoC5/cyfitter_cfg.c **** }
 221:.\Generated_Source\PSoC5/cyfitter_cfg.c **** 
 222:.\Generated_Source\PSoC5/cyfitter_cfg.c **** 
 223:.\Generated_Source\PSoC5/cyfitter_cfg.c **** /*******************************************************************************
 224:.\Generated_Source\PSoC5/cyfitter_cfg.c **** * Function Name: SetAnalogRoutingPumps
 225:.\Generated_Source\PSoC5/cyfitter_cfg.c **** ********************************************************************************
 226:.\Generated_Source\PSoC5/cyfitter_cfg.c **** *
 227:.\Generated_Source\PSoC5/cyfitter_cfg.c **** * Summary:
 228:.\Generated_Source\PSoC5/cyfitter_cfg.c **** * Enables or disables the analog pumps feeding analog routing switches.
 229:.\Generated_Source\PSoC5/cyfitter_cfg.c **** * Intended to be called at startup, based on the Vdda system configuration;
 230:.\Generated_Source\PSoC5/cyfitter_cfg.c **** * may be called during operation when the user informs us that the Vdda voltage
 231:.\Generated_Source\PSoC5/cyfitter_cfg.c **** * crossed the pump threshold.
 232:.\Generated_Source\PSoC5/cyfitter_cfg.c **** *
 233:.\Generated_Source\PSoC5/cyfitter_cfg.c **** * Parameters:
 234:.\Generated_Source\PSoC5/cyfitter_cfg.c **** *  enabled - 1 to enable the pumps, 0 to disable the pumps
 235:.\Generated_Source\PSoC5/cyfitter_cfg.c **** *
 236:.\Generated_Source\PSoC5/cyfitter_cfg.c **** * Return:
 237:.\Generated_Source\PSoC5/cyfitter_cfg.c **** *  void
 238:.\Generated_Source\PSoC5/cyfitter_cfg.c **** *
 239:.\Generated_Source\PSoC5/cyfitter_cfg.c **** *******************************************************************************/
 240:.\Generated_Source\PSoC5/cyfitter_cfg.c **** void SetAnalogRoutingPumps(uint8 enabled)
 241:.\Generated_Source\PSoC5/cyfitter_cfg.c **** {
 277              		.loc 1 241 0
 278              		.cfi_startproc
 279              		@ args = 0, pretend = 0, frame = 0
 280              		@ frame_needed = 0, uses_anonymous_args = 0
 281              		@ link register save eliminated.
 282              	.LVL16:
 242:.\Generated_Source\PSoC5/cyfitter_cfg.c **** 	uint8 regValue = CY_GET_XTND_REG8((void CYFAR *)CYREG_PUMP_CR0);
 283              		.loc 1 242 0
 284 0000 054B     		ldr	r3, .L21
 285 0002 1B78     		ldrb	r3, [r3]	@ zero_extendqisi2
 286 0004 DBB2     		uxtb	r3, r3
 287              	.LVL17:
 243:.\Generated_Source\PSoC5/cyfitter_cfg.c **** 	if (enabled != 0u)
 288              		.loc 1 243 0
 289 0006 10B1     		cbz	r0, .L19
 244:.\Generated_Source\PSoC5/cyfitter_cfg.c **** 	{
 245:.\Generated_Source\PSoC5/cyfitter_cfg.c **** 		regValue |= 0x22u;
 290              		.loc 1 245 0
 291 0008 43F02203 		orr	r3, r3, #34
 292              	.LVL18:
 293 000c 01E0     		b	.L20
 294              	.L19:
 246:.\Generated_Source\PSoC5/cyfitter_cfg.c **** 	}
 247:.\Generated_Source\PSoC5/cyfitter_cfg.c **** 	else
 248:.\Generated_Source\PSoC5/cyfitter_cfg.c **** 	{
 249:.\Generated_Source\PSoC5/cyfitter_cfg.c **** 		regValue &= (uint8)~0x22u;
 295              		.loc 1 249 0
ARM GAS  C:\Users\cuskrawn\AppData\Local\Temp\ccK1b1h0.s 			page 11


 296 000e 03F0DD03 		and	r3, r3, #221
 297              	.LVL19:
 298              	.L20:
 250:.\Generated_Source\PSoC5/cyfitter_cfg.c **** 	}
 251:.\Generated_Source\PSoC5/cyfitter_cfg.c **** 	CY_SET_XTND_REG8((void CYFAR *)CYREG_PUMP_CR0, regValue);
 299              		.loc 1 251 0
 300 0012 014A     		ldr	r2, .L21
 301 0014 1370     		strb	r3, [r2]
 302 0016 7047     		bx	lr
 303              	.L22:
 304              		.align	2
 305              	.L21:
 306 0018 76580040 		.word	1073764470
 307              		.cfi_endproc
 308              	.LFE6:
 309              		.size	SetAnalogRoutingPumps, .-SetAnalogRoutingPumps
 310              		.section	.text.cyfitter_cfg,"ax",%progbits
 311              		.align	2
 312              		.global	cyfitter_cfg
 313              		.thumb
 314              		.thumb_func
 315              		.type	cyfitter_cfg, %function
 316              	cyfitter_cfg:
 317              	.LFB7:
 252:.\Generated_Source\PSoC5/cyfitter_cfg.c **** }
 253:.\Generated_Source\PSoC5/cyfitter_cfg.c **** 
 254:.\Generated_Source\PSoC5/cyfitter_cfg.c **** #define CY_AMUX_UNUSED CYREG_BOOST_SR
 255:.\Generated_Source\PSoC5/cyfitter_cfg.c **** 
 256:.\Generated_Source\PSoC5/cyfitter_cfg.c **** 
 257:.\Generated_Source\PSoC5/cyfitter_cfg.c **** /*******************************************************************************
 258:.\Generated_Source\PSoC5/cyfitter_cfg.c **** * Function Name: cyfitter_cfg
 259:.\Generated_Source\PSoC5/cyfitter_cfg.c **** ********************************************************************************
 260:.\Generated_Source\PSoC5/cyfitter_cfg.c **** * Summary:
 261:.\Generated_Source\PSoC5/cyfitter_cfg.c **** *  This function is called by the start-up code for the selected device. It
 262:.\Generated_Source\PSoC5/cyfitter_cfg.c **** *  performs all of the necessary device configuration based on the design
 263:.\Generated_Source\PSoC5/cyfitter_cfg.c **** *  settings.  This includes settings from the Design Wide Resources (DWR) such
 264:.\Generated_Source\PSoC5/cyfitter_cfg.c **** *  as Clocks and Pins as well as any component configuration that is necessary.
 265:.\Generated_Source\PSoC5/cyfitter_cfg.c **** *
 266:.\Generated_Source\PSoC5/cyfitter_cfg.c **** * Parameters:  
 267:.\Generated_Source\PSoC5/cyfitter_cfg.c **** *   void
 268:.\Generated_Source\PSoC5/cyfitter_cfg.c **** *
 269:.\Generated_Source\PSoC5/cyfitter_cfg.c **** * Return:
 270:.\Generated_Source\PSoC5/cyfitter_cfg.c **** *   void
 271:.\Generated_Source\PSoC5/cyfitter_cfg.c **** *
 272:.\Generated_Source\PSoC5/cyfitter_cfg.c **** *******************************************************************************/
 273:.\Generated_Source\PSoC5/cyfitter_cfg.c **** 
 274:.\Generated_Source\PSoC5/cyfitter_cfg.c **** void cyfitter_cfg(void)
 275:.\Generated_Source\PSoC5/cyfitter_cfg.c **** {
 318              		.loc 1 275 0
 319              		.cfi_startproc
 320              		@ args = 0, pretend = 0, frame = 0
 321              		@ frame_needed = 0, uses_anonymous_args = 0
 322 0000 70B5     		push	{r4, r5, r6, lr}
 323              		.cfi_def_cfa_offset 16
 324              		.cfi_offset 4, -16
 325              		.cfi_offset 5, -12
 326              		.cfi_offset 6, -8
ARM GAS  C:\Users\cuskrawn\AppData\Local\Temp\ccK1b1h0.s 			page 12


 327              		.cfi_offset 14, -4
 276:.\Generated_Source\PSoC5/cyfitter_cfg.c **** #ifdef CYGlobalIntDisable
 277:.\Generated_Source\PSoC5/cyfitter_cfg.c **** 	/* Disable interrupts by default. Let user enable if/when they want. */
 278:.\Generated_Source\PSoC5/cyfitter_cfg.c **** 	CYGlobalIntDisable
 328              		.loc 1 278 0
 329              	@ 278 ".\Generated_Source\PSoC5\cyfitter_cfg.c" 1
 330 0002 72B6     		CPSID   i
 331              	@ 0 "" 2
 279:.\Generated_Source\PSoC5/cyfitter_cfg.c **** #endif
 280:.\Generated_Source\PSoC5/cyfitter_cfg.c **** 
 281:.\Generated_Source\PSoC5/cyfitter_cfg.c **** 	/* Enable/Disable Debug functionality based on settings from System DWR */
 282:.\Generated_Source\PSoC5/cyfitter_cfg.c **** 	CY_SET_XTND_REG8((void CYFAR *)CYREG_MLOGIC_DEBUG, (CY_GET_XTND_REG8((void CYFAR *)CYREG_MLOGIC_DE
 332              		.loc 1 282 0
 333              		.thumb
 334 0004 264A     		ldr	r2, .L27
 335 0006 1378     		ldrb	r3, [r2]	@ zero_extendqisi2
 336 0008 43F00403 		orr	r3, r3, #4
 337 000c 1370     		strb	r3, [r2]
 338              	.LVL20:
 339              	.LBB2:
 283:.\Generated_Source\PSoC5/cyfitter_cfg.c **** 
 284:.\Generated_Source\PSoC5/cyfitter_cfg.c **** 	{
 285:.\Generated_Source\PSoC5/cyfitter_cfg.c **** 
 286:.\Generated_Source\PSoC5/cyfitter_cfg.c **** 		CYPACKED typedef struct {
 287:.\Generated_Source\PSoC5/cyfitter_cfg.c **** 			void CYFAR *address;
 288:.\Generated_Source\PSoC5/cyfitter_cfg.c **** 			uint16 size;
 289:.\Generated_Source\PSoC5/cyfitter_cfg.c **** 		} CYPACKED_ATTR cfg_memset_t;
 290:.\Generated_Source\PSoC5/cyfitter_cfg.c **** 
 291:.\Generated_Source\PSoC5/cyfitter_cfg.c **** 		static const cfg_memset_t CYCODE cfg_memset_list [] = {
 292:.\Generated_Source\PSoC5/cyfitter_cfg.c **** 			/* address, size */
 293:.\Generated_Source\PSoC5/cyfitter_cfg.c **** 			{(void CYFAR *)(CYREG_PRT1_DR), 32u},
 294:.\Generated_Source\PSoC5/cyfitter_cfg.c **** 			{(void CYFAR *)(CYREG_PRT4_DR), 48u},
 295:.\Generated_Source\PSoC5/cyfitter_cfg.c **** 			{(void CYFAR *)(CYREG_PRT12_DR), 16u},
 296:.\Generated_Source\PSoC5/cyfitter_cfg.c **** 			{(void CYFAR *)(CYREG_PRT15_DR), 16u},
 297:.\Generated_Source\PSoC5/cyfitter_cfg.c **** 			{(void CYFAR *)(CYDEV_UCFG_B0_P0_U0_BASE), 4096u},
 298:.\Generated_Source\PSoC5/cyfitter_cfg.c **** 			{(void CYFAR *)(CYDEV_UCFG_B1_P2_U0_BASE), 2048u},
 299:.\Generated_Source\PSoC5/cyfitter_cfg.c **** 			{(void CYFAR *)(CYDEV_UCFG_DSI0_BASE), 2560u},
 300:.\Generated_Source\PSoC5/cyfitter_cfg.c **** 			{(void CYFAR *)(CYDEV_UCFG_DSI12_BASE), 512u},
 301:.\Generated_Source\PSoC5/cyfitter_cfg.c **** 			{(void CYFAR *)(CYREG_BCTL0_MDCLK_EN), 32u},
 302:.\Generated_Source\PSoC5/cyfitter_cfg.c **** 		};
 303:.\Generated_Source\PSoC5/cyfitter_cfg.c **** 
 304:.\Generated_Source\PSoC5/cyfitter_cfg.c **** 		uint8 CYDATA i;
 305:.\Generated_Source\PSoC5/cyfitter_cfg.c **** 
 306:.\Generated_Source\PSoC5/cyfitter_cfg.c **** 		/* Zero out critical memory blocks before beginning configuration */
 307:.\Generated_Source\PSoC5/cyfitter_cfg.c **** 		for (i = 0u; i < (sizeof(cfg_memset_list)/sizeof(cfg_memset_list[0])); i++)
 340              		.loc 1 307 0
 341 000e 0024     		movs	r4, #0
 342 0010 0CE0     		b	.L24
 343              	.LVL21:
 344              	.L25:
 345              	.LBB3:
 308:.\Generated_Source\PSoC5/cyfitter_cfg.c **** 		{
 309:.\Generated_Source\PSoC5/cyfitter_cfg.c **** 			const cfg_memset_t CYCODE * CYDATA ms = &cfg_memset_list[i];
 310:.\Generated_Source\PSoC5/cyfitter_cfg.c **** 			CYMEMZERO(ms->address, (size_t)(uint32)(ms->size));
 346              		.loc 1 310 0 discriminator 3
 347 0012 2449     		ldr	r1, .L27+4
 348 0014 6300     		lsls	r3, r4, #1
ARM GAS  C:\Users\cuskrawn\AppData\Local\Temp\ccK1b1h0.s 			page 13


 349 0016 1A19     		adds	r2, r3, r4
 350 0018 5200     		lsls	r2, r2, #1
 351 001a 0A44     		add	r2, r2, r1
 352 001c 2344     		add	r3, r3, r4
 353 001e 5B00     		lsls	r3, r3, #1
 354 0020 C858     		ldr	r0, [r1, r3]	@ unaligned
 355 0022 9188     		ldrh	r1, [r2, #4]
 356 0024 FFF7FEFF 		bl	CYMEMZERO
 357              	.LVL22:
 358              	.LBE3:
 307:.\Generated_Source\PSoC5/cyfitter_cfg.c **** 		{
 359              		.loc 1 307 0 discriminator 3
 360 0028 0134     		adds	r4, r4, #1
 361              	.LVL23:
 362 002a E4B2     		uxtb	r4, r4
 363              	.LVL24:
 364              	.L24:
 307:.\Generated_Source\PSoC5/cyfitter_cfg.c **** 		{
 365              		.loc 1 307 0 is_stmt 0 discriminator 1
 366 002c 082C     		cmp	r4, #8
 367 002e F0D9     		bls	.L25
 311:.\Generated_Source\PSoC5/cyfitter_cfg.c **** 		}
 312:.\Generated_Source\PSoC5/cyfitter_cfg.c **** 
 313:.\Generated_Source\PSoC5/cyfitter_cfg.c **** 		/* Enable digital routing */
 314:.\Generated_Source\PSoC5/cyfitter_cfg.c **** 		CY_SET_XTND_REG8((void CYFAR *)CYREG_BCTL0_BANK_CTL, CY_GET_XTND_REG8((void CYFAR *)CYREG_BCTL0_B
 368              		.loc 1 314 0 is_stmt 1
 369 0030 1D4A     		ldr	r2, .L27+8
 370 0032 1378     		ldrb	r3, [r2]	@ zero_extendqisi2
 371 0034 43F00203 		orr	r3, r3, #2
 372 0038 1370     		strb	r3, [r2]
 315:.\Generated_Source\PSoC5/cyfitter_cfg.c **** 		CY_SET_XTND_REG8((void CYFAR *)CYREG_BCTL1_BANK_CTL, CY_GET_XTND_REG8((void CYFAR *)CYREG_BCTL1_B
 373              		.loc 1 315 0
 374 003a 1032     		adds	r2, r2, #16
 375 003c 1378     		ldrb	r3, [r2]	@ zero_extendqisi2
 376 003e 43F00203 		orr	r3, r3, #2
 377 0042 1370     		strb	r3, [r2]
 316:.\Generated_Source\PSoC5/cyfitter_cfg.c **** 
 317:.\Generated_Source\PSoC5/cyfitter_cfg.c **** 		/* Enable UDB array */
 318:.\Generated_Source\PSoC5/cyfitter_cfg.c **** 		CY_SET_XTND_REG8((void CYFAR *)CYREG_PM_ACT_CFG0, CY_GET_XTND_REG8((void CYFAR *)CYREG_PM_ACT_CFG
 378              		.loc 1 318 0
 379 0044 194C     		ldr	r4, .L27+12
 380              	.LVL25:
 381 0046 2378     		ldrb	r3, [r4]	@ zero_extendqisi2
 382 0048 43F04003 		orr	r3, r3, #64
 383 004c 2370     		strb	r3, [r4]
 319:.\Generated_Source\PSoC5/cyfitter_cfg.c **** 		CY_SET_XTND_REG8((void CYFAR *)CYREG_PM_AVAIL_CR2, CY_GET_XTND_REG8((void CYFAR *)CYREG_PM_AVAIL_
 384              		.loc 1 319 0
 385 004e A2F58632 		sub	r2, r2, #68608
 386 0052 513A     		subs	r2, r2, #81
 387 0054 1378     		ldrb	r3, [r2]	@ zero_extendqisi2
 388 0056 43F01003 		orr	r3, r3, #16
 389 005a 1370     		strb	r3, [r2]
 390              	.LBE2:
 320:.\Generated_Source\PSoC5/cyfitter_cfg.c **** 	}
 321:.\Generated_Source\PSoC5/cyfitter_cfg.c **** 
 322:.\Generated_Source\PSoC5/cyfitter_cfg.c **** 
 323:.\Generated_Source\PSoC5/cyfitter_cfg.c **** 	/* Perform second pass device configuration. These items must be configured in specific order afte
ARM GAS  C:\Users\cuskrawn\AppData\Local\Temp\ccK1b1h0.s 			page 14


 324:.\Generated_Source\PSoC5/cyfitter_cfg.c **** 	CYCONFIGCPY((void CYFAR *)(CYREG_PRT0_DM0), (const void CYFAR *)(BS_IOPINS0_0_VAL), 8u);
 391              		.loc 1 324 0
 392 005c 1448     		ldr	r0, .L27+16
 393 005e 4FF09041 		mov	r1, #1207959552
 394 0062 0822     		movs	r2, #8
 395 0064 FFF7FEFF 		bl	CYCONFIGCPY
 396              	.LVL26:
 325:.\Generated_Source\PSoC5/cyfitter_cfg.c **** 	CYCONFIGCPY((void CYFAR *)(CYREG_PRT3_DM0), (const void CYFAR *)(BS_IOPINS0_3_VAL), 8u);
 397              		.loc 1 325 0
 398 0068 1248     		ldr	r0, .L27+20
 399 006a 1349     		ldr	r1, .L27+24
 400 006c 0822     		movs	r2, #8
 401 006e FFF7FEFF 		bl	CYCONFIGCPY
 402              	.LVL27:
 326:.\Generated_Source\PSoC5/cyfitter_cfg.c **** 	/* Switch Boost to the precision bandgap reference from its internal reference */
 327:.\Generated_Source\PSoC5/cyfitter_cfg.c **** 	CY_SET_REG8((void CYXDATA *)CYREG_BOOST_CR2, (CY_GET_REG8((void CYXDATA *)CYREG_BOOST_CR2) | 0x08u
 403              		.loc 1 327 0
 404 0072 124A     		ldr	r2, .L27+28
 405 0074 1378     		ldrb	r3, [r2]	@ zero_extendqisi2
 406 0076 43F00803 		orr	r3, r3, #8
 407 007a 1370     		strb	r3, [r2]
 328:.\Generated_Source\PSoC5/cyfitter_cfg.c **** 
 329:.\Generated_Source\PSoC5/cyfitter_cfg.c **** 	/* Set Flash Cycles based on max possible frequency in case a glitch occurs during ClockSetup(). *
 330:.\Generated_Source\PSoC5/cyfitter_cfg.c **** 	CY_SET_XTND_REG8((void CYFAR *)(CYREG_CACHE_CC_CTL), (((CYDEV_INSTRUCT_CACHE_ENABLED) != 0) ? 0x01
 408              		.loc 1 330 0
 409 007c 104E     		ldr	r6, .L27+32
 410 007e 0125     		movs	r5, #1
 411 0080 3570     		strb	r5, [r6]
 331:.\Generated_Source\PSoC5/cyfitter_cfg.c **** 	/* Setup clocks based on selections from Clock DWR */
 332:.\Generated_Source\PSoC5/cyfitter_cfg.c **** 	ClockSetup();
 412              		.loc 1 332 0
 413 0082 FFF7FEFF 		bl	ClockSetup
 414              	.LVL28:
 333:.\Generated_Source\PSoC5/cyfitter_cfg.c **** 	/* Set Flash Cycles based on newly configured 24.00MHz Bus Clock. */
 334:.\Generated_Source\PSoC5/cyfitter_cfg.c **** 	CY_SET_XTND_REG8((void CYFAR *)(CYREG_CACHE_CC_CTL), (((CYDEV_INSTRUCT_CACHE_ENABLED) != 0) ? 0x81
 415              		.loc 1 334 0
 416 0086 8123     		movs	r3, #129
 417 0088 3370     		strb	r3, [r6]
 335:.\Generated_Source\PSoC5/cyfitter_cfg.c **** 	CY_SET_XTND_REG8((void CYFAR *)(CYREG_PANTHER_WAITPIPE), 0x01u);
 418              		.loc 1 335 0
 419 008a 0E4B     		ldr	r3, .L27+36
 420 008c 1D70     		strb	r5, [r3]
 336:.\Generated_Source\PSoC5/cyfitter_cfg.c **** 
 337:.\Generated_Source\PSoC5/cyfitter_cfg.c **** 	/* Perform basic analog initialization to defaults */
 338:.\Generated_Source\PSoC5/cyfitter_cfg.c **** 	AnalogSetDefault();
 421              		.loc 1 338 0
 422 008e FFF7FEFF 		bl	AnalogSetDefault
 423              	.LVL29:
 339:.\Generated_Source\PSoC5/cyfitter_cfg.c **** 
 340:.\Generated_Source\PSoC5/cyfitter_cfg.c **** 	/* Configure alternate active mode */
 341:.\Generated_Source\PSoC5/cyfitter_cfg.c **** 	CYCONFIGCPY((void CYFAR *)CYDEV_PM_STBY_BASE, (const void CYFAR *)CYDEV_PM_ACT_BASE, 14u);
 424              		.loc 1 341 0
 425 0092 0D48     		ldr	r0, .L27+40
 426 0094 2146     		mov	r1, r4
 427 0096 0E22     		movs	r2, #14
 428 0098 FFF7FEFF 		bl	CYCONFIGCPY
 429              	.LVL30:
ARM GAS  C:\Users\cuskrawn\AppData\Local\Temp\ccK1b1h0.s 			page 15


 430 009c 70BD     		pop	{r4, r5, r6, pc}
 431              	.L28:
 432 009e 00BF     		.align	2
 433              	.L27:
 434 00a0 E8460040 		.word	1073759976
 435 00a4 00000000 		.word	.LANCHOR0
 436 00a8 03500140 		.word	1073827843
 437 00ac A0430040 		.word	1073759136
 438 00b0 02510040 		.word	1073762562
 439 00b4 32510040 		.word	1073762610
 440 00b8 08000048 		.word	1207959560
 441 00bc 22430040 		.word	1073759010
 442 00c0 00480040 		.word	1073760256
 443 00c4 04000840 		.word	1074266116
 444 00c8 B0430040 		.word	1073759152
 445              		.cfi_endproc
 446              	.LFE7:
 447              		.size	cyfitter_cfg, .-cyfitter_cfg
 448              		.section	.rodata
 449              		.align	2
 450              		.set	.LANCHOR0,. + 0
 451              		.type	cfg_memset_list.4859, %object
 452              		.size	cfg_memset_list.4859, 54
 453              	cfg_memset_list.4859:
 454 0000 10510040 		.word	1073762576
 455 0004 2000     		.short	32
 456 0006 40510040 		.4byte	1073762624
 457 000a 3000     		.short	48
 458 000c C0510040 		.word	1073762752
 459 0010 1000     		.short	16
 460 0012 F0510040 		.4byte	1073762800
 461 0016 1000     		.short	16
 462 0018 00000140 		.word	1073807360
 463 001c 0010     		.short	4096
 464 001e 00140140 		.4byte	1073812480
 465 0022 0008     		.short	2048
 466 0024 00400140 		.word	1073823744
 467 0028 000A     		.short	2560
 468 002a 004C0140 		.4byte	1073826816
 469 002e 0002     		.short	512
 470 0030 00500140 		.word	1073827840
 471 0034 2000     		.short	32
 472 0036 0000     		.text
 473              	.Letext0:
 474              		.file 2 "d:\\program files (x86)\\cypress\\psoc creator\\3.3\\psoc creator\\import\\gnu\\arm\\4.9.
 475              		.file 3 ".\\Generated_Source\\PSoC5\\cytypes.h"
 476              		.file 4 ".\\Generated_Source\\PSoC5\\CyLib.h"
 477              		.section	.debug_info,"",%progbits
 478              	.Ldebug_info0:
 479 0000 CE030000 		.4byte	0x3ce
 480 0004 0400     		.2byte	0x4
 481 0006 00000000 		.4byte	.Ldebug_abbrev0
 482 000a 04       		.byte	0x4
 483 000b 01       		.uleb128 0x1
 484 000c 52010000 		.4byte	.LASF39
 485 0010 01       		.byte	0x1
 486 0011 41020000 		.4byte	.LASF40
ARM GAS  C:\Users\cuskrawn\AppData\Local\Temp\ccK1b1h0.s 			page 16


 487 0015 6A000000 		.4byte	.LASF41
 488 0019 00000000 		.4byte	.Ldebug_ranges0+0
 489 001d 00000000 		.4byte	0
 490 0021 00000000 		.4byte	.Ldebug_line0
 491 0025 02       		.uleb128 0x2
 492 0026 04       		.byte	0x4
 493 0027 05       		.byte	0x5
 494 0028 696E7400 		.ascii	"int\000"
 495 002c 03       		.uleb128 0x3
 496 002d 14000000 		.4byte	.LASF11
 497 0031 02       		.byte	0x2
 498 0032 D4       		.byte	0xd4
 499 0033 37000000 		.4byte	0x37
 500 0037 04       		.uleb128 0x4
 501 0038 04       		.byte	0x4
 502 0039 07       		.byte	0x7
 503 003a E0010000 		.4byte	.LASF0
 504 003e 04       		.uleb128 0x4
 505 003f 01       		.byte	0x1
 506 0040 06       		.byte	0x6
 507 0041 91020000 		.4byte	.LASF1
 508 0045 04       		.uleb128 0x4
 509 0046 01       		.byte	0x1
 510 0047 08       		.byte	0x8
 511 0048 11010000 		.4byte	.LASF2
 512 004c 04       		.uleb128 0x4
 513 004d 02       		.byte	0x2
 514 004e 05       		.byte	0x5
 515 004f 37020000 		.4byte	.LASF3
 516 0053 04       		.uleb128 0x4
 517 0054 02       		.byte	0x2
 518 0055 07       		.byte	0x7
 519 0056 4F000000 		.4byte	.LASF4
 520 005a 04       		.uleb128 0x4
 521 005b 04       		.byte	0x4
 522 005c 05       		.byte	0x5
 523 005d 71020000 		.4byte	.LASF5
 524 0061 04       		.uleb128 0x4
 525 0062 04       		.byte	0x4
 526 0063 07       		.byte	0x7
 527 0064 D9000000 		.4byte	.LASF6
 528 0068 04       		.uleb128 0x4
 529 0069 08       		.byte	0x8
 530 006a 05       		.byte	0x5
 531 006b 22020000 		.4byte	.LASF7
 532 006f 04       		.uleb128 0x4
 533 0070 08       		.byte	0x8
 534 0071 07       		.byte	0x7
 535 0072 F5010000 		.4byte	.LASF8
 536 0076 04       		.uleb128 0x4
 537 0077 04       		.byte	0x4
 538 0078 07       		.byte	0x7
 539 0079 19020000 		.4byte	.LASF9
 540 007d 05       		.uleb128 0x5
 541 007e 04       		.byte	0x4
 542 007f 04       		.uleb128 0x4
 543 0080 01       		.byte	0x1
ARM GAS  C:\Users\cuskrawn\AppData\Local\Temp\ccK1b1h0.s 			page 17


 544 0081 08       		.byte	0x8
 545 0082 7A020000 		.4byte	.LASF10
 546 0086 03       		.uleb128 0x3
 547 0087 EB000000 		.4byte	.LASF12
 548 008b 03       		.byte	0x3
 549 008c C2       		.byte	0xc2
 550 008d 45000000 		.4byte	0x45
 551 0091 03       		.uleb128 0x3
 552 0092 3A010000 		.4byte	.LASF13
 553 0096 03       		.byte	0x3
 554 0097 C3       		.byte	0xc3
 555 0098 53000000 		.4byte	0x53
 556 009c 03       		.uleb128 0x3
 557 009d 4B010000 		.4byte	.LASF14
 558 00a1 03       		.byte	0x3
 559 00a2 C4       		.byte	0xc4
 560 00a3 61000000 		.4byte	0x61
 561 00a7 04       		.uleb128 0x4
 562 00a8 04       		.byte	0x4
 563 00a9 04       		.byte	0x4
 564 00aa B0000000 		.4byte	.LASF15
 565 00ae 04       		.uleb128 0x4
 566 00af 08       		.byte	0x8
 567 00b0 04       		.byte	0x4
 568 00b1 26010000 		.4byte	.LASF16
 569 00b5 06       		.uleb128 0x6
 570 00b6 D4000000 		.4byte	.LASF17
 571 00ba 03       		.byte	0x3
 572 00bb 6C01     		.2byte	0x16c
 573 00bd C1000000 		.4byte	0xc1
 574 00c1 07       		.uleb128 0x7
 575 00c2 86000000 		.4byte	0x86
 576 00c6 06       		.uleb128 0x6
 577 00c7 00000000 		.4byte	.LASF18
 578 00cb 03       		.byte	0x3
 579 00cc 6D01     		.2byte	0x16d
 580 00ce D2000000 		.4byte	0xd2
 581 00d2 07       		.uleb128 0x7
 582 00d3 91000000 		.4byte	0x91
 583 00d7 08       		.uleb128 0x8
 584 00d8 B6000000 		.4byte	.LASF19
 585 00dc 01       		.byte	0x1
 586 00dd 6A       		.byte	0x6a
 587 00de 00000000 		.4byte	.LFB3
 588 00e2 02000000 		.4byte	.LFE3-.LFB3
 589 00e6 01       		.uleb128 0x1
 590 00e7 9C       		.byte	0x9c
 591 00e8 FA000000 		.4byte	0xfa
 592 00ec 09       		.uleb128 0x9
 593 00ed 41010000 		.4byte	.LASF22
 594 00f1 01       		.byte	0x1
 595 00f2 6A       		.byte	0x6a
 596 00f3 86000000 		.4byte	0x86
 597 00f7 01       		.uleb128 0x1
 598 00f8 50       		.byte	0x50
 599 00f9 00       		.byte	0
 600 00fa 08       		.uleb128 0x8
ARM GAS  C:\Users\cuskrawn\AppData\Local\Temp\ccK1b1h0.s 			page 18


 601 00fb 1B000000 		.4byte	.LASF20
 602 00ff 01       		.byte	0x1
 603 0100 D0       		.byte	0xd0
 604 0101 00000000 		.4byte	.LFB5
 605 0105 60000000 		.4byte	.LFE5-.LFB5
 606 0109 01       		.uleb128 0x1
 607 010a 9C       		.byte	0x9c
 608 010b 1F010000 		.4byte	0x11f
 609 010f 0A       		.uleb128 0xa
 610 0110 7F020000 		.4byte	.LASF24
 611 0114 01       		.byte	0x1
 612 0115 D2       		.byte	0xd2
 613 0116 86000000 		.4byte	0x86
 614 011a 00000000 		.4byte	.LLST0
 615 011e 00       		.byte	0
 616 011f 08       		.uleb128 0x8
 617 0120 F1000000 		.4byte	.LASF21
 618 0124 01       		.byte	0x1
 619 0125 3C       		.byte	0x3c
 620 0126 00000000 		.4byte	.LFB0
 621 012a 0C000000 		.4byte	.LFE0-.LFB0
 622 012e 01       		.uleb128 0x1
 623 012f 9C       		.byte	0x9c
 624 0130 6C010000 		.4byte	0x16c
 625 0134 0B       		.uleb128 0xb
 626 0135 7300     		.ascii	"s\000"
 627 0137 01       		.byte	0x1
 628 0138 3C       		.byte	0x3c
 629 0139 7D000000 		.4byte	0x7d
 630 013d 13000000 		.4byte	.LLST1
 631 0141 0B       		.uleb128 0xb
 632 0142 6E00     		.ascii	"n\000"
 633 0144 01       		.byte	0x1
 634 0145 3C       		.byte	0x3c
 635 0146 2C000000 		.4byte	0x2c
 636 014a 34000000 		.4byte	.LLST2
 637 014e 0C       		.uleb128 0xc
 638 014f 0A000000 		.4byte	.LVL5
 639 0153 8A030000 		.4byte	0x38a
 640 0157 0D       		.uleb128 0xd
 641 0158 01       		.uleb128 0x1
 642 0159 52       		.byte	0x52
 643 015a 03       		.uleb128 0x3
 644 015b F3       		.byte	0xf3
 645 015c 01       		.uleb128 0x1
 646 015d 51       		.byte	0x51
 647 015e 0D       		.uleb128 0xd
 648 015f 01       		.uleb128 0x1
 649 0160 51       		.byte	0x51
 650 0161 01       		.uleb128 0x1
 651 0162 30       		.byte	0x30
 652 0163 0D       		.uleb128 0xd
 653 0164 01       		.uleb128 0x1
 654 0165 50       		.byte	0x50
 655 0166 03       		.uleb128 0x3
 656 0167 F3       		.byte	0xf3
 657 0168 01       		.uleb128 0x1
ARM GAS  C:\Users\cuskrawn\AppData\Local\Temp\ccK1b1h0.s 			page 19


 658 0169 50       		.byte	0x50
 659 016a 00       		.byte	0
 660 016b 00       		.byte	0
 661 016c 08       		.uleb128 0x8
 662 016d 44000000 		.4byte	.LASF23
 663 0171 01       		.byte	0x1
 664 0172 95       		.byte	0x95
 665 0173 00000000 		.4byte	.LFB4
 666 0177 9C000000 		.4byte	.LFE4-.LFB4
 667 017b 01       		.uleb128 0x1
 668 017c 9C       		.byte	0x9c
 669 017d C4010000 		.4byte	0x1c4
 670 0181 0A       		.uleb128 0xa
 671 0182 2C000000 		.4byte	.LASF25
 672 0186 01       		.byte	0x1
 673 0187 97       		.byte	0x97
 674 0188 9C000000 		.4byte	0x9c
 675 018c 60000000 		.4byte	.LLST3
 676 0190 0A       		.uleb128 0xa
 677 0191 62000000 		.4byte	.LASF26
 678 0195 01       		.byte	0x1
 679 0196 98       		.byte	0x98
 680 0197 86000000 		.4byte	0x86
 681 019b 7F000000 		.4byte	.LLST4
 682 019f 0E       		.uleb128 0xe
 683 01a0 4C000000 		.4byte	.LVL10
 684 01a4 A7030000 		.4byte	0x3a7
 685 01a8 B4010000 		.4byte	0x1b4
 686 01ac 0D       		.uleb128 0xd
 687 01ad 01       		.uleb128 0x1
 688 01ae 50       		.byte	0x50
 689 01af 03       		.uleb128 0x3
 690 01b0 0A       		.byte	0xa
 691 01b1 E001     		.2byte	0x1e0
 692 01b3 00       		.byte	0
 693 01b4 0C       		.uleb128 0xc
 694 01b5 5C000000 		.4byte	.LVL12
 695 01b9 D7000000 		.4byte	0xd7
 696 01bd 0D       		.uleb128 0xd
 697 01be 01       		.uleb128 0x1
 698 01bf 50       		.byte	0x50
 699 01c0 01       		.uleb128 0x1
 700 01c1 33       		.byte	0x33
 701 01c2 00       		.byte	0
 702 01c3 00       		.byte	0
 703 01c4 08       		.uleb128 0x8
 704 01c5 A6020000 		.4byte	.LASF27
 705 01c9 01       		.byte	0x1
 706 01ca 43       		.byte	0x43
 707 01cb 00000000 		.4byte	.LFB1
 708 01cf 08000000 		.4byte	.LFE1-.LFB1
 709 01d3 01       		.uleb128 0x1
 710 01d4 9C       		.byte	0x9c
 711 01d5 24020000 		.4byte	0x224
 712 01d9 0F       		.uleb128 0xf
 713 01da CA000000 		.4byte	.LASF28
 714 01de 01       		.byte	0x1
ARM GAS  C:\Users\cuskrawn\AppData\Local\Temp\ccK1b1h0.s 			page 20


 715 01df 43       		.byte	0x43
 716 01e0 7D000000 		.4byte	0x7d
 717 01e4 A9000000 		.4byte	.LLST5
 718 01e8 0B       		.uleb128 0xb
 719 01e9 73726300 		.ascii	"src\000"
 720 01ed 01       		.byte	0x1
 721 01ee 43       		.byte	0x43
 722 01ef 24020000 		.4byte	0x224
 723 01f3 CA000000 		.4byte	.LLST6
 724 01f7 0B       		.uleb128 0xb
 725 01f8 6E00     		.ascii	"n\000"
 726 01fa 01       		.byte	0x1
 727 01fb 43       		.byte	0x43
 728 01fc 2C000000 		.4byte	0x2c
 729 0200 EB000000 		.4byte	.LLST7
 730 0204 0C       		.uleb128 0xc
 731 0205 06000000 		.4byte	.LVL15
 732 0209 B8030000 		.4byte	0x3b8
 733 020d 0D       		.uleb128 0xd
 734 020e 01       		.uleb128 0x1
 735 020f 52       		.byte	0x52
 736 0210 03       		.uleb128 0x3
 737 0211 F3       		.byte	0xf3
 738 0212 01       		.uleb128 0x1
 739 0213 52       		.byte	0x52
 740 0214 0D       		.uleb128 0xd
 741 0215 01       		.uleb128 0x1
 742 0216 51       		.byte	0x51
 743 0217 03       		.uleb128 0x3
 744 0218 F3       		.byte	0xf3
 745 0219 01       		.uleb128 0x1
 746 021a 51       		.byte	0x51
 747 021b 0D       		.uleb128 0xd
 748 021c 01       		.uleb128 0x1
 749 021d 50       		.byte	0x50
 750 021e 03       		.uleb128 0x3
 751 021f F3       		.byte	0xf3
 752 0220 01       		.uleb128 0x1
 753 0221 50       		.byte	0x50
 754 0222 00       		.byte	0
 755 0223 00       		.byte	0
 756 0224 10       		.uleb128 0x10
 757 0225 04       		.byte	0x4
 758 0226 2A020000 		.4byte	0x22a
 759 022a 11       		.uleb128 0x11
 760 022b 12       		.uleb128 0x12
 761 022c FB000000 		.4byte	.LASF31
 762 0230 01       		.byte	0x1
 763 0231 F0       		.byte	0xf0
 764 0232 00000000 		.4byte	.LFB6
 765 0236 1C000000 		.4byte	.LFE6-.LFB6
 766 023a 01       		.uleb128 0x1
 767 023b 9C       		.byte	0x9c
 768 023c 5B020000 		.4byte	0x25b
 769 0240 09       		.uleb128 0x9
 770 0241 69020000 		.4byte	.LASF29
 771 0245 01       		.byte	0x1
ARM GAS  C:\Users\cuskrawn\AppData\Local\Temp\ccK1b1h0.s 			page 21


 772 0246 F0       		.byte	0xf0
 773 0247 86000000 		.4byte	0x86
 774 024b 01       		.uleb128 0x1
 775 024c 50       		.byte	0x50
 776 024d 13       		.uleb128 0x13
 777 024e 9D020000 		.4byte	.LASF30
 778 0252 01       		.byte	0x1
 779 0253 F2       		.byte	0xf2
 780 0254 86000000 		.4byte	0x86
 781 0258 01       		.uleb128 0x1
 782 0259 53       		.byte	0x53
 783 025a 00       		.byte	0
 784 025b 14       		.uleb128 0x14
 785 025c 2D010000 		.4byte	.LASF32
 786 0260 01       		.byte	0x1
 787 0261 1201     		.2byte	0x112
 788 0263 00000000 		.4byte	.LFB7
 789 0267 CC000000 		.4byte	.LFE7-.LFB7
 790 026b 01       		.uleb128 0x1
 791 026c 9C       		.byte	0x9c
 792 026d 8A030000 		.4byte	0x38a
 793 0271 15       		.uleb128 0x15
 794 0272 0E000000 		.4byte	.LBB2
 795 0276 4E000000 		.4byte	.LBE2-.LBB2
 796 027a 11030000 		.4byte	0x311
 797 027e 16       		.uleb128 0x16
 798 027f 06       		.byte	0x6
 799 0280 01       		.byte	0x1
 800 0281 1E01     		.2byte	0x11e
 801 0283 A2020000 		.4byte	0x2a2
 802 0287 17       		.uleb128 0x17
 803 0288 ED010000 		.4byte	.LASF33
 804 028c 01       		.byte	0x1
 805 028d 1F01     		.2byte	0x11f
 806 028f 7D000000 		.4byte	0x7d
 807 0293 00       		.byte	0
 808 0294 17       		.uleb128 0x17
 809 0295 CF000000 		.4byte	.LASF34
 810 0299 01       		.byte	0x1
 811 029a 2001     		.2byte	0x120
 812 029c 91000000 		.4byte	0x91
 813 02a0 04       		.byte	0x4
 814 02a1 00       		.byte	0
 815 02a2 06       		.uleb128 0x6
 816 02a3 0C020000 		.4byte	.LASF35
 817 02a7 01       		.byte	0x1
 818 02a8 2101     		.2byte	0x121
 819 02aa 7E020000 		.4byte	0x27e
 820 02ae 18       		.uleb128 0x18
 821 02af A2020000 		.4byte	0x2a2
 822 02b3 BE020000 		.4byte	0x2be
 823 02b7 19       		.uleb128 0x19
 824 02b8 76000000 		.4byte	0x76
 825 02bc 08       		.byte	0x8
 826 02bd 00       		.byte	0
 827 02be 1A       		.uleb128 0x1a
 828 02bf 34000000 		.4byte	.LASF36
ARM GAS  C:\Users\cuskrawn\AppData\Local\Temp\ccK1b1h0.s 			page 22


 829 02c3 01       		.byte	0x1
 830 02c4 2301     		.2byte	0x123
 831 02c6 D0020000 		.4byte	0x2d0
 832 02ca 05       		.uleb128 0x5
 833 02cb 03       		.byte	0x3
 834 02cc 00000000 		.4byte	cfg_memset_list.4859
 835 02d0 1B       		.uleb128 0x1b
 836 02d1 AE020000 		.4byte	0x2ae
 837 02d5 1C       		.uleb128 0x1c
 838 02d6 6900     		.ascii	"i\000"
 839 02d8 01       		.byte	0x1
 840 02d9 3001     		.2byte	0x130
 841 02db 86000000 		.4byte	0x86
 842 02df 0C010000 		.4byte	.LLST8
 843 02e3 1D       		.uleb128 0x1d
 844 02e4 12000000 		.4byte	.LBB3
 845 02e8 16000000 		.4byte	.LBE3-.LBB3
 846 02ec 1C       		.uleb128 0x1c
 847 02ed 6D7300   		.ascii	"ms\000"
 848 02f0 01       		.byte	0x1
 849 02f1 3501     		.2byte	0x135
 850 02f3 FB020000 		.4byte	0x2fb
 851 02f7 36010000 		.4byte	.LLST9
 852 02fb 10       		.uleb128 0x10
 853 02fc 04       		.byte	0x4
 854 02fd 01030000 		.4byte	0x301
 855 0301 1B       		.uleb128 0x1b
 856 0302 A2020000 		.4byte	0x2a2
 857 0306 1E       		.uleb128 0x1e
 858 0307 28000000 		.4byte	.LVL22
 859 030b 1F010000 		.4byte	0x11f
 860 030f 00       		.byte	0
 861 0310 00       		.byte	0
 862 0311 0E       		.uleb128 0xe
 863 0312 68000000 		.4byte	.LVL26
 864 0316 C4010000 		.4byte	0x1c4
 865 031a 34030000 		.4byte	0x334
 866 031e 0D       		.uleb128 0xd
 867 031f 01       		.uleb128 0x1
 868 0320 52       		.byte	0x52
 869 0321 01       		.uleb128 0x1
 870 0322 38       		.byte	0x38
 871 0323 0D       		.uleb128 0xd
 872 0324 01       		.uleb128 0x1
 873 0325 51       		.byte	0x51
 874 0326 03       		.uleb128 0x3
 875 0327 42       		.byte	0x42
 876 0328 4A       		.byte	0x4a
 877 0329 24       		.byte	0x24
 878 032a 0D       		.uleb128 0xd
 879 032b 01       		.uleb128 0x1
 880 032c 50       		.byte	0x50
 881 032d 05       		.uleb128 0x5
 882 032e 0C       		.byte	0xc
 883 032f 02510040 		.4byte	0x40005102
 884 0333 00       		.byte	0
 885 0334 0E       		.uleb128 0xe
ARM GAS  C:\Users\cuskrawn\AppData\Local\Temp\ccK1b1h0.s 			page 23


 886 0335 72000000 		.4byte	.LVL27
 887 0339 C4010000 		.4byte	0x1c4
 888 033d 59030000 		.4byte	0x359
 889 0341 0D       		.uleb128 0xd
 890 0342 01       		.uleb128 0x1
 891 0343 52       		.byte	0x52
 892 0344 01       		.uleb128 0x1
 893 0345 38       		.byte	0x38
 894 0346 0D       		.uleb128 0xd
 895 0347 01       		.uleb128 0x1
 896 0348 51       		.byte	0x51
 897 0349 05       		.uleb128 0x5
 898 034a 0C       		.byte	0xc
 899 034b 08000048 		.4byte	0x48000008
 900 034f 0D       		.uleb128 0xd
 901 0350 01       		.uleb128 0x1
 902 0351 50       		.byte	0x50
 903 0352 05       		.uleb128 0x5
 904 0353 0C       		.byte	0xc
 905 0354 32510040 		.4byte	0x40005132
 906 0358 00       		.byte	0
 907 0359 1E       		.uleb128 0x1e
 908 035a 86000000 		.4byte	.LVL28
 909 035e 6C010000 		.4byte	0x16c
 910 0362 1E       		.uleb128 0x1e
 911 0363 92000000 		.4byte	.LVL29
 912 0367 FA000000 		.4byte	0xfa
 913 036b 0C       		.uleb128 0xc
 914 036c 9C000000 		.4byte	.LVL30
 915 0370 C4010000 		.4byte	0x1c4
 916 0374 0D       		.uleb128 0xd
 917 0375 01       		.uleb128 0x1
 918 0376 52       		.byte	0x52
 919 0377 01       		.uleb128 0x1
 920 0378 3E       		.byte	0x3e
 921 0379 0D       		.uleb128 0xd
 922 037a 01       		.uleb128 0x1
 923 037b 51       		.byte	0x51
 924 037c 02       		.uleb128 0x2
 925 037d 74       		.byte	0x74
 926 037e 00       		.sleb128 0
 927 037f 0D       		.uleb128 0xd
 928 0380 01       		.uleb128 0x1
 929 0381 50       		.byte	0x50
 930 0382 05       		.uleb128 0x5
 931 0383 0C       		.byte	0xc
 932 0384 B0430040 		.4byte	0x400043b0
 933 0388 00       		.byte	0
 934 0389 00       		.byte	0
 935 038a 1F       		.uleb128 0x1f
 936 038b 1F010000 		.4byte	.LASF37
 937 038f 7D000000 		.4byte	0x7d
 938 0393 A7030000 		.4byte	0x3a7
 939 0397 20       		.uleb128 0x20
 940 0398 7D000000 		.4byte	0x7d
 941 039c 20       		.uleb128 0x20
 942 039d 25000000 		.4byte	0x25
ARM GAS  C:\Users\cuskrawn\AppData\Local\Temp\ccK1b1h0.s 			page 24


 943 03a1 20       		.uleb128 0x20
 944 03a2 76000000 		.4byte	0x76
 945 03a6 00       		.byte	0
 946 03a7 21       		.uleb128 0x21
 947 03a8 06000000 		.4byte	.LASF38
 948 03ac 04       		.byte	0x4
 949 03ad 7A       		.byte	0x7a
 950 03ae B8030000 		.4byte	0x3b8
 951 03b2 20       		.uleb128 0x20
 952 03b3 9C000000 		.4byte	0x9c
 953 03b7 00       		.byte	0
 954 03b8 22       		.uleb128 0x22
 955 03b9 30020000 		.4byte	.LASF42
 956 03bd 7D000000 		.4byte	0x7d
 957 03c1 20       		.uleb128 0x20
 958 03c2 7D000000 		.4byte	0x7d
 959 03c6 20       		.uleb128 0x20
 960 03c7 24020000 		.4byte	0x224
 961 03cb 20       		.uleb128 0x20
 962 03cc 76000000 		.4byte	0x76
 963 03d0 00       		.byte	0
 964 03d1 00       		.byte	0
 965              		.section	.debug_abbrev,"",%progbits
 966              	.Ldebug_abbrev0:
 967 0000 01       		.uleb128 0x1
 968 0001 11       		.uleb128 0x11
 969 0002 01       		.byte	0x1
 970 0003 25       		.uleb128 0x25
 971 0004 0E       		.uleb128 0xe
 972 0005 13       		.uleb128 0x13
 973 0006 0B       		.uleb128 0xb
 974 0007 03       		.uleb128 0x3
 975 0008 0E       		.uleb128 0xe
 976 0009 1B       		.uleb128 0x1b
 977 000a 0E       		.uleb128 0xe
 978 000b 55       		.uleb128 0x55
 979 000c 17       		.uleb128 0x17
 980 000d 11       		.uleb128 0x11
 981 000e 01       		.uleb128 0x1
 982 000f 10       		.uleb128 0x10
 983 0010 17       		.uleb128 0x17
 984 0011 00       		.byte	0
 985 0012 00       		.byte	0
 986 0013 02       		.uleb128 0x2
 987 0014 24       		.uleb128 0x24
 988 0015 00       		.byte	0
 989 0016 0B       		.uleb128 0xb
 990 0017 0B       		.uleb128 0xb
 991 0018 3E       		.uleb128 0x3e
 992 0019 0B       		.uleb128 0xb
 993 001a 03       		.uleb128 0x3
 994 001b 08       		.uleb128 0x8
 995 001c 00       		.byte	0
 996 001d 00       		.byte	0
 997 001e 03       		.uleb128 0x3
 998 001f 16       		.uleb128 0x16
 999 0020 00       		.byte	0
ARM GAS  C:\Users\cuskrawn\AppData\Local\Temp\ccK1b1h0.s 			page 25


 1000 0021 03       		.uleb128 0x3
 1001 0022 0E       		.uleb128 0xe
 1002 0023 3A       		.uleb128 0x3a
 1003 0024 0B       		.uleb128 0xb
 1004 0025 3B       		.uleb128 0x3b
 1005 0026 0B       		.uleb128 0xb
 1006 0027 49       		.uleb128 0x49
 1007 0028 13       		.uleb128 0x13
 1008 0029 00       		.byte	0
 1009 002a 00       		.byte	0
 1010 002b 04       		.uleb128 0x4
 1011 002c 24       		.uleb128 0x24
 1012 002d 00       		.byte	0
 1013 002e 0B       		.uleb128 0xb
 1014 002f 0B       		.uleb128 0xb
 1015 0030 3E       		.uleb128 0x3e
 1016 0031 0B       		.uleb128 0xb
 1017 0032 03       		.uleb128 0x3
 1018 0033 0E       		.uleb128 0xe
 1019 0034 00       		.byte	0
 1020 0035 00       		.byte	0
 1021 0036 05       		.uleb128 0x5
 1022 0037 0F       		.uleb128 0xf
 1023 0038 00       		.byte	0
 1024 0039 0B       		.uleb128 0xb
 1025 003a 0B       		.uleb128 0xb
 1026 003b 00       		.byte	0
 1027 003c 00       		.byte	0
 1028 003d 06       		.uleb128 0x6
 1029 003e 16       		.uleb128 0x16
 1030 003f 00       		.byte	0
 1031 0040 03       		.uleb128 0x3
 1032 0041 0E       		.uleb128 0xe
 1033 0042 3A       		.uleb128 0x3a
 1034 0043 0B       		.uleb128 0xb
 1035 0044 3B       		.uleb128 0x3b
 1036 0045 05       		.uleb128 0x5
 1037 0046 49       		.uleb128 0x49
 1038 0047 13       		.uleb128 0x13
 1039 0048 00       		.byte	0
 1040 0049 00       		.byte	0
 1041 004a 07       		.uleb128 0x7
 1042 004b 35       		.uleb128 0x35
 1043 004c 00       		.byte	0
 1044 004d 49       		.uleb128 0x49
 1045 004e 13       		.uleb128 0x13
 1046 004f 00       		.byte	0
 1047 0050 00       		.byte	0
 1048 0051 08       		.uleb128 0x8
 1049 0052 2E       		.uleb128 0x2e
 1050 0053 01       		.byte	0x1
 1051 0054 03       		.uleb128 0x3
 1052 0055 0E       		.uleb128 0xe
 1053 0056 3A       		.uleb128 0x3a
 1054 0057 0B       		.uleb128 0xb
 1055 0058 3B       		.uleb128 0x3b
 1056 0059 0B       		.uleb128 0xb
ARM GAS  C:\Users\cuskrawn\AppData\Local\Temp\ccK1b1h0.s 			page 26


 1057 005a 27       		.uleb128 0x27
 1058 005b 19       		.uleb128 0x19
 1059 005c 11       		.uleb128 0x11
 1060 005d 01       		.uleb128 0x1
 1061 005e 12       		.uleb128 0x12
 1062 005f 06       		.uleb128 0x6
 1063 0060 40       		.uleb128 0x40
 1064 0061 18       		.uleb128 0x18
 1065 0062 9742     		.uleb128 0x2117
 1066 0064 19       		.uleb128 0x19
 1067 0065 01       		.uleb128 0x1
 1068 0066 13       		.uleb128 0x13
 1069 0067 00       		.byte	0
 1070 0068 00       		.byte	0
 1071 0069 09       		.uleb128 0x9
 1072 006a 05       		.uleb128 0x5
 1073 006b 00       		.byte	0
 1074 006c 03       		.uleb128 0x3
 1075 006d 0E       		.uleb128 0xe
 1076 006e 3A       		.uleb128 0x3a
 1077 006f 0B       		.uleb128 0xb
 1078 0070 3B       		.uleb128 0x3b
 1079 0071 0B       		.uleb128 0xb
 1080 0072 49       		.uleb128 0x49
 1081 0073 13       		.uleb128 0x13
 1082 0074 02       		.uleb128 0x2
 1083 0075 18       		.uleb128 0x18
 1084 0076 00       		.byte	0
 1085 0077 00       		.byte	0
 1086 0078 0A       		.uleb128 0xa
 1087 0079 34       		.uleb128 0x34
 1088 007a 00       		.byte	0
 1089 007b 03       		.uleb128 0x3
 1090 007c 0E       		.uleb128 0xe
 1091 007d 3A       		.uleb128 0x3a
 1092 007e 0B       		.uleb128 0xb
 1093 007f 3B       		.uleb128 0x3b
 1094 0080 0B       		.uleb128 0xb
 1095 0081 49       		.uleb128 0x49
 1096 0082 13       		.uleb128 0x13
 1097 0083 02       		.uleb128 0x2
 1098 0084 17       		.uleb128 0x17
 1099 0085 00       		.byte	0
 1100 0086 00       		.byte	0
 1101 0087 0B       		.uleb128 0xb
 1102 0088 05       		.uleb128 0x5
 1103 0089 00       		.byte	0
 1104 008a 03       		.uleb128 0x3
 1105 008b 08       		.uleb128 0x8
 1106 008c 3A       		.uleb128 0x3a
 1107 008d 0B       		.uleb128 0xb
 1108 008e 3B       		.uleb128 0x3b
 1109 008f 0B       		.uleb128 0xb
 1110 0090 49       		.uleb128 0x49
 1111 0091 13       		.uleb128 0x13
 1112 0092 02       		.uleb128 0x2
 1113 0093 17       		.uleb128 0x17
ARM GAS  C:\Users\cuskrawn\AppData\Local\Temp\ccK1b1h0.s 			page 27


 1114 0094 00       		.byte	0
 1115 0095 00       		.byte	0
 1116 0096 0C       		.uleb128 0xc
 1117 0097 898201   		.uleb128 0x4109
 1118 009a 01       		.byte	0x1
 1119 009b 11       		.uleb128 0x11
 1120 009c 01       		.uleb128 0x1
 1121 009d 31       		.uleb128 0x31
 1122 009e 13       		.uleb128 0x13
 1123 009f 00       		.byte	0
 1124 00a0 00       		.byte	0
 1125 00a1 0D       		.uleb128 0xd
 1126 00a2 8A8201   		.uleb128 0x410a
 1127 00a5 00       		.byte	0
 1128 00a6 02       		.uleb128 0x2
 1129 00a7 18       		.uleb128 0x18
 1130 00a8 9142     		.uleb128 0x2111
 1131 00aa 18       		.uleb128 0x18
 1132 00ab 00       		.byte	0
 1133 00ac 00       		.byte	0
 1134 00ad 0E       		.uleb128 0xe
 1135 00ae 898201   		.uleb128 0x4109
 1136 00b1 01       		.byte	0x1
 1137 00b2 11       		.uleb128 0x11
 1138 00b3 01       		.uleb128 0x1
 1139 00b4 31       		.uleb128 0x31
 1140 00b5 13       		.uleb128 0x13
 1141 00b6 01       		.uleb128 0x1
 1142 00b7 13       		.uleb128 0x13
 1143 00b8 00       		.byte	0
 1144 00b9 00       		.byte	0
 1145 00ba 0F       		.uleb128 0xf
 1146 00bb 05       		.uleb128 0x5
 1147 00bc 00       		.byte	0
 1148 00bd 03       		.uleb128 0x3
 1149 00be 0E       		.uleb128 0xe
 1150 00bf 3A       		.uleb128 0x3a
 1151 00c0 0B       		.uleb128 0xb
 1152 00c1 3B       		.uleb128 0x3b
 1153 00c2 0B       		.uleb128 0xb
 1154 00c3 49       		.uleb128 0x49
 1155 00c4 13       		.uleb128 0x13
 1156 00c5 02       		.uleb128 0x2
 1157 00c6 17       		.uleb128 0x17
 1158 00c7 00       		.byte	0
 1159 00c8 00       		.byte	0
 1160 00c9 10       		.uleb128 0x10
 1161 00ca 0F       		.uleb128 0xf
 1162 00cb 00       		.byte	0
 1163 00cc 0B       		.uleb128 0xb
 1164 00cd 0B       		.uleb128 0xb
 1165 00ce 49       		.uleb128 0x49
 1166 00cf 13       		.uleb128 0x13
 1167 00d0 00       		.byte	0
 1168 00d1 00       		.byte	0
 1169 00d2 11       		.uleb128 0x11
 1170 00d3 26       		.uleb128 0x26
ARM GAS  C:\Users\cuskrawn\AppData\Local\Temp\ccK1b1h0.s 			page 28


 1171 00d4 00       		.byte	0
 1172 00d5 00       		.byte	0
 1173 00d6 00       		.byte	0
 1174 00d7 12       		.uleb128 0x12
 1175 00d8 2E       		.uleb128 0x2e
 1176 00d9 01       		.byte	0x1
 1177 00da 3F       		.uleb128 0x3f
 1178 00db 19       		.uleb128 0x19
 1179 00dc 03       		.uleb128 0x3
 1180 00dd 0E       		.uleb128 0xe
 1181 00de 3A       		.uleb128 0x3a
 1182 00df 0B       		.uleb128 0xb
 1183 00e0 3B       		.uleb128 0x3b
 1184 00e1 0B       		.uleb128 0xb
 1185 00e2 27       		.uleb128 0x27
 1186 00e3 19       		.uleb128 0x19
 1187 00e4 11       		.uleb128 0x11
 1188 00e5 01       		.uleb128 0x1
 1189 00e6 12       		.uleb128 0x12
 1190 00e7 06       		.uleb128 0x6
 1191 00e8 40       		.uleb128 0x40
 1192 00e9 18       		.uleb128 0x18
 1193 00ea 9742     		.uleb128 0x2117
 1194 00ec 19       		.uleb128 0x19
 1195 00ed 01       		.uleb128 0x1
 1196 00ee 13       		.uleb128 0x13
 1197 00ef 00       		.byte	0
 1198 00f0 00       		.byte	0
 1199 00f1 13       		.uleb128 0x13
 1200 00f2 34       		.uleb128 0x34
 1201 00f3 00       		.byte	0
 1202 00f4 03       		.uleb128 0x3
 1203 00f5 0E       		.uleb128 0xe
 1204 00f6 3A       		.uleb128 0x3a
 1205 00f7 0B       		.uleb128 0xb
 1206 00f8 3B       		.uleb128 0x3b
 1207 00f9 0B       		.uleb128 0xb
 1208 00fa 49       		.uleb128 0x49
 1209 00fb 13       		.uleb128 0x13
 1210 00fc 02       		.uleb128 0x2
 1211 00fd 18       		.uleb128 0x18
 1212 00fe 00       		.byte	0
 1213 00ff 00       		.byte	0
 1214 0100 14       		.uleb128 0x14
 1215 0101 2E       		.uleb128 0x2e
 1216 0102 01       		.byte	0x1
 1217 0103 3F       		.uleb128 0x3f
 1218 0104 19       		.uleb128 0x19
 1219 0105 03       		.uleb128 0x3
 1220 0106 0E       		.uleb128 0xe
 1221 0107 3A       		.uleb128 0x3a
 1222 0108 0B       		.uleb128 0xb
 1223 0109 3B       		.uleb128 0x3b
 1224 010a 05       		.uleb128 0x5
 1225 010b 27       		.uleb128 0x27
 1226 010c 19       		.uleb128 0x19
 1227 010d 11       		.uleb128 0x11
ARM GAS  C:\Users\cuskrawn\AppData\Local\Temp\ccK1b1h0.s 			page 29


 1228 010e 01       		.uleb128 0x1
 1229 010f 12       		.uleb128 0x12
 1230 0110 06       		.uleb128 0x6
 1231 0111 40       		.uleb128 0x40
 1232 0112 18       		.uleb128 0x18
 1233 0113 9742     		.uleb128 0x2117
 1234 0115 19       		.uleb128 0x19
 1235 0116 01       		.uleb128 0x1
 1236 0117 13       		.uleb128 0x13
 1237 0118 00       		.byte	0
 1238 0119 00       		.byte	0
 1239 011a 15       		.uleb128 0x15
 1240 011b 0B       		.uleb128 0xb
 1241 011c 01       		.byte	0x1
 1242 011d 11       		.uleb128 0x11
 1243 011e 01       		.uleb128 0x1
 1244 011f 12       		.uleb128 0x12
 1245 0120 06       		.uleb128 0x6
 1246 0121 01       		.uleb128 0x1
 1247 0122 13       		.uleb128 0x13
 1248 0123 00       		.byte	0
 1249 0124 00       		.byte	0
 1250 0125 16       		.uleb128 0x16
 1251 0126 13       		.uleb128 0x13
 1252 0127 01       		.byte	0x1
 1253 0128 0B       		.uleb128 0xb
 1254 0129 0B       		.uleb128 0xb
 1255 012a 3A       		.uleb128 0x3a
 1256 012b 0B       		.uleb128 0xb
 1257 012c 3B       		.uleb128 0x3b
 1258 012d 05       		.uleb128 0x5
 1259 012e 01       		.uleb128 0x1
 1260 012f 13       		.uleb128 0x13
 1261 0130 00       		.byte	0
 1262 0131 00       		.byte	0
 1263 0132 17       		.uleb128 0x17
 1264 0133 0D       		.uleb128 0xd
 1265 0134 00       		.byte	0
 1266 0135 03       		.uleb128 0x3
 1267 0136 0E       		.uleb128 0xe
 1268 0137 3A       		.uleb128 0x3a
 1269 0138 0B       		.uleb128 0xb
 1270 0139 3B       		.uleb128 0x3b
 1271 013a 05       		.uleb128 0x5
 1272 013b 49       		.uleb128 0x49
 1273 013c 13       		.uleb128 0x13
 1274 013d 38       		.uleb128 0x38
 1275 013e 0B       		.uleb128 0xb
 1276 013f 00       		.byte	0
 1277 0140 00       		.byte	0
 1278 0141 18       		.uleb128 0x18
 1279 0142 01       		.uleb128 0x1
 1280 0143 01       		.byte	0x1
 1281 0144 49       		.uleb128 0x49
 1282 0145 13       		.uleb128 0x13
 1283 0146 01       		.uleb128 0x1
 1284 0147 13       		.uleb128 0x13
ARM GAS  C:\Users\cuskrawn\AppData\Local\Temp\ccK1b1h0.s 			page 30


 1285 0148 00       		.byte	0
 1286 0149 00       		.byte	0
 1287 014a 19       		.uleb128 0x19
 1288 014b 21       		.uleb128 0x21
 1289 014c 00       		.byte	0
 1290 014d 49       		.uleb128 0x49
 1291 014e 13       		.uleb128 0x13
 1292 014f 2F       		.uleb128 0x2f
 1293 0150 0B       		.uleb128 0xb
 1294 0151 00       		.byte	0
 1295 0152 00       		.byte	0
 1296 0153 1A       		.uleb128 0x1a
 1297 0154 34       		.uleb128 0x34
 1298 0155 00       		.byte	0
 1299 0156 03       		.uleb128 0x3
 1300 0157 0E       		.uleb128 0xe
 1301 0158 3A       		.uleb128 0x3a
 1302 0159 0B       		.uleb128 0xb
 1303 015a 3B       		.uleb128 0x3b
 1304 015b 05       		.uleb128 0x5
 1305 015c 49       		.uleb128 0x49
 1306 015d 13       		.uleb128 0x13
 1307 015e 02       		.uleb128 0x2
 1308 015f 18       		.uleb128 0x18
 1309 0160 00       		.byte	0
 1310 0161 00       		.byte	0
 1311 0162 1B       		.uleb128 0x1b
 1312 0163 26       		.uleb128 0x26
 1313 0164 00       		.byte	0
 1314 0165 49       		.uleb128 0x49
 1315 0166 13       		.uleb128 0x13
 1316 0167 00       		.byte	0
 1317 0168 00       		.byte	0
 1318 0169 1C       		.uleb128 0x1c
 1319 016a 34       		.uleb128 0x34
 1320 016b 00       		.byte	0
 1321 016c 03       		.uleb128 0x3
 1322 016d 08       		.uleb128 0x8
 1323 016e 3A       		.uleb128 0x3a
 1324 016f 0B       		.uleb128 0xb
 1325 0170 3B       		.uleb128 0x3b
 1326 0171 05       		.uleb128 0x5
 1327 0172 49       		.uleb128 0x49
 1328 0173 13       		.uleb128 0x13
 1329 0174 02       		.uleb128 0x2
 1330 0175 17       		.uleb128 0x17
 1331 0176 00       		.byte	0
 1332 0177 00       		.byte	0
 1333 0178 1D       		.uleb128 0x1d
 1334 0179 0B       		.uleb128 0xb
 1335 017a 01       		.byte	0x1
 1336 017b 11       		.uleb128 0x11
 1337 017c 01       		.uleb128 0x1
 1338 017d 12       		.uleb128 0x12
 1339 017e 06       		.uleb128 0x6
 1340 017f 00       		.byte	0
 1341 0180 00       		.byte	0
ARM GAS  C:\Users\cuskrawn\AppData\Local\Temp\ccK1b1h0.s 			page 31


 1342 0181 1E       		.uleb128 0x1e
 1343 0182 898201   		.uleb128 0x4109
 1344 0185 00       		.byte	0
 1345 0186 11       		.uleb128 0x11
 1346 0187 01       		.uleb128 0x1
 1347 0188 31       		.uleb128 0x31
 1348 0189 13       		.uleb128 0x13
 1349 018a 00       		.byte	0
 1350 018b 00       		.byte	0
 1351 018c 1F       		.uleb128 0x1f
 1352 018d 2E       		.uleb128 0x2e
 1353 018e 01       		.byte	0x1
 1354 018f 3F       		.uleb128 0x3f
 1355 0190 19       		.uleb128 0x19
 1356 0191 03       		.uleb128 0x3
 1357 0192 0E       		.uleb128 0xe
 1358 0193 27       		.uleb128 0x27
 1359 0194 19       		.uleb128 0x19
 1360 0195 49       		.uleb128 0x49
 1361 0196 13       		.uleb128 0x13
 1362 0197 34       		.uleb128 0x34
 1363 0198 19       		.uleb128 0x19
 1364 0199 3C       		.uleb128 0x3c
 1365 019a 19       		.uleb128 0x19
 1366 019b 01       		.uleb128 0x1
 1367 019c 13       		.uleb128 0x13
 1368 019d 00       		.byte	0
 1369 019e 00       		.byte	0
 1370 019f 20       		.uleb128 0x20
 1371 01a0 05       		.uleb128 0x5
 1372 01a1 00       		.byte	0
 1373 01a2 49       		.uleb128 0x49
 1374 01a3 13       		.uleb128 0x13
 1375 01a4 00       		.byte	0
 1376 01a5 00       		.byte	0
 1377 01a6 21       		.uleb128 0x21
 1378 01a7 2E       		.uleb128 0x2e
 1379 01a8 01       		.byte	0x1
 1380 01a9 3F       		.uleb128 0x3f
 1381 01aa 19       		.uleb128 0x19
 1382 01ab 03       		.uleb128 0x3
 1383 01ac 0E       		.uleb128 0xe
 1384 01ad 3A       		.uleb128 0x3a
 1385 01ae 0B       		.uleb128 0xb
 1386 01af 3B       		.uleb128 0x3b
 1387 01b0 0B       		.uleb128 0xb
 1388 01b1 27       		.uleb128 0x27
 1389 01b2 19       		.uleb128 0x19
 1390 01b3 3C       		.uleb128 0x3c
 1391 01b4 19       		.uleb128 0x19
 1392 01b5 01       		.uleb128 0x1
 1393 01b6 13       		.uleb128 0x13
 1394 01b7 00       		.byte	0
 1395 01b8 00       		.byte	0
 1396 01b9 22       		.uleb128 0x22
 1397 01ba 2E       		.uleb128 0x2e
 1398 01bb 01       		.byte	0x1
ARM GAS  C:\Users\cuskrawn\AppData\Local\Temp\ccK1b1h0.s 			page 32


 1399 01bc 3F       		.uleb128 0x3f
 1400 01bd 19       		.uleb128 0x19
 1401 01be 03       		.uleb128 0x3
 1402 01bf 0E       		.uleb128 0xe
 1403 01c0 27       		.uleb128 0x27
 1404 01c1 19       		.uleb128 0x19
 1405 01c2 49       		.uleb128 0x49
 1406 01c3 13       		.uleb128 0x13
 1407 01c4 34       		.uleb128 0x34
 1408 01c5 19       		.uleb128 0x19
 1409 01c6 3C       		.uleb128 0x3c
 1410 01c7 19       		.uleb128 0x19
 1411 01c8 00       		.byte	0
 1412 01c9 00       		.byte	0
 1413 01ca 00       		.byte	0
 1414              		.section	.debug_loc,"",%progbits
 1415              	.Ldebug_loc0:
 1416              	.LLST0:
 1417 0000 06000000 		.4byte	.LVL1
 1418 0004 10000000 		.4byte	.LVL2
 1419 0008 0100     		.2byte	0x1
 1420 000a 53       		.byte	0x53
 1421 000b 00000000 		.4byte	0
 1422 000f 00000000 		.4byte	0
 1423              	.LLST1:
 1424 0013 00000000 		.4byte	.LVL3
 1425 0017 09000000 		.4byte	.LVL5-1
 1426 001b 0100     		.2byte	0x1
 1427 001d 50       		.byte	0x50
 1428 001e 09000000 		.4byte	.LVL5-1
 1429 0022 0C000000 		.4byte	.LFE0
 1430 0026 0400     		.2byte	0x4
 1431 0028 F3       		.byte	0xf3
 1432 0029 01       		.uleb128 0x1
 1433 002a 50       		.byte	0x50
 1434 002b 9F       		.byte	0x9f
 1435 002c 00000000 		.4byte	0
 1436 0030 00000000 		.4byte	0
 1437              	.LLST2:
 1438 0034 00000000 		.4byte	.LVL3
 1439 0038 06000000 		.4byte	.LVL4
 1440 003c 0100     		.2byte	0x1
 1441 003e 51       		.byte	0x51
 1442 003f 06000000 		.4byte	.LVL4
 1443 0043 09000000 		.4byte	.LVL5-1
 1444 0047 0100     		.2byte	0x1
 1445 0049 52       		.byte	0x52
 1446 004a 09000000 		.4byte	.LVL5-1
 1447 004e 0C000000 		.4byte	.LFE0
 1448 0052 0400     		.2byte	0x4
 1449 0054 F3       		.byte	0xf3
 1450 0055 01       		.uleb128 0x1
 1451 0056 51       		.byte	0x51
 1452 0057 9F       		.byte	0x9f
 1453 0058 00000000 		.4byte	0
 1454 005c 00000000 		.4byte	0
 1455              	.LLST3:
ARM GAS  C:\Users\cuskrawn\AppData\Local\Temp\ccK1b1h0.s 			page 33


 1456 0060 2E000000 		.4byte	.LVL6
 1457 0064 34000000 		.4byte	.LVL7
 1458 0068 0200     		.2byte	0x2
 1459 006a 49       		.byte	0x49
 1460 006b 9F       		.byte	0x9f
 1461 006c 34000000 		.4byte	.LVL7
 1462 0070 7E000000 		.4byte	.LVL13
 1463 0074 0100     		.2byte	0x1
 1464 0076 55       		.byte	0x55
 1465 0077 00000000 		.4byte	0
 1466 007b 00000000 		.4byte	0
 1467              	.LLST4:
 1468 007f 2E000000 		.4byte	.LVL6
 1469 0083 34000000 		.4byte	.LVL7
 1470 0087 0200     		.2byte	0x2
 1471 0089 30       		.byte	0x30
 1472 008a 9F       		.byte	0x9f
 1473 008b 34000000 		.4byte	.LVL7
 1474 008f 40000000 		.4byte	.LVL8
 1475 0093 0100     		.2byte	0x1
 1476 0095 54       		.byte	0x54
 1477 0096 44000000 		.4byte	.LVL9
 1478 009a 7E000000 		.4byte	.LVL13
 1479 009e 0100     		.2byte	0x1
 1480 00a0 54       		.byte	0x54
 1481 00a1 00000000 		.4byte	0
 1482 00a5 00000000 		.4byte	0
 1483              	.LLST5:
 1484 00a9 00000000 		.4byte	.LVL14
 1485 00ad 05000000 		.4byte	.LVL15-1
 1486 00b1 0100     		.2byte	0x1
 1487 00b3 50       		.byte	0x50
 1488 00b4 05000000 		.4byte	.LVL15-1
 1489 00b8 08000000 		.4byte	.LFE1
 1490 00bc 0400     		.2byte	0x4
 1491 00be F3       		.byte	0xf3
 1492 00bf 01       		.uleb128 0x1
 1493 00c0 50       		.byte	0x50
 1494 00c1 9F       		.byte	0x9f
 1495 00c2 00000000 		.4byte	0
 1496 00c6 00000000 		.4byte	0
 1497              	.LLST6:
 1498 00ca 00000000 		.4byte	.LVL14
 1499 00ce 05000000 		.4byte	.LVL15-1
 1500 00d2 0100     		.2byte	0x1
 1501 00d4 51       		.byte	0x51
 1502 00d5 05000000 		.4byte	.LVL15-1
 1503 00d9 08000000 		.4byte	.LFE1
 1504 00dd 0400     		.2byte	0x4
 1505 00df F3       		.byte	0xf3
 1506 00e0 01       		.uleb128 0x1
 1507 00e1 51       		.byte	0x51
 1508 00e2 9F       		.byte	0x9f
 1509 00e3 00000000 		.4byte	0
 1510 00e7 00000000 		.4byte	0
 1511              	.LLST7:
 1512 00eb 00000000 		.4byte	.LVL14
ARM GAS  C:\Users\cuskrawn\AppData\Local\Temp\ccK1b1h0.s 			page 34


 1513 00ef 05000000 		.4byte	.LVL15-1
 1514 00f3 0100     		.2byte	0x1
 1515 00f5 52       		.byte	0x52
 1516 00f6 05000000 		.4byte	.LVL15-1
 1517 00fa 08000000 		.4byte	.LFE1
 1518 00fe 0400     		.2byte	0x4
 1519 0100 F3       		.byte	0xf3
 1520 0101 01       		.uleb128 0x1
 1521 0102 52       		.byte	0x52
 1522 0103 9F       		.byte	0x9f
 1523 0104 00000000 		.4byte	0
 1524 0108 00000000 		.4byte	0
 1525              	.LLST8:
 1526 010c 0E000000 		.4byte	.LVL20
 1527 0110 12000000 		.4byte	.LVL21
 1528 0114 0200     		.2byte	0x2
 1529 0116 30       		.byte	0x30
 1530 0117 9F       		.byte	0x9f
 1531 0118 12000000 		.4byte	.LVL21
 1532 011c 2A000000 		.4byte	.LVL23
 1533 0120 0100     		.2byte	0x1
 1534 0122 54       		.byte	0x54
 1535 0123 2C000000 		.4byte	.LVL24
 1536 0127 46000000 		.4byte	.LVL25
 1537 012b 0100     		.2byte	0x1
 1538 012d 54       		.byte	0x54
 1539 012e 00000000 		.4byte	0
 1540 0132 00000000 		.4byte	0
 1541              	.LLST9:
 1542 0136 12000000 		.4byte	.LVL21
 1543 013a 2A000000 		.4byte	.LVL23
 1544 013e 0B00     		.2byte	0xb
 1545 0140 74       		.byte	0x74
 1546 0141 00       		.sleb128 0
 1547 0142 36       		.byte	0x36
 1548 0143 1E       		.byte	0x1e
 1549 0144 03       		.byte	0x3
 1550 0145 00000000 		.4byte	cfg_memset_list.4859
 1551 0149 22       		.byte	0x22
 1552 014a 9F       		.byte	0x9f
 1553 014b 2A000000 		.4byte	.LVL23
 1554 014f 2C000000 		.4byte	.LVL24
 1555 0153 0B00     		.2byte	0xb
 1556 0155 74       		.byte	0x74
 1557 0156 7F       		.sleb128 -1
 1558 0157 36       		.byte	0x36
 1559 0158 1E       		.byte	0x1e
 1560 0159 03       		.byte	0x3
 1561 015a 00000000 		.4byte	cfg_memset_list.4859
 1562 015e 22       		.byte	0x22
 1563 015f 9F       		.byte	0x9f
 1564 0160 00000000 		.4byte	0
 1565 0164 00000000 		.4byte	0
 1566              		.section	.debug_aranges,"",%progbits
 1567 0000 4C000000 		.4byte	0x4c
 1568 0004 0200     		.2byte	0x2
 1569 0006 00000000 		.4byte	.Ldebug_info0
ARM GAS  C:\Users\cuskrawn\AppData\Local\Temp\ccK1b1h0.s 			page 35


 1570 000a 04       		.byte	0x4
 1571 000b 00       		.byte	0
 1572 000c 0000     		.2byte	0
 1573 000e 0000     		.2byte	0
 1574 0010 00000000 		.4byte	.LFB3
 1575 0014 02000000 		.4byte	.LFE3-.LFB3
 1576 0018 00000000 		.4byte	.LFB5
 1577 001c 60000000 		.4byte	.LFE5-.LFB5
 1578 0020 00000000 		.4byte	.LFB0
 1579 0024 0C000000 		.4byte	.LFE0-.LFB0
 1580 0028 00000000 		.4byte	.LFB4
 1581 002c 9C000000 		.4byte	.LFE4-.LFB4
 1582 0030 00000000 		.4byte	.LFB1
 1583 0034 08000000 		.4byte	.LFE1-.LFB1
 1584 0038 00000000 		.4byte	.LFB6
 1585 003c 1C000000 		.4byte	.LFE6-.LFB6
 1586 0040 00000000 		.4byte	.LFB7
 1587 0044 CC000000 		.4byte	.LFE7-.LFB7
 1588 0048 00000000 		.4byte	0
 1589 004c 00000000 		.4byte	0
 1590              		.section	.debug_ranges,"",%progbits
 1591              	.Ldebug_ranges0:
 1592 0000 00000000 		.4byte	.LFB3
 1593 0004 02000000 		.4byte	.LFE3
 1594 0008 00000000 		.4byte	.LFB5
 1595 000c 60000000 		.4byte	.LFE5
 1596 0010 00000000 		.4byte	.LFB0
 1597 0014 0C000000 		.4byte	.LFE0
 1598 0018 00000000 		.4byte	.LFB4
 1599 001c 9C000000 		.4byte	.LFE4
 1600 0020 00000000 		.4byte	.LFB1
 1601 0024 08000000 		.4byte	.LFE1
 1602 0028 00000000 		.4byte	.LFB6
 1603 002c 1C000000 		.4byte	.LFE6
 1604 0030 00000000 		.4byte	.LFB7
 1605 0034 CC000000 		.4byte	.LFE7
 1606 0038 00000000 		.4byte	0
 1607 003c 00000000 		.4byte	0
 1608              		.section	.debug_line,"",%progbits
 1609              	.Ldebug_line0:
 1610 0000 B3010000 		.section	.debug_str,"MS",%progbits,1
 1610      0200D800 
 1610      00000201 
 1610      FB0E0D00 
 1610      01010101 
 1611              	.LASF18:
 1612 0000 72656731 		.ascii	"reg16\000"
 1612      3600
 1613              	.LASF38:
 1614 0006 43794465 		.ascii	"CyDelayCycles\000"
 1614      6C617943 
 1614      79636C65 
 1614      7300
 1615              	.LASF11:
 1616 0014 73697A65 		.ascii	"size_t\000"
 1616      5F7400
 1617              	.LASF20:
ARM GAS  C:\Users\cuskrawn\AppData\Local\Temp\ccK1b1h0.s 			page 36


 1618 001b 416E616C 		.ascii	"AnalogSetDefault\000"
 1618      6F675365 
 1618      74446566 
 1618      61756C74 
 1618      00
 1619              	.LASF25:
 1620 002c 74696D65 		.ascii	"timeout\000"
 1620      6F757400 
 1621              	.LASF36:
 1622 0034 6366675F 		.ascii	"cfg_memset_list\000"
 1622      6D656D73 
 1622      65745F6C 
 1622      69737400 
 1623              	.LASF23:
 1624 0044 436C6F63 		.ascii	"ClockSetup\000"
 1624      6B536574 
 1624      757000
 1625              	.LASF4:
 1626 004f 73686F72 		.ascii	"short unsigned int\000"
 1626      7420756E 
 1626      7369676E 
 1626      65642069 
 1626      6E7400
 1627              	.LASF26:
 1628 0062 706C6C4C 		.ascii	"pllLock\000"
 1628      6F636B00 
 1629              	.LASF41:
 1630 006a 443A5C43 		.ascii	"D:\\CU_Boulder\\Documents\\Coursework\\ECEN5053\\PS"
 1630      555F426F 
 1630      756C6465 
 1630      725C446F 
 1630      63756D65 
 1631 0098 6F435F57 		.ascii	"oC_Workspace\\Lab1.cydsn\000"
 1631      6F726B73 
 1631      70616365 
 1631      5C4C6162 
 1631      312E6379 
 1632              	.LASF15:
 1633 00b0 666C6F61 		.ascii	"float\000"
 1633      7400
 1634              	.LASF19:
 1635 00b6 4379436C 		.ascii	"CyClockStartupError\000"
 1635      6F636B53 
 1635      74617274 
 1635      75704572 
 1635      726F7200 
 1636              	.LASF28:
 1637 00ca 64657374 		.ascii	"dest\000"
 1637      00
 1638              	.LASF34:
 1639 00cf 73697A65 		.ascii	"size\000"
 1639      00
 1640              	.LASF17:
 1641 00d4 72656738 		.ascii	"reg8\000"
 1641      00
 1642              	.LASF6:
 1643 00d9 6C6F6E67 		.ascii	"long unsigned int\000"
ARM GAS  C:\Users\cuskrawn\AppData\Local\Temp\ccK1b1h0.s 			page 37


 1643      20756E73 
 1643      69676E65 
 1643      6420696E 
 1643      7400
 1644              	.LASF12:
 1645 00eb 75696E74 		.ascii	"uint8\000"
 1645      3800
 1646              	.LASF21:
 1647 00f1 43594D45 		.ascii	"CYMEMZERO\000"
 1647      4D5A4552 
 1647      4F00
 1648              	.LASF31:
 1649 00fb 53657441 		.ascii	"SetAnalogRoutingPumps\000"
 1649      6E616C6F 
 1649      67526F75 
 1649      74696E67 
 1649      50756D70 
 1650              	.LASF2:
 1651 0111 756E7369 		.ascii	"unsigned char\000"
 1651      676E6564 
 1651      20636861 
 1651      7200
 1652              	.LASF37:
 1653 011f 6D656D73 		.ascii	"memset\000"
 1653      657400
 1654              	.LASF16:
 1655 0126 646F7562 		.ascii	"double\000"
 1655      6C6500
 1656              	.LASF32:
 1657 012d 63796669 		.ascii	"cyfitter_cfg\000"
 1657      74746572 
 1657      5F636667 
 1657      00
 1658              	.LASF13:
 1659 013a 75696E74 		.ascii	"uint16\000"
 1659      313600
 1660              	.LASF22:
 1661 0141 6572726F 		.ascii	"errorCode\000"
 1661      72436F64 
 1661      6500
 1662              	.LASF14:
 1663 014b 75696E74 		.ascii	"uint32\000"
 1663      333200
 1664              	.LASF39:
 1665 0152 474E5520 		.ascii	"GNU C 4.9.3 20150303 (release) [ARM/embedded-4_9-br"
 1665      4320342E 
 1665      392E3320 
 1665      32303135 
 1665      30333033 
 1666 0185 616E6368 		.ascii	"anch revision 221220] -mcpu=cortex-m3 -mthumb -g -O"
 1666      20726576 
 1666      6973696F 
 1666      6E203232 
 1666      31323230 
 1667 01b8 67202D66 		.ascii	"g -ffunction-sections -ffat-lto-objects\000"
 1667      66756E63 
 1667      74696F6E 
ARM GAS  C:\Users\cuskrawn\AppData\Local\Temp\ccK1b1h0.s 			page 38


 1667      2D736563 
 1667      74696F6E 
 1668              	.LASF0:
 1669 01e0 756E7369 		.ascii	"unsigned int\000"
 1669      676E6564 
 1669      20696E74 
 1669      00
 1670              	.LASF33:
 1671 01ed 61646472 		.ascii	"address\000"
 1671      65737300 
 1672              	.LASF8:
 1673 01f5 6C6F6E67 		.ascii	"long long unsigned int\000"
 1673      206C6F6E 
 1673      6720756E 
 1673      7369676E 
 1673      65642069 
 1674              	.LASF35:
 1675 020c 6366675F 		.ascii	"cfg_memset_t\000"
 1675      6D656D73 
 1675      65745F74 
 1675      00
 1676              	.LASF9:
 1677 0219 73697A65 		.ascii	"sizetype\000"
 1677      74797065 
 1677      00
 1678              	.LASF7:
 1679 0222 6C6F6E67 		.ascii	"long long int\000"
 1679      206C6F6E 
 1679      6720696E 
 1679      7400
 1680              	.LASF42:
 1681 0230 6D656D63 		.ascii	"memcpy\000"
 1681      707900
 1682              	.LASF3:
 1683 0237 73686F72 		.ascii	"short int\000"
 1683      7420696E 
 1683      7400
 1684              	.LASF40:
 1685 0241 2E5C4765 		.ascii	".\\Generated_Source\\PSoC5\\cyfitter_cfg.c\000"
 1685      6E657261 
 1685      7465645F 
 1685      536F7572 
 1685      63655C50 
 1686              	.LASF29:
 1687 0269 656E6162 		.ascii	"enabled\000"
 1687      6C656400 
 1688              	.LASF5:
 1689 0271 6C6F6E67 		.ascii	"long int\000"
 1689      20696E74 
 1689      00
 1690              	.LASF10:
 1691 027a 63686172 		.ascii	"char\000"
 1691      00
 1692              	.LASF24:
 1693 027f 62675F78 		.ascii	"bg_xover_inl_trim\000"
 1693      6F766572 
 1693      5F696E6C 
ARM GAS  C:\Users\cuskrawn\AppData\Local\Temp\ccK1b1h0.s 			page 39


 1693      5F747269 
 1693      6D00
 1694              	.LASF1:
 1695 0291 7369676E 		.ascii	"signed char\000"
 1695      65642063 
 1695      68617200 
 1696              	.LASF30:
 1697 029d 72656756 		.ascii	"regValue\000"
 1697      616C7565 
 1697      00
 1698              	.LASF27:
 1699 02a6 4359434F 		.ascii	"CYCONFIGCPY\000"
 1699      4E464947 
 1699      43505900 
 1700              		.ident	"GCC: (GNU Tools for ARM Embedded Processors) 4.9.3 20150303 (release) [ARM/embedded-4_9-br
