Archive member included because of file (symbol)

c:/siliconlabs/simplicitystudio/v3/developer/toolchains/gnu_arm/4.8_2013q4/bin/../lib/gcc/arm-none-eabi/4.8.3/../../../../arm-none-eabi/lib/armv7-m\libstdc++_s.a(new_opv.o)
                              ./mbed/common/CallChain.o (operator new[](unsigned int))
c:/siliconlabs/simplicitystudio/v3/developer/toolchains/gnu_arm/4.8_2013q4/bin/../lib/gcc/arm-none-eabi/4.8.3/../../../../arm-none-eabi/lib/armv7-m\libstdc++_s.a(del_op.o)
                              ./mbed/common/BusIn.o (operator delete(void*))
c:/siliconlabs/simplicitystudio/v3/developer/toolchains/gnu_arm/4.8_2013q4/bin/../lib/gcc/arm-none-eabi/4.8.3/../../../../arm-none-eabi/lib/armv7-m\libstdc++_s.a(atexit_arm.o)
                              ./mbed/common/SPI.o (__aeabi_atexit)
c:/siliconlabs/simplicitystudio/v3/developer/toolchains/gnu_arm/4.8_2013q4/bin/../lib/gcc/arm-none-eabi/4.8.3/../../../../arm-none-eabi/lib/armv7-m\libstdc++_s.a(new_op.o)
                              ./mbed/common/BusIn.o (operator new(unsigned int))
c:/siliconlabs/simplicitystudio/v3/developer/toolchains/gnu_arm/4.8_2013q4/bin/../lib/gcc/arm-none-eabi/4.8.3/../../../../arm-none-eabi/lib/armv7-m\libstdc++_s.a(del_opv.o)
                              ./mbed/common/RawSerial.o (operator delete[](void*))
c:/siliconlabs/simplicitystudio/v3/developer/toolchains/gnu_arm/4.8_2013q4/bin/../lib/gcc/arm-none-eabi/4.8.3/../../../../arm-none-eabi/lib/armv7-m\libstdc++_s.a(new_handler.o)
                              c:/siliconlabs/simplicitystudio/v3/developer/toolchains/gnu_arm/4.8_2013q4/bin/../lib/gcc/arm-none-eabi/4.8.3/../../../../arm-none-eabi/lib/armv7-m\libstdc++_s.a(new_op.o) (__new_handler)
c:/siliconlabs/simplicitystudio/v3/developer/toolchains/gnu_arm/4.8_2013q4/bin/../lib/gcc/arm-none-eabi/4.8.3/../../../../arm-none-eabi/lib/armv7-m\libnosys.a(errno.o)
                              ./mbed/common/retarget.o (errno)
c:/siliconlabs/simplicitystudio/v3/developer/toolchains/gnu_arm/4.8_2013q4/bin/../lib/gcc/arm-none-eabi/4.8.3/armv7-m\libgcc.a(_arm_addsubsf3.o)
                              ./mbed/targets/hal/TARGET_Silicon_Labs/TARGET_EFM32/pwmout_api.o (__aeabi_ui2f)
c:/siliconlabs/simplicitystudio/v3/developer/toolchains/gnu_arm/4.8_2013q4/bin/../lib/gcc/arm-none-eabi/4.8.3/armv7-m\libgcc.a(_arm_muldivsf3.o)
                              ./mbed/targets/hal/TARGET_Silicon_Labs/TARGET_EFM32/analogout_api.o (__aeabi_fmul)
c:/siliconlabs/simplicitystudio/v3/developer/toolchains/gnu_arm/4.8_2013q4/bin/../lib/gcc/arm-none-eabi/4.8.3/armv7-m\libgcc.a(_arm_cmpsf2.o)
                              ./mbed/targets/hal/TARGET_Silicon_Labs/TARGET_EFM32/pwmout_api.o (__aeabi_fcmplt)
c:/siliconlabs/simplicitystudio/v3/developer/toolchains/gnu_arm/4.8_2013q4/bin/../lib/gcc/arm-none-eabi/4.8.3/armv7-m\libgcc.a(_arm_fixsfsi.o)
                              ./mbed/targets/hal/TARGET_Silicon_Labs/TARGET_EFM32/analogout_api.o (__aeabi_f2iz)
c:/siliconlabs/simplicitystudio/v3/developer/toolchains/gnu_arm/4.8_2013q4/bin/../lib/gcc/arm-none-eabi/4.8.3/armv7-m\libgcc.a(_arm_fixunssfsi.o)
                              ./mbed/targets/hal/TARGET_Silicon_Labs/TARGET_EFM32/pwmout_api.o (__aeabi_f2uiz)
c:/siliconlabs/simplicitystudio/v3/developer/toolchains/gnu_arm/4.8_2013q4/bin/../lib/gcc/arm-none-eabi/4.8.3/armv7-m\libgcc.a(_aeabi_uldivmod.o)
                              ./mbed/targets/hal/TARGET_Silicon_Labs/TARGET_EFM32/lp_ticker.o (__aeabi_uldivmod)
c:/siliconlabs/simplicitystudio/v3/developer/toolchains/gnu_arm/4.8_2013q4/bin/../lib/gcc/arm-none-eabi/4.8.3/armv7-m\libgcc.a(bpabi.o)
                              c:/siliconlabs/simplicitystudio/v3/developer/toolchains/gnu_arm/4.8_2013q4/bin/../lib/gcc/arm-none-eabi/4.8.3/armv7-m\libgcc.a(_aeabi_uldivmod.o) (__gnu_uldivmod_helper)
c:/siliconlabs/simplicitystudio/v3/developer/toolchains/gnu_arm/4.8_2013q4/bin/../lib/gcc/arm-none-eabi/4.8.3/armv7-m\libgcc.a(_dvmd_tls.o)
                              c:/siliconlabs/simplicitystudio/v3/developer/toolchains/gnu_arm/4.8_2013q4/bin/../lib/gcc/arm-none-eabi/4.8.3/armv7-m\libgcc.a(_aeabi_uldivmod.o) (__aeabi_ldiv0)
c:/siliconlabs/simplicitystudio/v3/developer/toolchains/gnu_arm/4.8_2013q4/bin/../lib/gcc/arm-none-eabi/4.8.3/armv7-m\libgcc.a(_divdi3.o)
                              c:/siliconlabs/simplicitystudio/v3/developer/toolchains/gnu_arm/4.8_2013q4/bin/../lib/gcc/arm-none-eabi/4.8.3/armv7-m\libgcc.a(bpabi.o) (__divdi3)
c:/siliconlabs/simplicitystudio/v3/developer/toolchains/gnu_arm/4.8_2013q4/bin/../lib/gcc/arm-none-eabi/4.8.3/armv7-m\libgcc.a(_udivdi3.o)
                              c:/siliconlabs/simplicitystudio/v3/developer/toolchains/gnu_arm/4.8_2013q4/bin/../lib/gcc/arm-none-eabi/4.8.3/armv7-m\libgcc.a(bpabi.o) (__udivdi3)
c:/siliconlabs/simplicitystudio/v3/developer/toolchains/gnu_arm/4.8_2013q4/bin/../lib/gcc/arm-none-eabi/4.8.3/armv7-m\libgcc.a(_aeabi_ldivmod.o)
                              ./src/bme280.o (__aeabi_ldivmod)
[...]
Memory Configuration

Name             Origin             Length             Attributes
FLASH            0x00000000         0x00040000         xr
RAM              0x20000000         0x00008000         xrw
*default*        0x00000000         0xffffffff

Linker script and memory map

LOAD c:/siliconlabs/simplicitystudio/v3/developer/toolchains/gnu_arm/4.8_2013q4/bin/../lib/gcc/arm-none-eabi/4.8.3/armv7-m/crti.o
LOAD c:/siliconlabs/simplicitystudio/v3/developer/toolchains/gnu_arm/4.8_2013q4/bin/../lib/gcc/arm-none-eabi/4.8.3/armv7-m/crtbegin.o
LOAD c:/siliconlabs/simplicitystudio/v3/developer/toolchains/gnu_arm/4.8_2013q4/bin/../lib/gcc/arm-none-eabi/4.8.3/../../../../arm-none-eabi/lib/armv7-m/crt0.o
LOAD ./mbed/targets/hal/TARGET_Silicon_Labs/TARGET_EFM32/emlib/src/em_acmp.o
LOAD ./mbed/targets/hal/TARGET_Silicon_Labs/TARGET_EFM32/emlib/src/em_adc.o
LOAD ./mbed/targets/hal/TARGET_Silicon_Labs/TARGET_EFM32/emlib/src/em_aes.o
LOAD ./mbed/targets/hal/TARGET_Silicon_Labs/TARGET_EFM32/emlib/src/em_assert.o
LOAD ./mbed/targets/hal/TARGET_Silicon_Labs/TARGET_EFM32/emlib/src/em_burtc.o
LOAD ./mbed/targets/hal/TARGET_Silicon_Labs/TARGET_EFM32/emlib/src/em_cmu.o
LOAD ./mbed/targets/hal/TARGET_Silicon_Labs/TARGET_EFM32/emlib/src/em_dac.o
LOAD ./mbed/targets/hal/TARGET_Silicon_Labs/TARGET_EFM32/emlib/src/em_dbg.o
LOAD ./mbed/targets/hal/TARGET_Silicon_Labs/TARGET_EFM32/emlib/src/em_dma.o
LOAD ./mbed/targets/hal/TARGET_Silicon_Labs/TARGET_EFM32/emlib/src/em_ebi.o
LOAD ./mbed/targets/hal/TARGET_Silicon_Labs/TARGET_EFM32/emlib/src/em_emu.o
LOAD ./mbed/targets/hal/TARGET_Silicon_Labs/TARGET_EFM32/emlib/src/em_gpio.o
LOAD ./mbed/targets/hal/TARGET_Silicon_Labs/TARGET_EFM32/emlib/src/em_i2c.o
LOAD ./mbed/targets/hal/TARGET_Silicon_Labs/TARGET_EFM32/emlib/src/em_idac.o
LOAD ./mbed/targets/hal/TARGET_Silicon_Labs/TARGET_EFM32/emlib/src/em_int.o
LOAD ./mbed/targets/hal/TARGET_Silicon_Labs/TARGET_EFM32/emlib/src/em_lcd.o
LOAD ./mbed/targets/hal/TARGET_Silicon_Labs/TARGET_EFM32/emlib/src/em_lesense.o
LOAD ./mbed/targets/hal/TARGET_Silicon_Labs/TARGET_EFM32/emlib/src/em_letimer.o
LOAD ./mbed/targets/hal/TARGET_Silicon_Labs/TARGET_EFM32/emlib/src/em_leuart.o
LOAD ./mbed/targets/hal/TARGET_Silicon_Labs/TARGET_EFM32/emlib/src/em_mpu.o
LOAD ./mbed/targets/hal/TARGET_Silicon_Labs/TARGET_EFM32/emlib/src/em_msc.o
LOAD ./mbed/targets/hal/TARGET_Silicon_Labs/TARGET_EFM32/emlib/src/em_opamp.o
LOAD ./mbed/targets/hal/TARGET_Silicon_Labs/TARGET_EFM32/emlib/src/em_pcnt.o
LOAD ./mbed/targets/hal/TARGET_Silicon_Labs/TARGET_EFM32/emlib/src/em_prs.o
LOAD ./mbed/targets/hal/TARGET_Silicon_Labs/TARGET_EFM32/emlib/src/em_rmu.o
LOAD ./mbed/targets/hal/TARGET_Silicon_Labs/TARGET_EFM32/emlib/src/em_rtc.o
LOAD ./mbed/targets/hal/TARGET_Silicon_Labs/TARGET_EFM32/emlib/src/em_system.o
LOAD ./mbed/targets/hal/TARGET_Silicon_Labs/TARGET_EFM32/emlib/src/em_timer.o
LOAD ./mbed/targets/hal/TARGET_Silicon_Labs/TARGET_EFM32/emlib/src/em_usart.o
LOAD ./mbed/targets/hal/TARGET_Silicon_Labs/TARGET_EFM32/emlib/src/em_vcmp.o
LOAD ./mbed/targets/hal/TARGET_Silicon_Labs/TARGET_EFM32/emlib/src/em_wdog.o
LOAD ./mbed/targets/hal/TARGET_Silicon_Labs/TARGET_EFM32/TARGET_EFM32LG_STK3600/PeripheralPins.o
LOAD ./mbed/targets/hal/TARGET_Silicon_Labs/TARGET_EFM32/analogin_api.o
LOAD ./mbed/targets/hal/TARGET_Silicon_Labs/TARGET_EFM32/analogout_api.o
LOAD ./mbed/targets/hal/TARGET_Silicon_Labs/TARGET_EFM32/dma_api.o
LOAD ./mbed/targets/hal/TARGET_Silicon_Labs/TARGET_EFM32/gpio_api.o
LOAD ./mbed/targets/hal/TARGET_Silicon_Labs/TARGET_EFM32/gpio_irq_api.o
LOAD ./mbed/targets/hal/TARGET_Silicon_Labs/TARGET_EFM32/i2c_api.o
LOAD ./mbed/targets/hal/TARGET_Silicon_Labs/TARGET_EFM32/lp_ticker.o
LOAD ./mbed/targets/hal/TARGET_Silicon_Labs/TARGET_EFM32/mbed_overrides.o
LOAD ./mbed/targets/hal/TARGET_Silicon_Labs/TARGET_EFM32/pinmap.o
LOAD ./mbed/targets/hal/TARGET_Silicon_Labs/TARGET_EFM32/pinmap_function.o
LOAD ./mbed/targets/hal/TARGET_Silicon_Labs/TARGET_EFM32/port_api.o
LOAD ./mbed/targets/hal/TARGET_Silicon_Labs/TARGET_EFM32/pwmout_api.o
LOAD ./mbed/targets/hal/TARGET_Silicon_Labs/TARGET_EFM32/rtc_api.o
LOAD ./mbed/targets/hal/TARGET_Silicon_Labs/TARGET_EFM32/serial_api.o
LOAD ./mbed/targets/hal/TARGET_Silicon_Labs/TARGET_EFM32/sleep.o
LOAD ./mbed/targets/hal/TARGET_Silicon_Labs/TARGET_EFM32/spi_api.o
LOAD ./mbed/targets/hal/TARGET_Silicon_Labs/TARGET_EFM32/us_ticker.o
LOAD ./mbed/targets/cmsis/TARGET_Silicon_Labs/TARGET_EFM32/TARGET_EFM32LG_STK3600/TOOLCHAIN_GCC_ARM/startup_efm32lg.o
LOAD ./mbed/targets/cmsis/TARGET_Silicon_Labs/TARGET_EFM32/TARGET_EFM32LG_STK3600/cmsis_nvic.o
LOAD ./mbed/targets/cmsis/TARGET_Silicon_Labs/TARGET_EFM32/TARGET_EFM32LG_STK3600/system_efm32lg.o
LOAD ./mbed/common/BusIn.o
LOAD ./mbed/common/BusInOut.o
LOAD ./mbed/common/BusOut.o
LOAD ./mbed/common/CAN.o
LOAD ./mbed/common/CallChain.o
LOAD ./mbed/common/Ethernet.o
LOAD ./mbed/common/FileBase.o
LOAD ./mbed/common/FileLike.o
LOAD ./mbed/common/FilePath.o
LOAD ./mbed/common/FileSystemLike.o
LOAD ./mbed/common/I2C.o
LOAD ./mbed/common/I2CSlave.o
LOAD ./mbed/common/InterruptIn.o
LOAD ./mbed/common/InterruptManager.o
LOAD ./mbed/common/LocalFileSystem.o
LOAD ./mbed/common/RawSerial.o
LOAD ./mbed/common/SPI.o
LOAD ./mbed/common/SPISlave.o
LOAD ./mbed/common/Serial.o
LOAD ./mbed/common/SerialBase.o
LOAD ./mbed/common/Stream.o
LOAD ./mbed/common/Ticker.o
LOAD ./mbed/common/Timeout.o
LOAD ./mbed/common/Timer.o
LOAD ./mbed/common/TimerEvent.o
LOAD ./mbed/common/assert.o
LOAD ./mbed/common/board.o
LOAD ./mbed/common/error.o
LOAD ./mbed/common/gpio.o
LOAD ./mbed/common/lp_ticker_api.o
LOAD ./mbed/common/mbed_interface.o
LOAD ./mbed/common/pinmap_common.o
LOAD ./mbed/common/retarget.o
LOAD ./mbed/common/rtc_time.o
LOAD ./mbed/common/semihost_api.o
LOAD ./mbed/common/ticker_api.o
LOAD ./mbed/common/us_ticker_api.o
LOAD ./mbed/common/wait_api.o
LOAD c:/siliconlabs/simplicitystudio/v3/developer/toolchains/gnu_arm/4.8_2013q4/bin/../lib/gcc/arm-none-eabi/4.8.3/../../../../arm-none-eabi/lib/armv7-m\libstdc++_s.a
LOAD c:/siliconlabs/simplicitystudio/v3/developer/toolchains/gnu_arm/4.8_2013q4/bin/../lib/gcc/arm-none-eabi/4.8.3/../../../../arm-none-eabi/lib/armv7-m\libsupc++_s.a
LOAD c:/siliconlabs/simplicitystudio/v3/developer/toolchains/gnu_arm/4.8_2013q4/bin/../lib/gcc/arm-none-eabi/4.8.3/../../../../arm-none-eabi/lib/armv7-m\libnosys.a
LOAD c:/siliconlabs/simplicitystudio/v3/developer/toolchains/gnu_arm/4.8_2013q4/bin/../lib/gcc/arm-none-eabi/4.8.3/armv7-m\libgcc.a
LOAD ./src/adc.o
LOAD ./src/bme280.o
LOAD ./src/dma.o
LOAD ./src/eeprom_emulation.o
LOAD ./src/flash.o
LOAD ./src/i2c_drv.o
LOAD ./src/leuart.o
LOAD ./src/main.o
LOAD ./src/rtc.o
START GROUP
LOAD c:/siliconlabs/simplicitystudio/v3/developer/toolchains/gnu_arm/4.8_2013q4/bin/../lib/gcc/arm-none-eabi/4.8.3/armv7-m\libgcc.a
LOAD c:/siliconlabs/simplicitystudio/v3/developer/toolchains/gnu_arm/4.8_2013q4/bin/../lib/gcc/arm-none-eabi/4.8.3/../../../../arm-none-eabi/lib/armv7-m\libc_s.a
LOAD c:/siliconlabs/simplicitystudio/v3/developer/toolchains/gnu_arm/4.8_2013q4/bin/../lib/gcc/arm-none-eabi/4.8.3/../../../../arm-none-eabi/lib/armv7-m\libnosys.a
END GROUP
LOAD c:/siliconlabs/simplicitystudio/v3/developer/toolchains/gnu_arm/4.8_2013q4/bin/../lib/gcc/arm-none-eabi/4.8.3/../../../../arm-none-eabi/lib/armv7-m\libstdc++_s.a
LOAD c:/siliconlabs/simplicitystudio/v3/developer/toolchains/gnu_arm/4.8_2013q4/bin/../lib/gcc/arm-none-eabi/4.8.3/../../../../arm-none-eabi/lib/armv7-m\libm.a
LOAD c:/siliconlabs/simplicitystudio/v3/developer/toolchains/gnu_arm/4.8_2013q4/bin/../lib/gcc/arm-none-eabi/4.8.3/../../../../arm-none-eabi/lib/armv7-m\libc_s.a
START GROUP
LOAD c:/siliconlabs/simplicitystudio/v3/developer/toolchains/gnu_arm/4.8_2013q4/bin/../lib/gcc/arm-none-eabi/4.8.3/armv7-m\libgcc.a
LOAD c:/siliconlabs/simplicitystudio/v3/developer/toolchains/gnu_arm/4.8_2013q4/bin/../lib/gcc/arm-none-eabi/4.8.3/../../../../arm-none-eabi/lib/armv7-m\libg_s.a
LOAD c:/siliconlabs/simplicitystudio/v3/developer/toolchains/gnu_arm/4.8_2013q4/bin/../lib/gcc/arm-none-eabi/4.8.3/../../../../arm-none-eabi/lib/armv7-m\libc_s.a
END GROUP
START GROUP
LOAD c:/siliconlabs/simplicitystudio/v3/developer/toolchains/gnu_arm/4.8_2013q4/bin/../lib/gcc/arm-none-eabi/4.8.3/armv7-m\libgcc.a
LOAD c:/siliconlabs/simplicitystudio/v3/developer/toolchains/gnu_arm/4.8_2013q4/bin/../lib/gcc/arm-none-eabi/4.8.3/../../../../arm-none-eabi/lib/armv7-m\libc_s.a
LOAD c:/siliconlabs/simplicitystudio/v3/developer/toolchains/gnu_arm/4.8_2013q4/bin/../lib/gcc/arm-none-eabi/4.8.3/../../../../arm-none-eabi/lib/armv7-m\libnosys.a
END GROUP
START GROUP
LOAD c:/siliconlabs/simplicitystudio/v3/developer/toolchains/gnu_arm/4.8_2013q4/bin/../lib/gcc/arm-none-eabi/4.8.3/armv7-m\libgcc.a
LOAD c:/siliconlabs/simplicitystudio/v3/developer/toolchains/gnu_arm/4.8_2013q4/bin/../lib/gcc/arm-none-eabi/4.8.3/../../../../arm-none-eabi/lib/armv7-m\libc_s.a
LOAD c:/siliconlabs/simplicitystudio/v3/developer/toolchains/gnu_arm/4.8_2013q4/bin/../lib/gcc/arm-none-eabi/4.8.3/../../../../arm-none-eabi/lib/armv7-m\libnosys.a
END GROUP
LOAD c:/siliconlabs/simplicitystudio/v3/developer/toolchains/gnu_arm/4.8_2013q4/bin/../lib/gcc/arm-none-eabi/4.8.3/armv7-m/crtend.o
LOAD c:/siliconlabs/simplicitystudio/v3/developer/toolchains/gnu_arm/4.8_2013q4/bin/../lib/gcc/arm-none-eabi/4.8.3/armv7-m/crtn.o
                0x000000e0                __vector_size = 0xe0

.text           0x00000000     0x8ad8
 *(.isr_vector)
 .isr_vector    0x00000000      0x100 ./mbed/targets/cmsis/TARGET_Silicon_Labs/TARGET_EFM32/TARGET_EFM32LG_STK3600/TOOLCHAIN_GCC_ARM/startup_efm32lg.o
                0x00000000                __isr_vector
 *(.text*)
 .text          0x00000100       0x54 c:/siliconlabs/simplicitystudio/v3/developer/toolchains/gnu_arm/4.8_2013q4/bin/../lib/gcc/arm-none-eabi/4.8.3/armv7-m/crtbegin.o
 .text          0x00000154       0x74 c:/siliconlabs/simplicitystudio/v3/developer/toolchains/gnu_arm/4.8_2013q4/bin/../lib/gcc/arm-none-eabi/4.8.3/../../../../arm-none-eabi/lib/armv7-m/crt0.o
                0x00000154                _start
                0x00000154                _mainCRTStartup
 .text.ADC_CalibrateLoadSingle
                0x000001c8      0x138 ./mbed/targets/hal/TARGET_Silicon_Labs/TARGET_EFM32/emlib/src/em_adc.o
 .text.ADC_Init
                0x00000300       0x54 ./mbed/targets/hal/TARGET_Silicon_Labs/TARGET_EFM32/emlib/src/em_adc.o
                0x00000300                ADC_Init
 .text.ADC_InitSingle
                0x00000354       0x90 ./mbed/targets/hal/TARGET_Silicon_Labs/TARGET_EFM32/emlib/src/em_adc.o
                0x00000354                ADC_InitSingle
 .text.ADC_PrescaleCalc
                0x000003e4       0x64 ./mbed/targets/hal/TARGET_Silicon_Labs/TARGET_EFM32/emlib/src/em_adc.o
                0x000003e4                ADC_PrescaleCalc
 .text.ADC_TimebaseCalc
                0x00000448       0x60 ./mbed/targets/hal/TARGET_Silicon_Labs/TARGET_EFM32/emlib/src/em_adc.o
                0x00000448                ADC_TimebaseCalc
 .text.BITBAND_Peripheral
                0x000004a8       0x24 ./mbed/targets/hal/TARGET_Silicon_Labs/TARGET_EFM32/emlib/src/em_cmu.o
 .text.CMU_MaxFreqHfle
                0x000004cc       0x94 ./mbed/targets/hal/TARGET_Silicon_Labs/TARGET_EFM32/emlib/src/em_cmu.o
 .text.CMU_FlashWaitStateControl
                0x00000560       0xbc ./mbed/targets/hal/TARGET_Silicon_Labs/TARGET_EFM32/emlib/src/em_cmu.o
 .text.CMU_FlashWaitStateMax
                0x0000061c       0x18 ./mbed/targets/hal/TARGET_Silicon_Labs/TARGET_EFM32/emlib/src/em_cmu.o
 .text.CMU_DivToLog2
                0x00000634       0x34 ./mbed/targets/hal/TARGET_Silicon_Labs/TARGET_EFM32/emlib/src/em_cmu.o
 .text.CMU_USBCClkGet
                0x00000668       0x4c ./mbed/targets/hal/TARGET_Silicon_Labs/TARGET_EFM32/emlib/src/em_cmu.o
 .text.CMU_AUXClkGet
                0x000006b4       0x84 ./mbed/targets/hal/TARGET_Silicon_Labs/TARGET_EFM32/emlib/src/em_cmu.o
 .text.CMU_DBGClkGet
                0x00000738       0x58 ./mbed/targets/hal/TARGET_Silicon_Labs/TARGET_EFM32/emlib/src/em_cmu.o
 .text.CMU_LFClkGet
                0x00000790       0xb4 ./mbed/targets/hal/TARGET_Silicon_Labs/TARGET_EFM32/emlib/src/em_cmu.o
 .text.CMU_Sync
                0x00000844       0x28 ./mbed/targets/hal/TARGET_Silicon_Labs/TARGET_EFM32/emlib/src/em_cmu.o
 .text.CMU_ClockDivSet
                0x0000086c      0x240 ./mbed/targets/hal/TARGET_Silicon_Labs/TARGET_EFM32/emlib/src/em_cmu.o
                0x0000086c                CMU_ClockDivSet
 .text.CMU_ClockEnable
                0x00000aac       0xe0 ./mbed/targets/hal/TARGET_Silicon_Labs/TARGET_EFM32/emlib/src/em_cmu.o
                0x00000aac                CMU_ClockEnable
 .text.CMU_ClockFreqGet
                0x00000b8c      0x1f8 ./mbed/targets/hal/TARGET_Silicon_Labs/TARGET_EFM32/emlib/src/em_cmu.o
                0x00000b8c                CMU_ClockFreqGet
 .text.CMU_ClockSelectGet
                0x00000d84      0x184 ./mbed/targets/hal/TARGET_Silicon_Labs/TARGET_EFM32/emlib/src/em_cmu.o
                0x00000d84                CMU_ClockSelectGet
 .text.CMU_ClockSelectSet
                0x00000f08      0x2b0 ./mbed/targets/hal/TARGET_Silicon_Labs/TARGET_EFM32/emlib/src/em_cmu.o
                0x00000f08                CMU_ClockSelectSet
 .text.CMU_AUXHFRCOBandSet
                0x000011b8       0xac ./mbed/targets/hal/TARGET_Silicon_Labs/TARGET_EFM32/emlib/src/em_cmu.o
                0x000011b8                CMU_AUXHFRCOBandSet
 .text.CMU_HFRCOBandSet
                0x00001264       0xd4 ./mbed/targets/hal/TARGET_Silicon_Labs/TARGET_EFM32/emlib/src/em_cmu.o
                0x00001264                CMU_HFRCOBandSet
 .text.CMU_OscillatorEnable
                0x00001338       0xc8 ./mbed/targets/hal/TARGET_Silicon_Labs/TARGET_EFM32/emlib/src/em_cmu.o
                0x00001338                CMU_OscillatorEnable
 .text.NVIC_EnableIRQ
                0x00001400       0x2c ./mbed/targets/hal/TARGET_Silicon_Labs/TARGET_EFM32/emlib/src/em_dma.o
 .text.NVIC_DisableIRQ
                0x0000142c       0x2c ./mbed/targets/hal/TARGET_Silicon_Labs/TARGET_EFM32/emlib/src/em_dma.o
 .text.NVIC_ClearPendingIRQ
                0x00001458       0x2c ./mbed/targets/hal/TARGET_Silicon_Labs/TARGET_EFM32/emlib/src/em_dma.o
 .text.BITBAND_Peripheral
                0x00001484       0x24 ./mbed/targets/hal/TARGET_Silicon_Labs/TARGET_EFM32/emlib/src/em_dma.o
 .text.DMA_Prepare
                0x000014a8      0x10c ./mbed/targets/hal/TARGET_Silicon_Labs/TARGET_EFM32/emlib/src/em_dma.o
 .text.DMA_IRQHandler
                0x000015b4       0xe0 ./mbed/targets/hal/TARGET_Silicon_Labs/TARGET_EFM32/emlib/src/em_dma.o
                0x000015b4                DMA_IRQHandler
 .text.DMA_ActivateBasic
                0x00001694       0x48 ./mbed/targets/hal/TARGET_Silicon_Labs/TARGET_EFM32/emlib/src/em_dma.o
                0x00001694                DMA_ActivateBasic
 .text.DMA_CfgChannel
                0x000016dc       0x8c ./mbed/targets/hal/TARGET_Silicon_Labs/TARGET_EFM32/emlib/src/em_dma.o
                0x000016dc                DMA_CfgChannel
 .text.DMA_CfgDescr
                0x00001768       0x68 ./mbed/targets/hal/TARGET_Silicon_Labs/TARGET_EFM32/emlib/src/em_dma.o
                0x00001768                DMA_CfgDescr
 .text.DMA_ChannelEnable
                0x000017d0       0x34 ./mbed/targets/hal/TARGET_Silicon_Labs/TARGET_EFM32/emlib/src/em_dma.o
                0x000017d0                DMA_ChannelEnable
 .text.DMA_Init
                0x00001804       0x50 ./mbed/targets/hal/TARGET_Silicon_Labs/TARGET_EFM32/emlib/src/em_dma.o
                0x00001804                DMA_Init
 .text.DMA_Reset
                0x00001854       0x84 ./mbed/targets/hal/TARGET_Silicon_Labs/TARGET_EFM32/emlib/src/em_dma.o
                0x00001854                DMA_Reset
 .text.SystemCoreClockUpdate
                0x000018d8        0x8 ./mbed/targets/hal/TARGET_Silicon_Labs/TARGET_EFM32/emlib/src/em_emu.o
 .text.EMU_Unlock
                0x000018e0       0x10 ./mbed/targets/hal/TARGET_Silicon_Labs/TARGET_EFM32/emlib/src/em_emu.o
 .text.CMU_Lock
                0x000018f0       0x10 ./mbed/targets/hal/TARGET_Silicon_Labs/TARGET_EFM32/emlib/src/em_emu.o
 .text.CMU_Unlock
                0x00001900       0x10 ./mbed/targets/hal/TARGET_Silicon_Labs/TARGET_EFM32/emlib/src/em_emu.o
 .text.EMU_Restore
                0x00001910       0xf4 ./mbed/targets/hal/TARGET_Silicon_Labs/TARGET_EFM32/emlib/src/em_emu.o
 .text.getErrataFixEmuE107En
                0x00001a04       0x6c ./mbed/targets/hal/TARGET_Silicon_Labs/TARGET_EFM32/emlib/src/em_emu.o
 .text.EMU_EnterEM2
                0x00001a70       0xa4 ./mbed/targets/hal/TARGET_Silicon_Labs/TARGET_EFM32/emlib/src/em_emu.o
                0x00001a70                EMU_EnterEM2
 .text.EMU_EnterEM3
                0x00001b14       0xc4 ./mbed/targets/hal/TARGET_Silicon_Labs/TARGET_EFM32/emlib/src/em_emu.o
                0x00001b14                EMU_EnterEM3
 .text.EMU_EnterEM4
                0x00001bd8       0x50 ./mbed/targets/hal/TARGET_Silicon_Labs/TARGET_EFM32/emlib/src/em_emu.o
                0x00001bd8                EMU_EnterEM4
 .text.EMU_UpdateOscConfig
                0x00001c28       0x14 ./mbed/targets/hal/TARGET_Silicon_Labs/TARGET_EFM32/emlib/src/em_emu.o
                0x00001c28                EMU_UpdateOscConfig
 .text.GPIO_DriveModeSet
                0x00001c3c       0x5c ./mbed/targets/hal/TARGET_Silicon_Labs/TARGET_EFM32/emlib/src/em_gpio.o
                0x00001c3c                GPIO_DriveModeSet
 .text.GPIO_PinModeSet
                0x00001c98      0x160 ./mbed/targets/hal/TARGET_Silicon_Labs/TARGET_EFM32/emlib/src/em_gpio.o
                0x00001c98                GPIO_PinModeSet
 .text.BITBAND_Peripheral
                0x00001df8       0x24 ./mbed/targets/hal/TARGET_Silicon_Labs/TARGET_EFM32/emlib/src/em_i2c.o
 .text.I2C_BusFreqSet
                0x00001e1c       0x8c ./mbed/targets/hal/TARGET_Silicon_Labs/TARGET_EFM32/emlib/src/em_i2c.o
                0x00001e1c                I2C_BusFreqSet
 .text.I2C_Init
                0x00001ea8       0x74 ./mbed/targets/hal/TARGET_Silicon_Labs/TARGET_EFM32/emlib/src/em_i2c.o
                0x00001ea8                I2C_Init
 .text.I2C_Transfer
                0x00001f1c      0x444 ./mbed/targets/hal/TARGET_Silicon_Labs/TARGET_EFM32/emlib/src/em_i2c.o
                0x00001f1c                I2C_Transfer
 .text.I2C_TransferInit
                0x00002360       0xe0 ./mbed/targets/hal/TARGET_Silicon_Labs/TARGET_EFM32/emlib/src/em_i2c.o
                0x00002360                I2C_TransferInit
 .text.LETIMER_CompareGet
                0x00002440       0x44 ./mbed/targets/hal/TARGET_Silicon_Labs/TARGET_EFM32/emlib/src/em_letimer.o
                0x00002440                LETIMER_CompareGet
 .text.LETIMER_CompareSet
                0x00002484       0x4c ./mbed/targets/hal/TARGET_Silicon_Labs/TARGET_EFM32/emlib/src/em_letimer.o
                0x00002484                LETIMER_CompareSet
 .text.LETIMER_Enable
                0x000024d0       0x24 ./mbed/targets/hal/TARGET_Silicon_Labs/TARGET_EFM32/emlib/src/em_letimer.o
                0x000024d0                LETIMER_Enable
 .text.LETIMER_Init
                0x000024f4       0xe0 ./mbed/targets/hal/TARGET_Silicon_Labs/TARGET_EFM32/emlib/src/em_letimer.o
                0x000024f4                LETIMER_Init
 .text.LEUART_Sync
                0x000025d4       0x28 ./mbed/targets/hal/TARGET_Silicon_Labs/TARGET_EFM32/emlib/src/em_leuart.o
 .text.LEUART_BaudrateSet
                0x000025fc       0x7c ./mbed/targets/hal/TARGET_Silicon_Labs/TARGET_EFM32/emlib/src/em_leuart.o
                0x000025fc                LEUART_BaudrateSet
 .text.LEUART_Enable
                0x00002678       0x5c ./mbed/targets/hal/TARGET_Silicon_Labs/TARGET_EFM32/emlib/src/em_leuart.o
                0x00002678                LEUART_Enable
 .text.LEUART_FreezeEnable
                0x000026d4       0x30 ./mbed/targets/hal/TARGET_Silicon_Labs/TARGET_EFM32/emlib/src/em_leuart.o
                0x000026d4                LEUART_FreezeEnable
 .text.LEUART_Init
                0x00002704       0x80 ./mbed/targets/hal/TARGET_Silicon_Labs/TARGET_EFM32/emlib/src/em_leuart.o
                0x00002704                LEUART_Init
 .text.LEUART_Rx
                0x00002784       0x20 ./mbed/targets/hal/TARGET_Silicon_Labs/TARGET_EFM32/emlib/src/em_leuart.o
                0x00002784                LEUART_Rx
 .text.LEUART_Tx
                0x000027a4       0x30 ./mbed/targets/hal/TARGET_Silicon_Labs/TARGET_EFM32/emlib/src/em_leuart.o
                0x000027a4                LEUART_Tx
 .text.INT_Disable
                0x000027d4       0x24 ./mbed/targets/hal/TARGET_Silicon_Labs/TARGET_EFM32/emlib/src/em_msc.o
 .text.INT_Enable
                0x000027f8       0x34 ./mbed/targets/hal/TARGET_Silicon_Labs/TARGET_EFM32/emlib/src/em_msc.o
 .text.MSC_LoadVerifyAddress
                0x0000282c       0x78 ./mbed/targets/hal/TARGET_Silicon_Labs/TARGET_EFM32/emlib/src/em_msc.o
 .text.MSC_LoadWriteData
                0x000028a4      0x154 ./mbed/targets/hal/TARGET_Silicon_Labs/TARGET_EFM32/emlib/src/em_msc.o
 .text.MSC_WriteWordI
                0x000029f8       0xd0 ./mbed/targets/hal/TARGET_Silicon_Labs/TARGET_EFM32/emlib/src/em_msc.o
 .text.SYSTEM_ChipRevisionGet
                0x00002ac8       0x78 ./mbed/targets/hal/TARGET_Silicon_Labs/TARGET_EFM32/emlib/src/em_system.o
                0x00002ac8                SYSTEM_ChipRevisionGet
 .text.TIMER_InitCC
                0x00002b40       0xc4 ./mbed/targets/hal/TARGET_Silicon_Labs/TARGET_EFM32/emlib/src/em_timer.o
                0x00002b40                TIMER_InitCC
 .text.USART_BaudrateAsyncSet
                0x00002c04       0xb4 ./mbed/targets/hal/TARGET_Silicon_Labs/TARGET_EFM32/emlib/src/em_usart.o
                0x00002c04                USART_BaudrateAsyncSet
 .text.USART_Enable
                0x00002cb8       0x6c ./mbed/targets/hal/TARGET_Silicon_Labs/TARGET_EFM32/emlib/src/em_usart.o
                0x00002cb8                USART_Enable
 .text.USART_InitAsync
                0x00002d24       0xb0 ./mbed/targets/hal/TARGET_Silicon_Labs/TARGET_EFM32/emlib/src/em_usart.o
                0x00002d24                USART_InitAsync
 .text.USART_Reset
                0x00002dd4       0xa8 ./mbed/targets/hal/TARGET_Silicon_Labs/TARGET_EFM32/emlib/src/em_usart.o
                0x00002dd4                USART_Reset
 .text.USART_Rx
                0x00002e7c       0x20 ./mbed/targets/hal/TARGET_Silicon_Labs/TARGET_EFM32/emlib/src/em_usart.o
                0x00002e7c                USART_Rx
 .text.USART_Tx
                0x00002e9c       0x24 ./mbed/targets/hal/TARGET_Silicon_Labs/TARGET_EFM32/emlib/src/em_usart.o
                0x00002e9c                USART_Tx
 .text.GPIO_PinOutClear
                0x00002ec0       0x40 ./mbed/targets/hal/TARGET_Silicon_Labs/TARGET_EFM32/gpio_api.o
 .text.GPIO_PinOutSet
                0x00002f00       0x40 ./mbed/targets/hal/TARGET_Silicon_Labs/TARGET_EFM32/gpio_api.o
 .text.gpio_write
                0x00002f40       0x50 ./mbed/targets/hal/TARGET_Silicon_Labs/TARGET_EFM32/gpio_api.o
                0x00002f40                gpio_write
 .text.gpio_init
                0x00002f90       0x54 ./mbed/targets/hal/TARGET_Silicon_Labs/TARGET_EFM32/gpio_api.o
                0x00002f90                gpio_init
 .text.gpio_mode
                0x00002fe4      0x114 ./mbed/targets/hal/TARGET_Silicon_Labs/TARGET_EFM32/gpio_api.o
                0x00002fe4                gpio_mode
 .text.gpio_dir
                0x000030f8       0x48 ./mbed/targets/hal/TARGET_Silicon_Labs/TARGET_EFM32/gpio_api.o
                0x000030f8                gpio_dir
 .text.GPIO_IntClear
                0x00003140       0x14 ./mbed/targets/hal/TARGET_Silicon_Labs/TARGET_EFM32/gpio_irq_api.o
 .text.GPIO_IntGetEnabled
                0x00003154       0x20 ./mbed/targets/hal/TARGET_Silicon_Labs/TARGET_EFM32/gpio_irq_api.o
 .text.GPIO_PinInGet
                0x00003174       0x44 ./mbed/targets/hal/TARGET_Silicon_Labs/TARGET_EFM32/gpio_irq_api.o
 .text.handle_interrupt_in
                0x000031b8       0xec ./mbed/targets/hal/TARGET_Silicon_Labs/TARGET_EFM32/gpio_irq_api.o
 .text.GPIOINT_IRQDispatcher
                0x000032a4       0x4c ./mbed/targets/hal/TARGET_Silicon_Labs/TARGET_EFM32/gpio_irq_api.o
 .text.GPIO_EVEN_IRQHandler
                0x000032f0       0x24 ./mbed/targets/hal/TARGET_Silicon_Labs/TARGET_EFM32/gpio_irq_api.o
                0x000032f0                GPIO_EVEN_IRQHandler
 .text.GPIO_ODD_IRQHandler
                0x00003314       0x24 ./mbed/targets/hal/TARGET_Silicon_Labs/TARGET_EFM32/gpio_irq_api.o
                0x00003314                GPIO_ODD_IRQHandler
 .text.GPIO_PinOutGet
                0x00003338       0x44 ./mbed/targets/hal/TARGET_Silicon_Labs/TARGET_EFM32/pinmap.o
 .text.pin_mode
                0x0000337c       0x94 ./mbed/targets/hal/TARGET_Silicon_Labs/TARGET_EFM32/pinmap.o
                0x0000337c                pin_mode
 .text.pinmap_get_function_field
                0x00003410       0x3c ./mbed/targets/hal/TARGET_Silicon_Labs/TARGET_EFM32/pinmap_function.o
                0x00003410                pinmap_get_function_field
 .text.pin_location
                0x0000344c       0x48 ./mbed/targets/hal/TARGET_Silicon_Labs/TARGET_EFM32/pinmap_function.o
                0x0000344c                pin_location
 .text.RTC_IntClear
                0x00003494       0x14 ./mbed/targets/hal/TARGET_Silicon_Labs/TARGET_EFM32/rtc_api.o
 .text.RTC_IntGet
                0x000034a8        0xc ./mbed/targets/hal/TARGET_Silicon_Labs/TARGET_EFM32/rtc_api.o
 .text.RTC_IRQHandler
                0x000034b4       0x50 ./mbed/targets/hal/TARGET_Silicon_Labs/TARGET_EFM32/rtc_api.o
                0x000034b4                RTC_IRQHandler
 .text.NVIC_SetPriority
                0x00003504       0x4c ./mbed/targets/hal/TARGET_Silicon_Labs/TARGET_EFM32/serial_api.o
 .text.USART_IntClear
                0x00003550       0x10 ./mbed/targets/hal/TARGET_Silicon_Labs/TARGET_EFM32/serial_api.o
 .text.LEUART_IntGetEnabled
                0x00003560       0x14 ./mbed/targets/hal/TARGET_Silicon_Labs/TARGET_EFM32/serial_api.o
 .text.uart0_rx_irq
                0x00003574       0x14 ./mbed/targets/hal/TARGET_Silicon_Labs/TARGET_EFM32/serial_api.o
 .text.uart0_tx_irq
                0x00003588       0x1c ./mbed/targets/hal/TARGET_Silicon_Labs/TARGET_EFM32/serial_api.o
 .text.uart1_rx_irq
                0x000035a4       0x14 ./mbed/targets/hal/TARGET_Silicon_Labs/TARGET_EFM32/serial_api.o
 .text.uart1_tx_irq
                0x000035b8       0x1c ./mbed/targets/hal/TARGET_Silicon_Labs/TARGET_EFM32/serial_api.o
 .text.usart0_rx_irq
                0x000035d4       0x14 ./mbed/targets/hal/TARGET_Silicon_Labs/TARGET_EFM32/serial_api.o
 .text.usart0_tx_irq
                0x000035e8       0x1c ./mbed/targets/hal/TARGET_Silicon_Labs/TARGET_EFM32/serial_api.o
 .text.usart1_rx_irq
                0x00003604       0x14 ./mbed/targets/hal/TARGET_Silicon_Labs/TARGET_EFM32/serial_api.o
 .text.usart1_tx_irq
                0x00003618       0x1c ./mbed/targets/hal/TARGET_Silicon_Labs/TARGET_EFM32/serial_api.o
 .text.usart2_rx_irq
                0x00003634       0x14 ./mbed/targets/hal/TARGET_Silicon_Labs/TARGET_EFM32/serial_api.o
 .text.usart2_tx_irq
                0x00003648       0x1c ./mbed/targets/hal/TARGET_Silicon_Labs/TARGET_EFM32/serial_api.o
 .text.leuart0_irq
                0x00003664       0x2c ./mbed/targets/hal/TARGET_Silicon_Labs/TARGET_EFM32/serial_api.o
 .text.leuart1_irq
                0x00003690       0x2c ./mbed/targets/hal/TARGET_Silicon_Labs/TARGET_EFM32/serial_api.o
 .text.uart_init
                0x000036bc       0xbc ./mbed/targets/hal/TARGET_Silicon_Labs/TARGET_EFM32/serial_api.o
 .text.serial_get_index
                0x00003778       0x7c ./mbed/targets/hal/TARGET_Silicon_Labs/TARGET_EFM32/serial_api.o
                0x00003778                serial_get_index
 .text.serial_get_clock
                0x000037f4       0x9c ./mbed/targets/hal/TARGET_Silicon_Labs/TARGET_EFM32/serial_api.o
                0x000037f4                serial_get_clock
 .text.serial_preinit
                0x00003890      0x1f0 ./mbed/targets/hal/TARGET_Silicon_Labs/TARGET_EFM32/serial_api.o
                0x00003890                serial_preinit
 .text.serial_enable_pins
                0x00003a80       0x54 ./mbed/targets/hal/TARGET_Silicon_Labs/TARGET_EFM32/serial_api.o
                0x00003a80                serial_enable_pins
 .text.serial_init
                0x00003ad4      0x144 ./mbed/targets/hal/TARGET_Silicon_Labs/TARGET_EFM32/serial_api.o
                0x00003ad4                serial_init
 .text.serial_enable
                0x00003c18       0x8c ./mbed/targets/hal/TARGET_Silicon_Labs/TARGET_EFM32/serial_api.o
                0x00003c18                serial_enable
 .text.serial_baud
                0x00003ca4      0x138 ./mbed/targets/hal/TARGET_Silicon_Labs/TARGET_EFM32/serial_api.o
                0x00003ca4                serial_baud
 .text.uart_irq
                0x00003ddc       0x40 ./mbed/targets/hal/TARGET_Silicon_Labs/TARGET_EFM32/serial_api.o
 .text.serial_getc
                0x00003e1c       0x44 ./mbed/targets/hal/TARGET_Silicon_Labs/TARGET_EFM32/serial_api.o
                0x00003e1c                serial_getc
 .text.serial_putc
                0x00003e60       0x4c ./mbed/targets/hal/TARGET_Silicon_Labs/TARGET_EFM32/serial_api.o
                0x00003e60                serial_putc
 .text.EMU_EnterEM1
                0x00003eac       0x14 ./mbed/targets/hal/TARGET_Silicon_Labs/TARGET_EFM32/sleep.o
 .text.INT_Disable
                0x00003ec0       0x24 ./mbed/targets/hal/TARGET_Silicon_Labs/TARGET_EFM32/sleep.o
 .text.INT_Enable
                0x00003ee4       0x34 ./mbed/targets/hal/TARGET_Silicon_Labs/TARGET_EFM32/sleep.o
 .text.sleep    0x00003f18       0x48 ./mbed/targets/hal/TARGET_Silicon_Labs/TARGET_EFM32/sleep.o
                0x00003f18                sleep
 .text.blockSleepMode
                0x00003f60       0x30 ./mbed/targets/hal/TARGET_Silicon_Labs/TARGET_EFM32/sleep.o
                0x00003f60                blockSleepMode
 .text.unblockSleepMode
                0x00003f90       0x3c ./mbed/targets/hal/TARGET_Silicon_Labs/TARGET_EFM32/sleep.o
                0x00003f90                unblockSleepMode
 .text.NVIC_EnableIRQ
                0x00003fcc       0x2c ./mbed/targets/hal/TARGET_Silicon_Labs/TARGET_EFM32/us_ticker.o
 .text.TIMER_CompareSet
                0x00003ff8       0x1c ./mbed/targets/hal/TARGET_Silicon_Labs/TARGET_EFM32/us_ticker.o
 .text.TIMER_CounterSet
                0x00004014       0x10 ./mbed/targets/hal/TARGET_Silicon_Labs/TARGET_EFM32/us_ticker.o
 .text.TIMER_Enable
                0x00004024       0x58 ./mbed/targets/hal/TARGET_Silicon_Labs/TARGET_EFM32/us_ticker.o
 .text.TIMER_IntClear
                0x0000407c       0x10 ./mbed/targets/hal/TARGET_Silicon_Labs/TARGET_EFM32/us_ticker.o
 .text.TIMER_IntDisable
                0x0000408c       0x18 ./mbed/targets/hal/TARGET_Silicon_Labs/TARGET_EFM32/us_ticker.o
 .text.TIMER_IntEnable
                0x000040a4       0x18 ./mbed/targets/hal/TARGET_Silicon_Labs/TARGET_EFM32/us_ticker.o
 .text.TIMER_IntGet
                0x000040bc       0x10 ./mbed/targets/hal/TARGET_Silicon_Labs/TARGET_EFM32/us_ticker.o
 .text.TIMER_TopSet
                0x000040cc       0x10 ./mbed/targets/hal/TARGET_Silicon_Labs/TARGET_EFM32/us_ticker.o
 .text.us_ticker_irq_handler_internal
                0x000040dc       0xac ./mbed/targets/hal/TARGET_Silicon_Labs/TARGET_EFM32/us_ticker.o
                0x000040dc                us_ticker_irq_handler_internal
 .text.us_ticker_init
                0x00004188      0x11c ./mbed/targets/hal/TARGET_Silicon_Labs/TARGET_EFM32/us_ticker.o
                0x00004188                us_ticker_init
 .text.us_ticker_read
                0x000042a4       0xac ./mbed/targets/hal/TARGET_Silicon_Labs/TARGET_EFM32/us_ticker.o
                0x000042a4                us_ticker_read
 .text.us_ticker_set_interrupt
                0x00004350      0x104 ./mbed/targets/hal/TARGET_Silicon_Labs/TARGET_EFM32/us_ticker.o
                0x00004350                us_ticker_set_interrupt
 .text.us_ticker_disable_interrupt
                0x00004454       0x24 ./mbed/targets/hal/TARGET_Silicon_Labs/TARGET_EFM32/us_ticker.o
                0x00004454                us_ticker_disable_interrupt
 .text.us_ticker_clear_interrupt
                0x00004478       0x10 ./mbed/targets/hal/TARGET_Silicon_Labs/TARGET_EFM32/us_ticker.o
                0x00004478                us_ticker_clear_interrupt
 .text          0x00004488       0x98 ./mbed/targets/cmsis/TARGET_Silicon_Labs/TARGET_EFM32/TARGET_EFM32LG_STK3600/TOOLCHAIN_GCC_ARM/startup_efm32lg.o
                0x00004488                Reset_Handler
                0x000044bc                Default_Handler
                0x000044be                NMI_Handler
                0x000044c0                HardFault_Handler
                0x000044c2                MemManage_Handler
                0x000044c4                BusFault_Handler
                0x000044c6                UsageFault_Handler
                0x000044c8                SVC_Handler
                0x000044ca                DebugMon_Handler
                0x000044cc                PendSV_Handler
                0x000044ce                SysTick_Handler
                0x000044d4                TIMER0_IRQHandler
                0x000044d6                USART0_RX_IRQHandler
                0x000044d8                USART0_TX_IRQHandler
                0x000044da                USB_IRQHandler
                0x000044dc                ACMP0_IRQHandler
                0x000044de                ADC0_IRQHandler
                0x000044e0                DAC0_IRQHandler
                0x000044e2                I2C0_IRQHandler
                0x000044e8                TIMER1_IRQHandler
                0x000044ea                TIMER2_IRQHandler
                0x000044ec                TIMER3_IRQHandler
                0x000044ee                USART1_RX_IRQHandler
                0x000044f0                USART1_TX_IRQHandler
                0x000044f2                LESENSE_IRQHandler
                0x000044f4                USART2_RX_IRQHandler
                0x000044f6                USART2_TX_IRQHandler
                0x000044f8                UART0_RX_IRQHandler
                0x000044fa                UART0_TX_IRQHandler
                0x000044fc                UART1_RX_IRQHandler
                0x000044fe                UART1_TX_IRQHandler
                0x00004502                LEUART1_IRQHandler
                0x00004506                PCNT0_IRQHandler
                0x00004508                PCNT1_IRQHandler
                0x0000450a                PCNT2_IRQHandler
                0x0000450e                BURTC_IRQHandler
                0x00004510                CMU_IRQHandler
                0x00004512                VCMP_IRQHandler
                0x00004514                LCD_IRQHandler
                0x00004516                MSC_IRQHandler
                0x00004518                AES_IRQHandler
                0x0000451a                EBI_IRQHandler
                0x0000451c                EMU_IRQHandler
 .text.NVIC_SetVector
                0x00004520       0x68 ./mbed/targets/cmsis/TARGET_Silicon_Labs/TARGET_EFM32/TARGET_EFM32LG_STK3600/cmsis_nvic.o
                0x00004520                NVIC_SetVector
 .text.GetProdRev
                0x00004588       0x10 ./mbed/targets/cmsis/TARGET_Silicon_Labs/TARGET_EFM32/TARGET_EFM32LG_STK3600/system_efm32lg.o
 .text.SystemCoreClockGet
                0x00004598       0x48 ./mbed/targets/cmsis/TARGET_Silicon_Labs/TARGET_EFM32/TARGET_EFM32LG_STK3600/system_efm32lg.o
                0x00004598                SystemCoreClockGet
 .text.SystemHFClockGet
                0x000045e0       0xf0 ./mbed/targets/cmsis/TARGET_Silicon_Labs/TARGET_EFM32/TARGET_EFM32LG_STK3600/system_efm32lg.o
                0x000045e0                SystemHFClockGet
 .text.SystemHFXOClockGet
                0x000046d0        0xc ./mbed/targets/cmsis/TARGET_Silicon_Labs/TARGET_EFM32/TARGET_EFM32LG_STK3600/system_efm32lg.o
                0x000046d0                SystemHFXOClockGet
 .text.SystemInit
                0x000046dc        0x4 ./mbed/targets/cmsis/TARGET_Silicon_Labs/TARGET_EFM32/TARGET_EFM32LG_STK3600/system_efm32lg.o
                0x000046dc                SystemInit
 .text.SystemLFRCOClockGet
                0x000046e0        0x8 ./mbed/targets/cmsis/TARGET_Silicon_Labs/TARGET_EFM32/TARGET_EFM32LG_STK3600/system_efm32lg.o
                0x000046e0                SystemLFRCOClockGet
 .text.SystemULFRCOClockGet
                0x000046e8        0x8 ./mbed/targets/cmsis/TARGET_Silicon_Labs/TARGET_EFM32/TARGET_EFM32LG_STK3600/system_efm32lg.o
                0x000046e8                SystemULFRCOClockGet
 .text.SystemLFXOClockGet
                0x000046f0        0xc ./mbed/targets/cmsis/TARGET_Silicon_Labs/TARGET_EFM32/TARGET_EFM32LG_STK3600/system_efm32lg.o
                0x000046f0                SystemLFXOClockGet
 .text._ZN4mbed19FunctionPointerArg1IviEC2EPFviE
                0x000046fc       0x1c ./mbed/common/I2C.o
                0x000046fc                mbed::FunctionPointerArg1<void, int>::FunctionPointerArg1(void (*)(int))
                0x000046fc                mbed::FunctionPointerArg1<void, int>::FunctionPointerArg1(void (*)(int))
 .text._ZN4mbed19FunctionPointerArg1IviE6attachEPFviE
                0x00004718       0x18 ./mbed/common/I2C.o
                0x00004718                mbed::FunctionPointerArg1<void, int>::attach(void (*)(int))
 .text._ZN4mbed13transaction_tC2Ev
                0x00004730       0x1c ./mbed/common/SPI.o
                0x00004730                mbed::transaction_t::transaction_t()
                0x00004730                mbed::transaction_t::transaction_t()
 .text._ZN4mbed14CircularBufferINS_11TransactionINS_3SPIEEELm4EmEC2Ev
                0x0000474c       0x40 ./mbed/common/SPI.o
                0x0000474c                mbed::CircularBuffer<mbed::Transaction<mbed::SPI>, 4ul, unsigned long>::CircularBuffer()
                0x0000474c                mbed::CircularBuffer<mbed::Transaction<mbed::SPI>, 4ul, unsigned long>::CircularBuffer()
 .text._ZN4mbed11TransactionINS_3SPIEED2Ev
                0x0000478c        0xc ./mbed/common/SPI.o
                0x0000478c                mbed::Transaction<mbed::SPI>::~Transaction()
                0x0000478c                mbed::Transaction<mbed::SPI>::~Transaction()
 .text._ZN4mbed11TransactionINS_3SPIEEC2Ev
                0x00004798       0x68 ./mbed/common/SPI.o
                0x00004798                mbed::Transaction<mbed::SPI>::Transaction()
                0x00004798                mbed::Transaction<mbed::SPI>::Transaction()
 .text._Z41__static_initialization_and_destruction_0ii
                0x00004800       0x3c ./mbed/common/SPI.o
 .text._ZN4mbed14CircularBufferINS_11TransactionINS_3SPIEEELm4EmED2Ev
                0x0000483c       0x2c ./mbed/common/SPI.o
                0x0000483c                mbed::CircularBuffer<mbed::Transaction<mbed::SPI>, 4ul, unsigned long>::~CircularBuffer()
                0x0000483c                mbed::CircularBuffer<mbed::Transaction<mbed::SPI>, 4ul, unsigned long>::~CircularBuffer()
 .text._GLOBAL__sub_I__ZN4mbed3SPI19_transaction_bufferE
                0x00004868       0x10 ./mbed/common/SPI.o
 .text.mbed_assert_internal
                0x00004878       0x20 ./mbed/common/assert.o
                0x00004878                mbed_assert_internal
 .text.mbed_die
                0x00004898       0x8c ./mbed/common/board.o
                0x00004898                mbed_die
 .text.error    0x00004924       0x24 ./mbed/common/error.o
                0x00004924                error
 .text._gpio_init_out
                0x00004948       0x4c ./mbed/common/gpio.o
 .text.gpio_init_out
                0x00004994       0x20 ./mbed/common/gpio.o
                0x00004994                gpio_init_out
 .text.gpio_init_out_ex
                0x000049b4       0x24 ./mbed/common/gpio.o
                0x000049b4                gpio_init_out_ex
 .text.pinmap_merge
                0x000049d8       0x44 ./mbed/common/pinmap_common.o
                0x000049d8                pinmap_merge
 .text.pinmap_find_peripheral
                0x00004a1c       0x3c ./mbed/common/pinmap_common.o
                0x00004a1c                pinmap_find_peripheral
 .text.pinmap_peripheral
                0x00004a58       0x4c ./mbed/common/pinmap_common.o
                0x00004a58                pinmap_peripheral
 .text._ZL11init_serialv
                0x00004aa4       0x20 ./mbed/common/retarget.o
 .text._close   0x00004ac4       0x50 ./mbed/common/retarget.o
                0x00004ac4                _close
 .text._write   0x00004b14       0x88 ./mbed/common/retarget.o
                0x00004b14                _write
 .text._read    0x00004b9c       0x74 ./mbed/common/retarget.o
                0x00004b9c                _read
 .text._isatty  0x00004c10       0x44 ./mbed/common/retarget.o
                0x00004c10                _isatty
 .text._lseek   0x00004c54       0x4c ./mbed/common/retarget.o
                0x00004c54                _lseek
 .text._fstat   0x00004ca0       0x3c ./mbed/common/retarget.o
                0x00004ca0                _fstat
 .text._sbrk    0x00004cdc       0x58 ./mbed/common/retarget.o
                0x00004cdc                _sbrk
 .text._exit    0x00004d34       0x30 ./mbed/common/retarget.o
                0x00004d34                _exit
 .text.ticker_irq_handler
                0x00004d64       0x88 ./mbed/common/ticker_api.o
                0x00004d64                ticker_irq_handler
 .text.us_ticker_irq_handler
                0x00004dec       0x10 ./mbed/common/us_ticker_api.o
                0x00004dec                us_ticker_irq_handler
 .text.wait_ms  0x00004dfc       0x1c ./mbed/common/wait_api.o
                0x00004dfc                wait_ms
 .text.wait_us  0x00004e18       0x24 ./mbed/common/wait_api.o
                0x00004e18                wait_us
 .text.__aeabi_atexit
                0x00004e3c        0xa c:/siliconlabs/simplicitystudio/v3/developer/toolchains/gnu_arm/4.8_2013q4/bin/../lib/gcc/arm-none-eabi/4.8.3/../../../../arm-none-eabi/lib/armv7-m\libstdc++_s.a(atexit_arm.o)
                0x00004e3c                __aeabi_atexit
 *fill*         0x00004e46        0x2 
 .text          0x00004e48      0x21c c:/siliconlabs/simplicitystudio/v3/developer/toolchains/gnu_arm/4.8_2013q4/bin/../lib/gcc/arm-none-eabi/4.8.3/armv7-m\libgcc.a(_arm_addsubsf3.o)
                0x00004e48                __aeabi_frsub
                0x00004e50                __subsf3
                0x00004e50                __aeabi_fsub
                0x00004e54                __aeabi_fadd
                0x00004e54                __addsf3
                0x00004fb4                __aeabi_ui2f
                0x00004fb4                __floatunsisf
                0x00004fbc                __aeabi_i2f
                0x00004fbc                __floatsisf
                0x00004fd8                __aeabi_ul2f
                0x00004fd8                __floatundisf
                0x00004fe8                __aeabi_l2f
                0x00004fe8                __floatdisf
 .text          0x00005064      0x2a0 c:/siliconlabs/simplicitystudio/v3/developer/toolchains/gnu_arm/4.8_2013q4/bin/../lib/gcc/arm-none-eabi/4.8.3/armv7-m\libgcc.a(_arm_muldivsf3.o)
                0x00005064                __mulsf3
                0x00005064                __aeabi_fmul
                0x000051cc                __aeabi_fdiv
                0x000051cc                __divsf3
 .text          0x00005304       0x4c c:/siliconlabs/simplicitystudio/v3/developer/toolchains/gnu_arm/4.8_2013q4/bin/../lib/gcc/arm-none-eabi/4.8.3/armv7-m\libgcc.a(_arm_fixsfsi.o)
                0x00005304                __aeabi_f2iz
                0x00005304                __fixsfsi
 .text          0x00005350       0x2c c:/siliconlabs/simplicitystudio/v3/developer/toolchains/gnu_arm/4.8_2013q4/bin/../lib/gcc/arm-none-eabi/4.8.3/armv7-m\libgcc.a(_aeabi_uldivmod.o)
                0x00005350                __aeabi_uldivmod
 .text          0x0000537c       0x60 c:/siliconlabs/simplicitystudio/v3/developer/toolchains/gnu_arm/4.8_2013q4/bin/../lib/gcc/arm-none-eabi/4.8.3/armv7-m\libgcc.a(bpabi.o)
                0x0000537c                __gnu_ldivmod_helper
                0x000053ac                __gnu_uldivmod_helper
 .text          0x000053dc        0x4 c:/siliconlabs/simplicitystudio/v3/developer/toolchains/gnu_arm/4.8_2013q4/bin/../lib/gcc/arm-none-eabi/4.8.3/armv7-m\libgcc.a(_dvmd_tls.o)
                0x000053dc                __aeabi_idiv0
                0x000053dc                __aeabi_ldiv0
 .text          0x000053e0      0x2a0 c:/siliconlabs/simplicitystudio/v3/developer/toolchains/gnu_arm/4.8_2013q4/bin/../lib/gcc/arm-none-eabi/4.8.3/armv7-m\libgcc.a(_divdi3.o)
                0x000053e0                __divdi3
 .text          0x00005680      0x290 c:/siliconlabs/simplicitystudio/v3/developer/toolchains/gnu_arm/4.8_2013q4/bin/../lib/gcc/arm-none-eabi/4.8.3/armv7-m\libgcc.a(_udivdi3.o)
                0x00005680                __udivdi3
 .text.ADC_Start
                0x00005910       0x18 ./src/adc.o
 .text._Z14ADC_Initializev
                0x00005928       0xd4 ./src/adc.o
                0x00005928                ADC_Initialize()
 .text._Z12ADC_DMA_Initv
                0x000059fc       0x84 ./src/adc.o
                0x000059fc                ADC_DMA_Init()
 .text._Z11ADC_Restartv
                0x00005a80       0x40 ./src/adc.o
                0x00005a80                ADC_Restart()
 .text._Z15ADC_DMA_Done_CBjbPv
                0x00005ac0      0x184 ./src/adc.o
                0x00005ac0                ADC_DMA_Done_CB(unsigned int, bool, void*)
 .text._Z11BME280_Initv
                0x00005c44      0x250 ./src/bme280.o
                0x00005c44                BME280_Init()
 .text.NVIC_EnableIRQ
                0x00005e94       0x2c ./src/dma.o
 .text._Z14DMA_Initializev
                0x00005ec0       0x28 ./src/dma.o
                0x00005ec0                DMA_Initialize()
 .text._Z27DMA_Get_Transfers_Remainingh
                0x00005ee8       0x2c ./src/dma.o
                0x00005ee8                DMA_Get_Transfers_Remaining(unsigned char)
 .text.EE_getPageStatus
                0x00005f14       0x14 ./src/eeprom_emulation.o
 .text.EE_setPageStatusActive
                0x00005f28       0x24 ./src/eeprom_emulation.o
 .text.EE_setPageStatusReceiving
                0x00005f4c       0x24 ./src/eeprom_emulation.o
 .text.EE_validateIfErased
                0x00005f70       0x34 ./src/eeprom_emulation.o
 .text.EE_WriteToPage
                0x00005fa4       0x6c ./src/eeprom_emulation.o
 .text.EE_TransferPage
                0x00006010      0x240 ./src/eeprom_emulation.o
 .text.EE_Init  0x00006250      0x178 ./src/eeprom_emulation.o
                0x00006250                EE_Init
 .text.EE_Read  0x000063c8       0x74 ./src/eeprom_emulation.o
                0x000063c8                EE_Read
 .text.EE_Write
                0x0000643c       0x6c ./src/eeprom_emulation.o
                0x0000643c                EE_Write
 .text.EE_DeclareVariable
                0x000064a8       0x48 ./src/eeprom_emulation.o
                0x000064a8                EE_DeclareVariable
 .text.EE_GetEraseCount
                0x000064f0       0x34 ./src/eeprom_emulation.o
                0x000064f0                EE_GetEraseCount
 .text._Z10Flash_Initv
                0x00006524       0xa0 ./src/flash.o
                0x00006524                Flash_Init()
 .text.NVIC_EnableIRQ
                0x000065c4       0x2c ./src/i2c_drv.o
 .text.I2C_IntClear
                0x000065f0       0x10 ./src/i2c_drv.o
 .text.I2C_IntGet
                0x00006600       0x10 ./src/i2c_drv.o
 .text._Z14I2C_Initializev
                0x00006610       0xe0 ./src/i2c_drv.o
                0x00006610                I2C_Initialize()
 .text._Z17I2C_Write_PollinghthPht
                0x000066f0       0x98 ./src/i2c_drv.o
                0x000066f0                I2C_Write_Polling(unsigned char, unsigned short, unsigned char, unsigned char*, unsigned short)
 .text._Z16I2C_Read_PollinghthPht
                0x00006788       0x98 ./src/i2c_drv.o
                0x00006788                I2C_Read_Polling(unsigned char, unsigned short, unsigned char, unsigned char*, unsigned short)
 .text.I2C1_IRQHandler
                0x00006820       0x30 ./src/i2c_drv.o
                0x00006820                I2C1_IRQHandler
 .text.NVIC_EnableIRQ
                0x00006850       0x2c ./src/leuart.o
 .text.LEUART_IntClear
                0x0000687c       0x10 ./src/leuart.o
 .text.LEUART_IntDisable
                0x0000688c       0x18 ./src/leuart.o
 .text.LEUART_IntEnable
                0x000068a4       0x18 ./src/leuart.o
 .text.LEUART_IntGet
                0x000068bc       0x10 ./src/leuart.o
 .text._Z17LEUART_Initializev
                0x000068cc       0xa0 ./src/leuart.o
                0x000068cc                LEUART_Initialize()
 .text._Z15LEUART_DMA_Initv
                0x0000696c      0x11c ./src/leuart.o
                0x0000696c                LEUART_DMA_Init()
 .text._Z21LEUART_TX_DMA_Done_CBjbPv
                0x00006a88       0x20 ./src/leuart.o
                0x00006a88                LEUART_TX_DMA_Done_CB(unsigned int, bool, void*)
 .text._Z16LEUART_TX_Bufferv
                0x00006aa8       0x64 ./src/leuart.o
                0x00006aa8                LEUART_TX_Buffer()
 .text._Z20LEUART_Put_TX_BufferPhm
                0x00006b0c       0x1c ./src/leuart.o
                0x00006b0c                LEUART_Put_TX_Buffer(unsigned char*, unsigned long)
 .text._Z22LEUART_Reset_RX_Bufferv
                0x00006b28       0x3c ./src/leuart.o
                0x00006b28                LEUART_Reset_RX_Buffer()
 .text._Z21LEUART_RX_DMA_Done_CBjbPv
                0x00006b64       0x40 ./src/leuart.o
                0x00006b64                LEUART_RX_DMA_Done_CB(unsigned int, bool, void*)
 .text.LEUART0_IRQHandler
                0x00006ba4      0x194 ./src/leuart.o
                0x00006ba4                LEUART0_IRQHandler
 .text.NVIC_EnableIRQ
                0x00006d38       0x2c ./src/main.o
 .text.CHIP_Init
                0x00006d64       0x40 ./src/main.o
 .text.LETIMER_IntClear
                0x00006da4       0x10 ./src/main.o
 .text.LETIMER_IntEnable
                0x00006db4       0x18 ./src/main.o
 .text.LETIMER_IntGet
                0x00006dcc       0x10 ./src/main.o
 .text._Z15GPIO_Initializev
                0x00006ddc       0x24 ./src/main.o
                0x00006ddc                GPIO_Initialize()
 .text._Z11Clock_Setupv
                0x00006e00       0x68 ./src/main.o
                0x00006e00                Clock_Setup()
 .text._Z24moveInterruptVectorToRamv
                0x00006e68       0x24 ./src/main.o
                0x00006e68                moveInterruptVectorToRam()
 .text._Z18LETIMER_Initializev
                0x00006e8c       0xb0 ./src/main.o
                0x00006e8c                LETIMER_Initialize()
 .text._Z16convertToCelsiuss
                0x00006f3c       0x70 ./src/main.o
                0x00006f3c                convertToCelsius(short)
 .text._Z17returnTemperaturev
                0x00006fac       0x80 ./src/main.o
                0x00006fac                returnTemperature()
 .text.LETIMER0_IRQHandler
                0x0000702c       0x50 ./src/main.o
                0x0000702c                LETIMER0_IRQHandler
 .text.main     0x0000707c       0x48 ./src/main.o
                0x0000707c                main
 .text.abs      0x000070c4        0x8 c:/siliconlabs/simplicitystudio/v3/developer/toolchains/gnu_arm/4.8_2013q4/bin/../lib/gcc/arm-none-eabi/4.8.3/../../../../arm-none-eabi/lib/armv7-m\libc_s.a(lib_a-abs.o)
                0x000070c4                abs
 .text.__cxa_atexit
                0x000070cc       0x20 c:/siliconlabs/simplicitystudio/v3/developer/toolchains/gnu_arm/4.8_2013q4/bin/../lib/gcc/arm-none-eabi/4.8.3/../../../../arm-none-eabi/lib/armv7-m\libc_s.a(lib_a-cxa_atexit.o)
                0x000070cc                __cxa_atexit
 .text.__errno  0x000070ec        0xc c:/siliconlabs/simplicitystudio/v3/developer/toolchains/gnu_arm/4.8_2013q4/bin/../lib/gcc/arm-none-eabi/4.8.3/../../../../arm-none-eabi/lib/armv7-m\libc_s.a(lib_a-errno.o)
                0x000070ec                __errno
 .text.exit     0x000070f8       0x28 c:/siliconlabs/simplicitystudio/v3/developer/toolchains/gnu_arm/4.8_2013q4/bin/../lib/gcc/arm-none-eabi/4.8.3/../../../../arm-none-eabi/lib/armv7-m\libc_s.a(lib_a-exit.o)
                0x000070f8                exit
 .text.__sflush_r
                0x00007120      0x106 c:/siliconlabs/simplicitystudio/v3/developer/toolchains/gnu_arm/4.8_2013q4/bin/../lib/gcc/arm-none-eabi/4.8.3/../../../../arm-none-eabi/lib/armv7-m\libc_s.a(lib_a-fflush.o)
                0x00007120                __sflush_r
 *fill*         0x00007226        0x2 
 .text._fflush_r
                0x00007228       0x54 c:/siliconlabs/simplicitystudio/v3/developer/toolchains/gnu_arm/4.8_2013q4/bin/../lib/gcc/arm-none-eabi/4.8.3/../../../../arm-none-eabi/lib/armv7-m\libc_s.a(lib_a-fflush.o)
                0x00007228                _fflush_r
 .text.fflush   0x0000727c       0x24 c:/siliconlabs/simplicitystudio/v3/developer/toolchains/gnu_arm/4.8_2013q4/bin/../lib/gcc/arm-none-eabi/4.8.3/../../../../arm-none-eabi/lib/armv7-m\libc_s.a(lib_a-fflush.o)
                0x0000727c                fflush
 .text._cleanup_r
                0x000072a0       0x32 c:/siliconlabs/simplicitystudio/v3/developer/toolchains/gnu_arm/4.8_2013q4/bin/../lib/gcc/arm-none-eabi/4.8.3/../../../../arm-none-eabi/lib/armv7-m\libc_s.a(lib_a-findfp.o)
                0x000072a0                _cleanup_r
 *fill*         0x000072d2        0x2 
 .text.std.isra.0
                0x000072d4       0x48 c:/siliconlabs/simplicitystudio/v3/developer/toolchains/gnu_arm/4.8_2013q4/bin/../lib/gcc/arm-none-eabi/4.8.3/../../../../arm-none-eabi/lib/armv7-m\libc_s.a(lib_a-findfp.o)
 .text.__sfmoreglue
                0x0000731c       0x2c c:/siliconlabs/simplicitystudio/v3/developer/toolchains/gnu_arm/4.8_2013q4/bin/../lib/gcc/arm-none-eabi/4.8.3/../../../../arm-none-eabi/lib/armv7-m\libc_s.a(lib_a-findfp.o)
                0x0000731c                __sfmoreglue
 .text.__sinit  0x00007348       0x60 c:/siliconlabs/simplicitystudio/v3/developer/toolchains/gnu_arm/4.8_2013q4/bin/../lib/gcc/arm-none-eabi/4.8.3/../../../../arm-none-eabi/lib/armv7-m\libc_s.a(lib_a-findfp.o)
                0x00007348                __sinit
 .text.__sfp    0x000073a8       0x74 c:/siliconlabs/simplicitystudio/v3/developer/toolchains/gnu_arm/4.8_2013q4/bin/../lib/gcc/arm-none-eabi/4.8.3/../../../../arm-none-eabi/lib/armv7-m\libc_s.a(lib_a-findfp.o)
                0x000073a8                __sfp
 .text._fwalk_reent
                0x0000741c       0x3c c:/siliconlabs/simplicitystudio/v3/developer/toolchains/gnu_arm/4.8_2013q4/bin/../lib/gcc/arm-none-eabi/4.8.3/../../../../arm-none-eabi/lib/armv7-m\libc_s.a(lib_a-fwalk.o)
                0x0000741c                _fwalk_reent
 .text.__libc_init_array
                0x00007458       0x4c c:/siliconlabs/simplicitystudio/v3/developer/toolchains/gnu_arm/4.8_2013q4/bin/../lib/gcc/arm-none-eabi/4.8.3/../../../../arm-none-eabi/lib/armv7-m\libc_s.a(lib_a-init.o)
                0x00007458                __libc_init_array
 .text.__smakebuf_r
                0x000074a4       0x98 c:/siliconlabs/simplicitystudio/v3/developer/toolchains/gnu_arm/4.8_2013q4/bin/../lib/gcc/arm-none-eabi/4.8.3/../../../../arm-none-eabi/lib/armv7-m\libc_s.a(lib_a-makebuf.o)
                0x000074a4                __smakebuf_r
 .text.memchr   0x0000753c       0x1c c:/siliconlabs/simplicitystudio/v3/developer/toolchains/gnu_arm/4.8_2013q4/bin/../lib/gcc/arm-none-eabi/4.8.3/../../../../arm-none-eabi/lib/armv7-m\libc_s.a(lib_a-memchr-stub.o)
                0x0000753c                memchr
 .text.memcmp   0x00007558       0x1e c:/siliconlabs/simplicitystudio/v3/developer/toolchains/gnu_arm/4.8_2013q4/bin/../lib/gcc/arm-none-eabi/4.8.3/../../../../arm-none-eabi/lib/armv7-m\libc_s.a(lib_a-memcmp.o)
                0x00007558                memcmp
 .text.memcpy   0x00007576       0x12 c:/siliconlabs/simplicitystudio/v3/developer/toolchains/gnu_arm/4.8_2013q4/bin/../lib/gcc/arm-none-eabi/4.8.3/../../../../arm-none-eabi/lib/armv7-m\libc_s.a(lib_a-memcpy-stub.o)
                0x00007576                memcpy
 .text.memmove  0x00007588       0x36 c:/siliconlabs/simplicitystudio/v3/developer/toolchains/gnu_arm/4.8_2013q4/bin/../lib/gcc/arm-none-eabi/4.8.3/../../../../arm-none-eabi/lib/armv7-m\libc_s.a(lib_a-memmove.o)
                0x00007588                memmove
 .text.memset   0x000075be       0x10 c:/siliconlabs/simplicitystudio/v3/developer/toolchains/gnu_arm/4.8_2013q4/bin/../lib/gcc/arm-none-eabi/4.8.3/../../../../arm-none-eabi/lib/armv7-m\libc_s.a(lib_a-memset.o)
                0x000075be                memset
 *fill*         0x000075ce        0x2 
 .text._free_r  0x000075d0       0x88 c:/siliconlabs/simplicitystudio/v3/developer/toolchains/gnu_arm/4.8_2013q4/bin/../lib/gcc/arm-none-eabi/4.8.3/../../../../arm-none-eabi/lib/armv7-m\libc_s.a(lib_a-nano-freer.o)
                0x000075d0                _free_r
 .text._malloc_r
                0x00007658       0xa8 c:/siliconlabs/simplicitystudio/v3/developer/toolchains/gnu_arm/4.8_2013q4/bin/../lib/gcc/arm-none-eabi/4.8.3/../../../../arm-none-eabi/lib/armv7-m\libc_s.a(lib_a-nano-mallocr.o)
                0x00007658                _malloc_r
 .text._sbrk_r  0x00007700       0x20 c:/siliconlabs/simplicitystudio/v3/developer/toolchains/gnu_arm/4.8_2013q4/bin/../lib/gcc/arm-none-eabi/4.8.3/../../../../arm-none-eabi/lib/armv7-m\libc_s.a(lib_a-sbrkr.o)
                0x00007700                _sbrk_r
 .text.sprintf  0x00007720       0x48 c:/siliconlabs/simplicitystudio/v3/developer/toolchains/gnu_arm/4.8_2013q4/bin/../lib/gcc/arm-none-eabi/4.8.3/../../../../arm-none-eabi/lib/armv7-m\libc_s.a(lib_a-sprintf.o)
                0x00007720                siprintf
                0x00007720                sprintf
 .text.__sread  0x00007768       0x22 c:/siliconlabs/simplicitystudio/v3/developer/toolchains/gnu_arm/4.8_2013q4/bin/../lib/gcc/arm-none-eabi/4.8.3/../../../../arm-none-eabi/lib/armv7-m\libc_s.a(lib_a-stdio.o)
                0x00007768                __sread
 .text.__swrite
                0x0000778a       0x38 c:/siliconlabs/simplicitystudio/v3/developer/toolchains/gnu_arm/4.8_2013q4/bin/../lib/gcc/arm-none-eabi/4.8.3/../../../../arm-none-eabi/lib/armv7-m\libc_s.a(lib_a-stdio.o)
                0x0000778a                __swrite
 .text.__sseek  0x000077c2       0x24 c:/siliconlabs/simplicitystudio/v3/developer/toolchains/gnu_arm/4.8_2013q4/bin/../lib/gcc/arm-none-eabi/4.8.3/../../../../arm-none-eabi/lib/armv7-m\libc_s.a(lib_a-stdio.o)
                0x000077c2                __sseek
 .text.__sclose
                0x000077e6        0x8 c:/siliconlabs/simplicitystudio/v3/developer/toolchains/gnu_arm/4.8_2013q4/bin/../lib/gcc/arm-none-eabi/4.8.3/../../../../arm-none-eabi/lib/armv7-m\libc_s.a(lib_a-stdio.o)
                0x000077e6                __sclose
 .text.strlen   0x000077ee       0x10 c:/siliconlabs/simplicitystudio/v3/developer/toolchains/gnu_arm/4.8_2013q4/bin/../lib/gcc/arm-none-eabi/4.8.3/../../../../arm-none-eabi/lib/armv7-m\libc_s.a(lib_a-strlen.o)
                0x000077ee                strlen
 .text.__ssputs_r
                0x000077fe       0xb8 c:/siliconlabs/simplicitystudio/v3/developer/toolchains/gnu_arm/4.8_2013q4/bin/../lib/gcc/arm-none-eabi/4.8.3/../../../../arm-none-eabi/lib/armv7-m\libc_s.a(lib_a-svfprintf.o)
                0x000077fe                __ssputs_r
 *fill*         0x000078b6        0x2 
 .text._svfprintf_r
                0x000078b8      0x1d8 c:/siliconlabs/simplicitystudio/v3/developer/toolchains/gnu_arm/4.8_2013q4/bin/../lib/gcc/arm-none-eabi/4.8.3/../../../../arm-none-eabi/lib/armv7-m\libc_s.a(lib_a-svfprintf.o)
                0x000078b8                _svfiprintf_r
                0x000078b8                _svfprintf_r
 .text.__sfputc_r
                0x00007a90       0x2c c:/siliconlabs/simplicitystudio/v3/developer/toolchains/gnu_arm/4.8_2013q4/bin/../lib/gcc/arm-none-eabi/4.8.3/../../../../arm-none-eabi/lib/armv7-m\libc_s.a(lib_a-vfprintf.o)
 .text.__sfputs_r
                0x00007abc       0x24 c:/siliconlabs/simplicitystudio/v3/developer/toolchains/gnu_arm/4.8_2013q4/bin/../lib/gcc/arm-none-eabi/4.8.3/../../../../arm-none-eabi/lib/armv7-m\libc_s.a(lib_a-vfprintf.o)
                0x00007abc                __sfputs_r
 .text._vfprintf_r
                0x00007ae0      0x208 c:/siliconlabs/simplicitystudio/v3/developer/toolchains/gnu_arm/4.8_2013q4/bin/../lib/gcc/arm-none-eabi/4.8.3/../../../../arm-none-eabi/lib/armv7-m\libc_s.a(lib_a-vfprintf.o)
                0x00007ae0                _vfprintf_r
                0x00007ae0                _vfiprintf_r
 .text.vfprintf
                0x00007ce8       0x1c c:/siliconlabs/simplicitystudio/v3/developer/toolchains/gnu_arm/4.8_2013q4/bin/../lib/gcc/arm-none-eabi/4.8.3/../../../../arm-none-eabi/lib/armv7-m\libc_s.a(lib_a-vfprintf.o)
                0x00007ce8                vfprintf
                0x00007ce8                vfiprintf
 .text._printf_common
                0x00007d04       0xe4 c:/siliconlabs/simplicitystudio/v3/developer/toolchains/gnu_arm/4.8_2013q4/bin/../lib/gcc/arm-none-eabi/4.8.3/../../../../arm-none-eabi/lib/armv7-m\libc_s.a(lib_a-vfprintf_i.o)
                0x00007d04                _printf_common
 .text._printf_i
                0x00007de8      0x228 c:/siliconlabs/simplicitystudio/v3/developer/toolchains/gnu_arm/4.8_2013q4/bin/../lib/gcc/arm-none-eabi/4.8.3/../../../../arm-none-eabi/lib/armv7-m\libc_s.a(lib_a-vfprintf_i.o)
                0x00007de8                _printf_i
 .text.__swbuf_r
                0x00008010       0xa8 c:/siliconlabs/simplicitystudio/v3/developer/toolchains/gnu_arm/4.8_2013q4/bin/../lib/gcc/arm-none-eabi/4.8.3/../../../../arm-none-eabi/lib/armv7-m\libc_s.a(lib_a-wbuf.o)
                0x00008010                __swbuf_r
 .text._write_r
                0x000080b8       0x24 c:/siliconlabs/simplicitystudio/v3/developer/toolchains/gnu_arm/4.8_2013q4/bin/../lib/gcc/arm-none-eabi/4.8.3/../../../../arm-none-eabi/lib/armv7-m\libc_s.a(lib_a-writer.o)
                0x000080b8                _write_r
 .text.__swsetup_r
                0x000080dc       0xdc c:/siliconlabs/simplicitystudio/v3/developer/toolchains/gnu_arm/4.8_2013q4/bin/../lib/gcc/arm-none-eabi/4.8.3/../../../../arm-none-eabi/lib/armv7-m\libc_s.a(lib_a-wsetup.o)
                0x000080dc                __swsetup_r
 .text._close_r
                0x000081b8       0x20 c:/siliconlabs/simplicitystudio/v3/developer/toolchains/gnu_arm/4.8_2013q4/bin/../lib/gcc/arm-none-eabi/4.8.3/../../../../arm-none-eabi/lib/armv7-m\libc_s.a(lib_a-closer.o)
                0x000081b8                _close_r
 .text._fstat_r
                0x000081d8       0x24 c:/siliconlabs/simplicitystudio/v3/developer/toolchains/gnu_arm/4.8_2013q4/bin/../lib/gcc/arm-none-eabi/4.8.3/../../../../arm-none-eabi/lib/armv7-m\libc_s.a(lib_a-fstatr.o)
                0x000081d8                _fstat_r
 .text._isatty_r
                0x000081fc       0x20 c:/siliconlabs/simplicitystudio/v3/developer/toolchains/gnu_arm/4.8_2013q4/bin/../lib/gcc/arm-none-eabi/4.8.3/../../../../arm-none-eabi/lib/armv7-m\libc_s.a(lib_a-isattyr.o)
                0x000081fc                _isatty_r
 .text._lseek_r
                0x0000821c       0x24 c:/siliconlabs/simplicitystudio/v3/developer/toolchains/gnu_arm/4.8_2013q4/bin/../lib/gcc/arm-none-eabi/4.8.3/../../../../arm-none-eabi/lib/armv7-m\libc_s.a(lib_a-lseekr.o)
                0x0000821c                _lseek_r
 .text._realloc_r
                0x00008240       0x4c c:/siliconlabs/simplicitystudio/v3/developer/toolchains/gnu_arm/4.8_2013q4/bin/../lib/gcc/arm-none-eabi/4.8.3/../../../../arm-none-eabi/lib/armv7-m\libc_s.a(lib_a-nano-reallocr.o)
                0x00008240                _realloc_r
 .text._read_r  0x0000828c       0x24 c:/siliconlabs/simplicitystudio/v3/developer/toolchains/gnu_arm/4.8_2013q4/bin/../lib/gcc/arm-none-eabi/4.8.3/../../../../arm-none-eabi/lib/armv7-m\libc_s.a(lib_a-readr.o)
                0x0000828c                _read_r
 .text._malloc_usable_size_r
                0x000082b0       0x12 c:/siliconlabs/simplicitystudio/v3/developer/toolchains/gnu_arm/4.8_2013q4/bin/../lib/gcc/arm-none-eabi/4.8.3/../../../../arm-none-eabi/lib/armv7-m\libc_s.a(lib_a-nano-msizer.o)
                0x000082b0                _malloc_usable_size_r
 *(.init)
 *fill*         0x000082c2        0x2 
 .init          0x000082c4        0x4 c:/siliconlabs/simplicitystudio/v3/developer/toolchains/gnu_arm/4.8_2013q4/bin/../lib/gcc/arm-none-eabi/4.8.3/armv7-m/crti.o
                0x000082c4                _init
 .init          0x000082c8        0x8 c:/siliconlabs/simplicitystudio/v3/developer/toolchains/gnu_arm/4.8_2013q4/bin/../lib/gcc/arm-none-eabi/4.8.3/armv7-m/crtn.o
 *(.fini)
 .fini          0x000082d0        0x4 c:/siliconlabs/simplicitystudio/v3/developer/toolchains/gnu_arm/4.8_2013q4/bin/../lib/gcc/arm-none-eabi/4.8.3/armv7-m/crti.o
                0x000082d0                _fini
 .fini          0x000082d4        0x8 c:/siliconlabs/simplicitystudio/v3/developer/toolchains/gnu_arm/4.8_2013q4/bin/../lib/gcc/arm-none-eabi/4.8.3/armv7-m/crtn.o
 *fill*         0x000082dc        0x4 
 .fini.__stub   0x000082e0       0x20 linker stubs
 *crtbegin.o(.ctors)
 *crtbegin?.o(.ctors)
 *(EXCLUDE_FILE(*crtend.o *crtend?.o) .ctors)
 *(SORT(.ctors.*))
 *(.ctors)
 *crtbegin.o(.dtors)
 *crtbegin?.o(.dtors)
 *(EXCLUDE_FILE(*crtend.o *crtend?.o) .dtors)
 *(SORT(.dtors.*))
 *(.dtors)
 *(.rodata*)
 .rodata.i2cNSum
                0x00008300        0x4 ./mbed/targets/hal/TARGET_Silicon_Labs/TARGET_EFM32/emlib/src/em_i2c.o
 .rodata.PinMap_UART_TX
                0x00008304      0x114 ./mbed/targets/hal/TARGET_Silicon_Labs/TARGET_EFM32/TARGET_EFM32LG_STK3600/PeripheralPins.o
                0x00008304                PinMap_UART_TX
 .rodata.PinMap_UART_RX
                0x00008418      0x114 ./mbed/targets/hal/TARGET_Silicon_Labs/TARGET_EFM32/TARGET_EFM32LG_STK3600/PeripheralPins.o
                0x00008418                PinMap_UART_RX
 .rodata        0x0000852c       0x8c ./mbed/targets/hal/TARGET_Silicon_Labs/TARGET_EFM32/gpio_api.o
 .rodata        0x000085b8       0x94 ./mbed/targets/hal/TARGET_Silicon_Labs/TARGET_EFM32/pinmap.o
 .rodata        0x0000864c       0x1c ./mbed/targets/hal/TARGET_Silicon_Labs/TARGET_EFM32/pinmap_function.o
 .rodata        0x00008668      0x1c4 ./mbed/targets/hal/TARGET_Silicon_Labs/TARGET_EFM32/serial_api.o
 .rodata        0x0000882c       0x94 ./mbed/targets/hal/TARGET_Silicon_Labs/TARGET_EFM32/us_ticker.o
 .rodata        0x000088c0       0x34 ./mbed/common/assert.o
 .rodata        0x000088f4       0x68 ./mbed/common/pinmap_common.o
 .rodata.us_interface
                0x0000895c       0x14 ./mbed/common/us_ticker_api.o
 .rodata.us_data
                0x00008970        0x8 ./mbed/common/us_ticker_api.o
 .rodata        0x00008978       0x58 ./src/adc.o
 .rodata        0x000089d0       0x10 ./src/i2c_drv.o
 .rodata        0x000089e0       0x3c ./src/leuart.o
 .rodata._ZL9CMD_TABLE
                0x00008a1c       0x10 ./src/leuart.o
 .rodata        0x00008a2c        0xc ./src/main.o
 .rodata.__sf_fake_stdin
                0x00008a38       0x20 c:/siliconlabs/simplicitystudio/v3/developer/toolchains/gnu_arm/4.8_2013q4/bin/../lib/gcc/arm-none-eabi/4.8.3/../../../../arm-none-eabi/lib/armv7-m\libc_s.a(lib_a-findfp.o)
                0x00008a38                __sf_fake_stdin
 .rodata.__sf_fake_stdout
                0x00008a58       0x20 c:/siliconlabs/simplicitystudio/v3/developer/toolchains/gnu_arm/4.8_2013q4/bin/../lib/gcc/arm-none-eabi/4.8.3/../../../../arm-none-eabi/lib/armv7-m\libc_s.a(lib_a-findfp.o)
                0x00008a58                __sf_fake_stdout
 .rodata.__sf_fake_stderr
                0x00008a78       0x20 c:/siliconlabs/simplicitystudio/v3/developer/toolchains/gnu_arm/4.8_2013q4/bin/../lib/gcc/arm-none-eabi/4.8.3/../../../../arm-none-eabi/lib/armv7-m\libc_s.a(lib_a-findfp.o)
                0x00008a78                __sf_fake_stderr
 .rodata.str1.1
                0x00008a98        0x2 c:/siliconlabs/simplicitystudio/v3/developer/toolchains/gnu_arm/4.8_2013q4/bin/../lib/gcc/arm-none-eabi/4.8.3/../../../../arm-none-eabi/lib/armv7-m\libc_s.a(lib_a-impure.o)
 *fill*         0x00008a9a        0x2 
 .rodata._global_impure_ptr
                0x00008a9c        0x4 c:/siliconlabs/simplicitystudio/v3/developer/toolchains/gnu_arm/4.8_2013q4/bin/../lib/gcc/arm-none-eabi/4.8.3/../../../../arm-none-eabi/lib/armv7-m\libc_s.a(lib_a-impure.o)
                0x00008a9c                _global_impure_ptr
 .rodata.str1.1
                0x00008aa0       0x11 c:/siliconlabs/simplicitystudio/v3/developer/toolchains/gnu_arm/4.8_2013q4/bin/../lib/gcc/arm-none-eabi/4.8.3/../../../../arm-none-eabi/lib/armv7-m\libc_s.a(lib_a-svfprintf.o)
 .rodata.str1.1
                0x00000000       0x11 c:/siliconlabs/simplicitystudio/v3/developer/toolchains/gnu_arm/4.8_2013q4/bin/../lib/gcc/arm-none-eabi/4.8.3/../../../../arm-none-eabi/lib/armv7-m\libc_s.a(lib_a-vfprintf.o)
 .rodata.str1.1
                0x00008ab1       0x22 c:/siliconlabs/simplicitystudio/v3/developer/toolchains/gnu_arm/4.8_2013q4/bin/../lib/gcc/arm-none-eabi/4.8.3/../../../../arm-none-eabi/lib/armv7-m\libc_s.a(lib_a-vfprintf_i.o)
 *(.eh_frame*)
 *fill*         0x00008ad3        0x1 
 .eh_frame      0x00008ad4        0x0 c:/siliconlabs/simplicitystudio/v3/developer/toolchains/gnu_arm/4.8_2013q4/bin/../lib/gcc/arm-none-eabi/4.8.3/armv7-m/crtbegin.o
 .eh_frame      0x00008ad4        0x4 c:/siliconlabs/simplicitystudio/v3/developer/toolchains/gnu_arm/4.8_2013q4/bin/../lib/gcc/arm-none-eabi/4.8.3/armv7-m/crtend.o

.glue_7         0x00008ad8        0x0
 .glue_7        0x00000000        0x0 linker stubs

.glue_7t        0x00008ad8        0x0
 .glue_7t       0x00000000        0x0 linker stubs

.vfp11_veneer   0x00008ad8        0x0
 .vfp11_veneer  0x00000000        0x0 linker stubs

.v4_bx          0x00008ad8        0x0
 .v4_bx         0x00000000        0x0 linker stubs

.iplt           0x00008ad8        0x0
 .iplt          0x00000000        0x0 c:/siliconlabs/simplicitystudio/v3/developer/toolchains/gnu_arm/4.8_2013q4/bin/../lib/gcc/arm-none-eabi/4.8.3/armv7-m/crtbegin.o

.ARM.extab
 *(.ARM.extab* .gnu.linkonce.armextab.*)
                0x00008ad8                __exidx_start = .

.ARM.exidx      0x00008ad8        0x8
 *(.ARM.exidx* .gnu.linkonce.armexidx.*)
 .ARM.exidx     0x00008ad8        0x8 c:/siliconlabs/simplicitystudio/v3/developer/toolchains/gnu_arm/4.8_2013q4/bin/../lib/gcc/arm-none-eabi/4.8.3/../../../../arm-none-eabi/lib/armv7-m/crt0.o
 .ARM.exidx     0x00008ae0        0x0 c:/siliconlabs/simplicitystudio/v3/developer/toolchains/gnu_arm/4.8_2013q4/bin/../lib/gcc/arm-none-eabi/4.8.3/armv7-m\libgcc.a(_divdi3.o)
                                  0x8 (size before relaxing)
 .ARM.exidx     0x00008ae0        0x0 c:/siliconlabs/simplicitystudio/v3/developer/toolchains/gnu_arm/4.8_2013q4/bin/../lib/gcc/arm-none-eabi/4.8.3/armv7-m\libgcc.a(_udivdi3.o)
                                  0x8 (size before relaxing)
                0x00008ae0                __exidx_end = .
                0x00008ae0                __etext = .

.rel.dyn        0x00008ae0        0x0
 .rel.iplt      0x00000000        0x0 c:/siliconlabs/simplicitystudio/v3/developer/toolchains/gnu_arm/4.8_2013q4/bin/../lib/gcc/arm-none-eabi/4.8.3/armv7-m/crtbegin.o

.data           0x20000000      0x4ac load address 0x00008ae0
                0x20000000                __data_start__ = .
 *(dma)
 dma            0x20000000      0x200 ./mbed/targets/hal/TARGET_Silicon_Labs/TARGET_EFM32/dma_api.o
                0x20000000                dmaControlBlock
                0x20000200                PROVIDE (__start_vector_table__, .)
                0x200002e0                . = (. + __vector_size)
 *fill*         0x20000200       0xe0 
                0x200002e0                PROVIDE (__end_vector_table__, .)
 *(vtable)
 *(.data*)
 .data          0x200002e0        0x4 c:/siliconlabs/simplicitystudio/v3/developer/toolchains/gnu_arm/4.8_2013q4/bin/../lib/gcc/arm-none-eabi/4.8.3/armv7-m/crtbegin.o
                0x200002e0                __dso_handle
 .data.ticker_cnt
                0x200002e4        0x4 ./mbed/targets/hal/TARGET_Silicon_Labs/TARGET_EFM32/us_ticker.o
 .data.SystemHFXOClock
                0x200002e8        0x4 ./mbed/targets/cmsis/TARGET_Silicon_Labs/TARGET_EFM32/TARGET_EFM32LG_STK3600/system_efm32lg.o
 .data.SystemLFXOClock
                0x200002ec        0x4 ./mbed/targets/cmsis/TARGET_Silicon_Labs/TARGET_EFM32/TARGET_EFM32LG_STK3600/system_efm32lg.o
 .data._ZZ5_sbrkE4heap
                0x200002f0        0x4 ./mbed/common/retarget.o
 .data.pageStatusActiveValue
                0x200002f4        0x4 ./src/eeprom_emulation.o
 .data.pageStatusReceivingValue
                0x200002f8        0x4 ./src/eeprom_emulation.o
 .data.activePageNumber
                0x200002fc        0x4 ./src/eeprom_emulation.o
 .data.receivingPageNumber
                0x20000300        0x4 ./src/eeprom_emulation.o
 .data.impure_data
                0x20000304       0x60 c:/siliconlabs/simplicitystudio/v3/developer/toolchains/gnu_arm/4.8_2013q4/bin/../lib/gcc/arm-none-eabi/4.8.3/../../../../arm-none-eabi/lib/armv7-m\libc_s.a(lib_a-impure.o)
 .data._impure_ptr
                0x20000364        0x4 c:/siliconlabs/simplicitystudio/v3/developer/toolchains/gnu_arm/4.8_2013q4/bin/../lib/gcc/arm-none-eabi/4.8.3/../../../../arm-none-eabi/lib/armv7-m\libc_s.a(lib_a-impure.o)
                0x20000364                _impure_ptr
                0x20000368                . = ALIGN (0x4)
 *(.ram)
 .ram           0x20000368      0x128 ./mbed/targets/hal/TARGET_Silicon_Labs/TARGET_EFM32/emlib/src/em_msc.o
                0x20000368                MSC_ErasePage
                0x20000414                MSC_WriteWord
                0x20000434                MSC_WriteWordFast
                0x20000454                MSC_MassErase
 .ram.__stub    0x20000490       0x10 linker stubs
                0x200004a0                . = ALIGN (0x4)
                0x200004a0                PROVIDE (__preinit_array_start, .)
 *(.preinit_array)
                0x200004a0                PROVIDE (__preinit_array_end, .)
                0x200004a0                . = ALIGN (0x4)
                0x200004a0                PROVIDE (__init_array_start, .)
 *(SORT(.init_array.*))
 *(.init_array)
 .init_array    0x200004a0        0x4 c:/siliconlabs/simplicitystudio/v3/developer/toolchains/gnu_arm/4.8_2013q4/bin/../lib/gcc/arm-none-eabi/4.8.3/armv7-m/crtbegin.o
 .init_array    0x200004a4        0x4 ./mbed/common/SPI.o
                0x200004a8                PROVIDE (__init_array_end, .)
                0x200004a8                . = ALIGN (0x4)
                0x200004a8                PROVIDE (__fini_array_start, .)
 *(SORT(.fini_array.*))
 *(.fini_array)
 .fini_array    0x200004a8        0x4 c:/siliconlabs/simplicitystudio/v3/developer/toolchains/gnu_arm/4.8_2013q4/bin/../lib/gcc/arm-none-eabi/4.8.3/armv7-m/crtbegin.o
                0x200004ac                PROVIDE (__fini_array_end, .)
                0x200004ac                . = ALIGN (0x4)
                0x200004ac                __data_end__ = .

.jcr            0x200004ac        0x0 load address 0x00008f8c
 .jcr           0x200004ac        0x0 c:/siliconlabs/simplicitystudio/v3/developer/toolchains/gnu_arm/4.8_2013q4/bin/../lib/gcc/arm-none-eabi/4.8.3/armv7-m/crtbegin.o

.igot.plt       0x200004ac        0x0 load address 0x00008f8c
 .igot.plt      0x00000000        0x0 c:/siliconlabs/simplicitystudio/v3/developer/toolchains/gnu_arm/4.8_2013q4/bin/../lib/gcc/arm-none-eabi/4.8.3/armv7-m/crtbegin.o

.bss            0x20000500      0xf10 load address 0x00009000
                0x20000500                __bss_start__ = .
 *(.bss*)
 .bss           0x20000500       0x1c c:/siliconlabs/simplicitystudio/v3/developer/toolchains/gnu_arm/4.8_2013q4/bin/../lib/gcc/arm-none-eabi/4.8.3/armv7-m/crtbegin.o
 .bss.cmuStatus
                0x2000051c        0x4 ./mbed/targets/hal/TARGET_Silicon_Labs/TARGET_EFM32/emlib/src/em_emu.o
 .bss.i2cTransfer
                0x20000520       0x18 ./mbed/targets/hal/TARGET_Silicon_Labs/TARGET_EFM32/emlib/src/em_i2c.o
 .bss.INT_LockCnt
                0x20000538        0x4 ./mbed/targets/hal/TARGET_Silicon_Labs/TARGET_EFM32/emlib/src/em_int.o
                0x20000538                INT_LockCnt
 .bss.channel_ids
                0x2000053c       0x40 ./mbed/targets/hal/TARGET_Silicon_Labs/TARGET_EFM32/gpio_irq_api.o
 .bss.channel_ports
                0x2000057c        0x8 ./mbed/targets/hal/TARGET_Silicon_Labs/TARGET_EFM32/gpio_irq_api.o
 .bss.irq_handler
                0x20000584        0x4 ./mbed/targets/hal/TARGET_Silicon_Labs/TARGET_EFM32/gpio_irq_api.o
 .bss.gpio_clock_inited
                0x20000588        0x4 ./mbed/targets/hal/TARGET_Silicon_Labs/TARGET_EFM32/pinmap.o
 .bss.time_extend
                0x2000058c        0x4 ./mbed/targets/hal/TARGET_Silicon_Labs/TARGET_EFM32/rtc_api.o
 .bss.comp0_handler
                0x20000590        0x4 ./mbed/targets/hal/TARGET_Silicon_Labs/TARGET_EFM32/rtc_api.o
 .bss.serial_irq_ids
                0x20000594       0x1c ./mbed/targets/hal/TARGET_Silicon_Labs/TARGET_EFM32/serial_api.o
 .bss.irq_handler
                0x200005b0        0x4 ./mbed/targets/hal/TARGET_Silicon_Labs/TARGET_EFM32/serial_api.o
 .bss.stdio_uart_inited
                0x200005b4        0x4 ./mbed/targets/hal/TARGET_Silicon_Labs/TARGET_EFM32/serial_api.o
                0x200005b4                stdio_uart_inited
 .bss.stdio_uart
                0x200005b8       0x5c ./mbed/targets/hal/TARGET_Silicon_Labs/TARGET_EFM32/serial_api.o
                0x200005b8                stdio_uart
 .bss.sleep_block_counter
                0x20000614       0x14 ./mbed/targets/hal/TARGET_Silicon_Labs/TARGET_EFM32/sleep.o
                0x20000614                sleep_block_counter
 .bss.us_ticker_inited
                0x20000628        0x1 ./mbed/targets/hal/TARGET_Silicon_Labs/TARGET_EFM32/us_ticker.o
 *fill*         0x20000629        0x1 
 .bss.ticker_int_rem
                0x2000062a        0x2 ./mbed/targets/hal/TARGET_Silicon_Labs/TARGET_EFM32/us_ticker.o
 .bss.ticker_int_cnt
                0x2000062c        0x4 ./mbed/targets/hal/TARGET_Silicon_Labs/TARGET_EFM32/us_ticker.o
 .bss.ticker_freq_mhz
                0x20000630        0x1 ./mbed/targets/hal/TARGET_Silicon_Labs/TARGET_EFM32/us_ticker.o
 *fill*         0x20000631        0x3 
 .bss.SystemCoreClock
                0x20000634        0x4 ./mbed/targets/cmsis/TARGET_Silicon_Labs/TARGET_EFM32/TARGET_EFM32LG_STK3600/system_efm32lg.o
                0x20000634                SystemCoreClock
 .bss._ZN4mbed3SPI19_transaction_bufferE
                0x20000638       0xdc ./mbed/common/SPI.o
                0x20000638                mbed::SPI::_transaction_buffer
 .bss._ZL11filehandles
                0x20000714      0x100 ./mbed/common/retarget.o
 .bss.events    0x20000814        0x8 ./mbed/common/us_ticker_api.o
 .bss.ADC_Done_CB
                0x2000081c        0xc ./src/adc.o
                0x2000081c                ADC_Done_CB
 .bss.current_temp
                0x20000828        0x2 ./src/adc.o
                0x20000828                current_temp
 *fill*         0x2000082a       0xd6 
 .bss.ADC_Result_Buf
                0x20000900      0x200 ./src/adc.o
                0x20000900                ADC_Result_Buf
 .bss.dig_T1    0x20000b00        0x2 ./src/bme280.o
                0x20000b00                dig_T1
 .bss.dig_T2    0x20000b02        0x2 ./src/bme280.o
                0x20000b02                dig_T2
 .bss.dig_T3    0x20000b04        0x2 ./src/bme280.o
                0x20000b04                dig_T3
 .bss.dig_P1    0x20000b06        0x2 ./src/bme280.o
                0x20000b06                dig_P1
 .bss.dig_P2    0x20000b08        0x2 ./src/bme280.o
                0x20000b08                dig_P2
 .bss.dig_P3    0x20000b0a        0x2 ./src/bme280.o
                0x20000b0a                dig_P3
 .bss.dig_P4    0x20000b0c        0x2 ./src/bme280.o
                0x20000b0c                dig_P4
 .bss.dig_P5    0x20000b0e        0x2 ./src/bme280.o
                0x20000b0e                dig_P5
 .bss.dig_P6    0x20000b10        0x2 ./src/bme280.o
                0x20000b10                dig_P6
 .bss.dig_P7    0x20000b12        0x2 ./src/bme280.o
                0x20000b12                dig_P7
 .bss.dig_P8    0x20000b14        0x2 ./src/bme280.o
                0x20000b14                dig_P8
 .bss.dig_P9    0x20000b16        0x2 ./src/bme280.o
                0x20000b16                dig_P9
 .bss.dig_H1    0x20000b18        0x1 ./src/bme280.o
                0x20000b18                dig_H1
 *fill*         0x20000b19        0x1 
 .bss.dig_H2    0x20000b1a        0x2 ./src/bme280.o
                0x20000b1a                dig_H2
 .bss.dig_H3    0x20000b1c        0x1 ./src/bme280.o
                0x20000b1c                dig_H3
 *fill*         0x20000b1d        0x1 
 .bss.dig_H4    0x20000b1e        0x2 ./src/bme280.o
                0x20000b1e                dig_H4
 .bss.dig_H5    0x20000b20        0x2 ./src/bme280.o
                0x20000b20                dig_H5
 .bss.dig_H6    0x20000b22        0x1 ./src/bme280.o
                0x20000b22                dig_H6
 .bss.initialized
                0x20000b23        0x1 ./src/eeprom_emulation.o
 .bss.pages     0x20000b24      0x400 ./src/eeprom_emulation.o
 .bss.numberOfVariablesDeclared
                0x20000f24        0x2 ./src/eeprom_emulation.o
 .bss.numberOfActiveVariables
                0x20000f26        0x2 ./src/eeprom_emulation.o
 .bss.numberOfPagesAllocated
                0x20000f28        0x2 ./src/eeprom_emulation.o
 *fill*         0x20000f2a        0x2 
 .bss.FirstInit
                0x20000f2c        0x4 ./src/flash.o
                0x20000f2c                FirstInit
 .bss.XAxisAlarm
                0x20000f30        0x4 ./src/flash.o
                0x20000f30                XAxisAlarm
 .bss.YAxisAlarm
                0x20000f34        0x4 ./src/flash.o
                0x20000f34                YAxisAlarm
 .bss.ZAxisAlarm
                0x20000f38        0x4 ./src/flash.o
                0x20000f38                ZAxisAlarm
 .bss.UpperTempAlarm
                0x20000f3c        0x4 ./src/flash.o
                0x20000f3c                UpperTempAlarm
 .bss.LowerTempAlarm
                0x20000f40        0x4 ./src/flash.o
                0x20000f40                LowerTempAlarm
 .bss.UpperPressureAlarm
                0x20000f44        0x4 ./src/flash.o
                0x20000f44                UpperPressureAlarm
 .bss.LowerPressureAlarm
                0x20000f48        0x4 ./src/flash.o
                0x20000f48                LowerPressureAlarm
 .bss.UpperHumidityAlarm
                0x20000f4c        0x4 ./src/flash.o
                0x20000f4c                UpperHumidityAlarm
 .bss.LowerHumidityAlarm
                0x20000f50        0x4 ./src/flash.o
                0x20000f50                LowerHumidityAlarm
 .bss.CurrentMode
                0x20000f54        0x4 ./src/flash.o
                0x20000f54                CurrentMode
 .bss.I2C_Status
                0x20000f58        0x1 ./src/i2c_drv.o
                0x20000f58                I2C_Status
 *fill*         0x20000f59        0x3 
 .bss.LEUART_TX_Done_CB
                0x20000f5c        0xc ./src/leuart.o
                0x20000f5c                LEUART_TX_Done_CB
 .bss.LEUART_RX_Done_CB
                0x20000f68        0xc ./src/leuart.o
                0x20000f68                LEUART_RX_Done_CB
 *fill*         0x20000f74       0x8c 
 .bss.LEUART_RX_Buf
                0x20001000      0x200 ./src/leuart.o
                0x20001000                LEUART_RX_Buf
 .bss.LEUART_TX_Buf
                0x20001200      0x100 ./src/leuart.o
                0x20001200                LEUART_TX_Buf
 .bss.vectorTable
                0x20001300      0x100 ./src/main.o
                0x20001300                vectorTable
 .bss._ZZ19LETIMER0_IRQHandlerE9first_int
                0x20001400        0x1 ./src/main.o
 *fill*         0x20001401        0x3 
 .bss.__malloc_sbrk_start
                0x20001404        0x4 c:/siliconlabs/simplicitystudio/v3/developer/toolchains/gnu_arm/4.8_2013q4/bin/../lib/gcc/arm-none-eabi/4.8.3/../../../../arm-none-eabi/lib/armv7-m\libc_s.a(lib_a-nano-mallocr.o)
                0x20001404                __malloc_sbrk_start
 .bss.__malloc_free_list
                0x20001408        0x4 c:/siliconlabs/simplicitystudio/v3/developer/toolchains/gnu_arm/4.8_2013q4/bin/../lib/gcc/arm-none-eabi/4.8.3/../../../../arm-none-eabi/lib/armv7-m\libc_s.a(lib_a-nano-mallocr.o)
                0x20001408                __malloc_free_list
 *(COMMON)
 COMMON         0x2000140c        0x4 c:/siliconlabs/simplicitystudio/v3/developer/toolchains/gnu_arm/4.8_2013q4/bin/../lib/gcc/arm-none-eabi/4.8.3/../../../../arm-none-eabi/lib/armv7-m\libnosys.a(errno.o)
                0x2000140c                errno
                0x20001410                __bss_end__ = .

.heap           0x20001410      0xc00
                0x20001410                __end__ = .
                0x20001410                end = __end__
                0x20001410                _end = __end__
 *(.heap*)
 .heap          0x20001410      0xc00 ./mbed/targets/cmsis/TARGET_Silicon_Labs/TARGET_EFM32/TARGET_EFM32LG_STK3600/TOOLCHAIN_GCC_ARM/startup_efm32lg.o
                0x20001410                __HeapBase
                0x20002010                __HeapLimit = .

.stack_dummy    0x20001410      0x400
 *(.stack)
 .stack         0x20001410      0x400 ./mbed/targets/cmsis/TARGET_Silicon_Labs/TARGET_EFM32/TARGET_EFM32LG_STK3600/TOOLCHAIN_GCC_ARM/startup_efm32lg.o
                0x20008000                __StackTop = (ORIGIN (RAM) + 0x8000)
                0x20007c00                __StackLimit = (__StackTop - SIZEOF (.stack_dummy))
                0x20008000                PROVIDE (__stack, __StackTop)
                0x00000001                ASSERT ((__StackLimit >= __HeapLimit), region RAM overflowed with stack)
OUTPUT(DMPM_Project.axf elf32-littlearm)

.ARM.attributes
                0x00000000       0x29
 .ARM.attributes
                0x00000000       0x1d c:/siliconlabs/simplicitystudio/v3/developer/toolchains/gnu_arm/4.8_2013q4/bin/../lib/gcc/arm-none-eabi/4.8.3/armv7-m/crti.o
 .ARM.attributes
                0x0000001d       0x2d c:/siliconlabs/simplicitystudio/v3/developer/toolchains/gnu_arm/4.8_2013q4/bin/../lib/gcc/arm-none-eabi/4.8.3/armv7-m/crtbegin.o
 .ARM.attributes
                0x0000004a       0x1b c:/siliconlabs/simplicitystudio/v3/developer/toolchains/gnu_arm/4.8_2013q4/bin/../lib/gcc/arm-none-eabi/4.8.3/../../../../arm-none-eabi/lib/armv7-m/crt0.o
 .ARM.attributes
                0x00000065       0x33 ./mbed/targets/hal/TARGET_Silicon_Labs/TARGET_EFM32/emlib/src/em_adc.o
 .ARM.attributes
                0x00000098       0x33 ./mbed/targets/hal/TARGET_Silicon_Labs/TARGET_EFM32/emlib/src/em_cmu.o
 .ARM.attributes
                0x000000cb       0x33 ./mbed/targets/hal/TARGET_Silicon_Labs/TARGET_EFM32/emlib/src/em_dma.o
 .ARM.attributes
                0x000000fe       0x33 ./mbed/targets/hal/TARGET_Silicon_Labs/TARGET_EFM32/emlib/src/em_emu.o
 .ARM.attributes
                0x00000131       0x33 ./mbed/targets/hal/TARGET_Silicon_Labs/TARGET_EFM32/emlib/src/em_gpio.o
 .ARM.attributes
                0x00000164       0x33 ./mbed/targets/hal/TARGET_Silicon_Labs/TARGET_EFM32/emlib/src/em_i2c.o
 .ARM.attributes
                0x00000197       0x33 ./mbed/targets/hal/TARGET_Silicon_Labs/TARGET_EFM32/emlib/src/em_int.o
 .ARM.attributes
                0x000001ca       0x33 ./mbed/targets/hal/TARGET_Silicon_Labs/TARGET_EFM32/emlib/src/em_letimer.o
 .ARM.attributes
                0x000001fd       0x33 ./mbed/targets/hal/TARGET_Silicon_Labs/TARGET_EFM32/emlib/src/em_leuart.o
 .ARM.attributes
                0x00000230       0x33 ./mbed/targets/hal/TARGET_Silicon_Labs/TARGET_EFM32/emlib/src/em_msc.o
 .ARM.attributes
                0x00000263       0x33 ./mbed/targets/hal/TARGET_Silicon_Labs/TARGET_EFM32/emlib/src/em_system.o
 .ARM.attributes
                0x00000296       0x33 ./mbed/targets/hal/TARGET_Silicon_Labs/TARGET_EFM32/emlib/src/em_timer.o
 .ARM.attributes
                0x000002c9       0x33 ./mbed/targets/hal/TARGET_Silicon_Labs/TARGET_EFM32/emlib/src/em_usart.o
 .ARM.attributes
                0x000002fc       0x33 ./mbed/targets/hal/TARGET_Silicon_Labs/TARGET_EFM32/TARGET_EFM32LG_STK3600/PeripheralPins.o
 .ARM.attributes
                0x0000032f       0x33 ./mbed/targets/hal/TARGET_Silicon_Labs/TARGET_EFM32/dma_api.o
 .ARM.attributes
                0x00000362       0x33 ./mbed/targets/hal/TARGET_Silicon_Labs/TARGET_EFM32/gpio_api.o
 .ARM.attributes
                0x00000395       0x33 ./mbed/targets/hal/TARGET_Silicon_Labs/TARGET_EFM32/gpio_irq_api.o
 .ARM.attributes
                0x000003c8       0x33 ./mbed/targets/hal/TARGET_Silicon_Labs/TARGET_EFM32/pinmap.o
 .ARM.attributes
                0x000003fb       0x33 ./mbed/targets/hal/TARGET_Silicon_Labs/TARGET_EFM32/pinmap_function.o
 .ARM.attributes
                0x0000042e       0x33 ./mbed/targets/hal/TARGET_Silicon_Labs/TARGET_EFM32/rtc_api.o
 .ARM.attributes
                0x00000461       0x33 ./mbed/targets/hal/TARGET_Silicon_Labs/TARGET_EFM32/serial_api.o
 .ARM.attributes
                0x00000494       0x33 ./mbed/targets/hal/TARGET_Silicon_Labs/TARGET_EFM32/sleep.o
 .ARM.attributes
                0x000004c7       0x33 ./mbed/targets/hal/TARGET_Silicon_Labs/TARGET_EFM32/us_ticker.o
 .ARM.attributes
                0x000004fa       0x1b ./mbed/targets/cmsis/TARGET_Silicon_Labs/TARGET_EFM32/TARGET_EFM32LG_STK3600/TOOLCHAIN_GCC_ARM/startup_efm32lg.o
 .ARM.attributes
                0x00000515       0x33 ./mbed/targets/cmsis/TARGET_Silicon_Labs/TARGET_EFM32/TARGET_EFM32LG_STK3600/cmsis_nvic.o
 .ARM.attributes
                0x00000548       0x33 ./mbed/targets/cmsis/TARGET_Silicon_Labs/TARGET_EFM32/TARGET_EFM32LG_STK3600/system_efm32lg.o
 .ARM.attributes
                0x0000057b       0x33 ./mbed/common/I2C.o
 .ARM.attributes
                0x000005ae       0x33 ./mbed/common/SPI.o
 .ARM.attributes
                0x000005e1       0x33 ./mbed/common/assert.o
 .ARM.attributes
                0x00000614       0x33 ./mbed/common/board.o
 .ARM.attributes
                0x00000647       0x33 ./mbed/common/error.o
 .ARM.attributes
                0x0000067a       0x33 ./mbed/common/gpio.o
 .ARM.attributes
                0x000006ad       0x33 ./mbed/common/pinmap_common.o
 .ARM.attributes
                0x000006e0       0x33 ./mbed/common/retarget.o
 .ARM.attributes
                0x00000713       0x33 ./mbed/common/ticker_api.o
 .ARM.attributes
                0x00000746       0x33 ./mbed/common/us_ticker_api.o
 .ARM.attributes
                0x00000779       0x33 ./mbed/common/wait_api.o
 .ARM.attributes
                0x000007ac       0x2d c:/siliconlabs/simplicitystudio/v3/developer/toolchains/gnu_arm/4.8_2013q4/bin/../lib/gcc/arm-none-eabi/4.8.3/../../../../arm-none-eabi/lib/armv7-m\libstdc++_s.a(atexit_arm.o)
 .ARM.attributes
                0x000007d9       0x2d c:/siliconlabs/simplicitystudio/v3/developer/toolchains/gnu_arm/4.8_2013q4/bin/../lib/gcc/arm-none-eabi/4.8.3/../../../../arm-none-eabi/lib/armv7-m\libnosys.a(errno.o)
 .ARM.attributes
                0x00000806       0x1d c:/siliconlabs/simplicitystudio/v3/developer/toolchains/gnu_arm/4.8_2013q4/bin/../lib/gcc/arm-none-eabi/4.8.3/armv7-m\libgcc.a(_arm_addsubsf3.o)
 .ARM.attributes
                0x00000823       0x1d c:/siliconlabs/simplicitystudio/v3/developer/toolchains/gnu_arm/4.8_2013q4/bin/../lib/gcc/arm-none-eabi/4.8.3/armv7-m\libgcc.a(_arm_muldivsf3.o)
 .ARM.attributes
                0x00000840       0x1d c:/siliconlabs/simplicitystudio/v3/developer/toolchains/gnu_arm/4.8_2013q4/bin/../lib/gcc/arm-none-eabi/4.8.3/armv7-m\libgcc.a(_arm_fixsfsi.o)
 .ARM.attributes
                0x0000085d       0x1d c:/siliconlabs/simplicitystudio/v3/developer/toolchains/gnu_arm/4.8_2013q4/bin/../lib/gcc/arm-none-eabi/4.8.3/armv7-m\libgcc.a(_aeabi_uldivmod.o)
 .ARM.attributes
                0x0000087a       0x2d c:/siliconlabs/simplicitystudio/v3/developer/toolchains/gnu_arm/4.8_2013q4/bin/../lib/gcc/arm-none-eabi/4.8.3/armv7-m\libgcc.a(bpabi.o)
 .ARM.attributes
                0x000008a7       0x1d c:/siliconlabs/simplicitystudio/v3/developer/toolchains/gnu_arm/4.8_2013q4/bin/../lib/gcc/arm-none-eabi/4.8.3/armv7-m\libgcc.a(_dvmd_tls.o)
 .ARM.attributes
                0x000008c4       0x2d c:/siliconlabs/simplicitystudio/v3/developer/toolchains/gnu_arm/4.8_2013q4/bin/../lib/gcc/arm-none-eabi/4.8.3/armv7-m\libgcc.a(_divdi3.o)
 .ARM.attributes
                0x000008f1       0x2d c:/siliconlabs/simplicitystudio/v3/developer/toolchains/gnu_arm/4.8_2013q4/bin/../lib/gcc/arm-none-eabi/4.8.3/armv7-m\libgcc.a(_udivdi3.o)
 .ARM.attributes
                0x0000091e       0x33 ./src/adc.o
 .ARM.attributes
                0x00000951       0x33 ./src/bme280.o
 .ARM.attributes
                0x00000984       0x33 ./src/dma.o
 .ARM.attributes
                0x000009b7       0x33 ./src/eeprom_emulation.o
 .ARM.attributes
                0x000009ea       0x33 ./src/flash.o
 .ARM.attributes
                0x00000a1d       0x33 ./src/i2c_drv.o
 .ARM.attributes
                0x00000a50       0x33 ./src/leuart.o
 .ARM.attributes
                0x00000a83       0x33 ./src/main.o
 .ARM.attributes