Archive member included because of file (symbol)

.\ARM_GCC_493\Debug\Lab2_Thermristor.a(cyfitter_cfg.o)
                              .\ARM_GCC_493\Debug\Cm3Start.o (cyfitter_cfg)
.\ARM_GCC_493\Debug\Lab2_Thermristor.a(CyBootAsmGnu.o)
                              .\ARM_GCC_493\Debug\Lab2_Thermristor.a(cyfitter_cfg.o) (CyDelayCycles)
.\ARM_GCC_493\Debug\Lab2_Thermristor.a(CyLib.o)
                              .\ARM_GCC_493\Debug\Cm3Start.o (CyResetStatus)
.\ARM_GCC_493\Debug\Lab2_Thermristor.a(cyPm.o)
                              .\ARM_GCC_493\Debug\Lab2_Thermristor.a(CyLib.o) (CyPmReadStatus)
.\ARM_GCC_493\Debug\Lab2_Thermristor.a(Thermistor.o)
                              .\ARM_GCC_493\Debug\main.o (Thermistor_GetTemperature)
.\ARM_GCC_493\Debug\Lab2_Thermristor.a(LCD.o)
                              .\ARM_GCC_493\Debug\main.o (LCD_Start)
.\ARM_GCC_493\Debug\Lab2_Thermristor.a(Opamp.o)
                              .\ARM_GCC_493\Debug\main.o (Opamp_Start)
.\ARM_GCC_493\Debug\Lab2_Thermristor.a(VDAC8.o)
                              .\ARM_GCC_493\Debug\main.o (VDAC8_Start)
.\ARM_GCC_493\Debug\Lab2_Thermristor.a(AMux.o)
                              .\ARM_GCC_493\Debug\main.o (AMux_Start)
.\ARM_GCC_493\Debug\Lab2_Thermristor.a(ADC.o)
                              .\ARM_GCC_493\Debug\main.o (ADC_Start)
.\ARM_GCC_493\Debug\Lab2_Thermristor.a(ADC_INT.o)
                              .\ARM_GCC_493\Debug\Lab2_Thermristor.a(ADC.o) (ADC_ISR1)
.\ARM_GCC_493\Debug\Lab2_Thermristor.a(ADC_theACLK.o)
                              .\ARM_GCC_493\Debug\Lab2_Thermristor.a(ADC.o) (ADC_theACLK_SetDividerRegister)
.\ARM_GCC_493\Debug\Lab2_Thermristor.a(ADC_Ext_CP_Clk.o)
                              .\ARM_GCC_493\Debug\Lab2_Thermristor.a(ADC.o) (ADC_Ext_CP_Clk_SetDividerRegister)
.\ARM_GCC_493\Debug\Lab2_Thermristor.a(CyFlash.o)
                              .\ARM_GCC_493\Debug\Lab2_Thermristor.a(cyPm.o) (CyFlash_SetWaitCycles)
.\ARM_GCC_493\Debug\Lab2_Thermristor.a(CySpc.o)
                              .\ARM_GCC_493\Debug\Lab2_Thermristor.a(CyFlash.o) (CySpcStart)
d:/program files (x86)/cypress/psoc creator/3.3/psoc creator/import/gnu/arm/4.9.3/bin/../lib/gcc/arm-none-eabi/4.9.3/../../../../arm-none-eabi/lib/armv7-m\libm.a(lib_a-w_log.o)
                              .\ARM_GCC_493\Debug\Lab2_Thermristor.a(Thermistor.o) (log)
d:/program files (x86)/cypress/psoc creator/3.3/psoc creator/import/gnu/arm/4.9.3/bin/../lib/gcc/arm-none-eabi/4.9.3/../../../../arm-none-eabi/lib/armv7-m\libm.a(lib_a-w_pow.o)
                              .\ARM_GCC_493\Debug\Lab2_Thermristor.a(Thermistor.o) (pow)
d:/program files (x86)/cypress/psoc creator/3.3/psoc creator/import/gnu/arm/4.9.3/bin/../lib/gcc/arm-none-eabi/4.9.3/../../../../arm-none-eabi/lib/armv7-m\libm.a(lib_a-e_log.o)
                              d:/program files (x86)/cypress/psoc creator/3.3/psoc creator/import/gnu/arm/4.9.3/bin/../lib/gcc/arm-none-eabi/4.9.3/../../../../arm-none-eabi/lib/armv7-m\libm.a(lib_a-w_log.o) (__ieee754_log)
d:/program files (x86)/cypress/psoc creator/3.3/psoc creator/import/gnu/arm/4.9.3/bin/../lib/gcc/arm-none-eabi/4.9.3/../../../../arm-none-eabi/lib/armv7-m\libm.a(lib_a-e_pow.o)
                              d:/program files (x86)/cypress/psoc creator/3.3/psoc creator/import/gnu/arm/4.9.3/bin/../lib/gcc/arm-none-eabi/4.9.3/../../../../arm-none-eabi/lib/armv7-m\libm.a(lib_a-w_pow.o) (__ieee754_pow)
d:/program files (x86)/cypress/psoc creator/3.3/psoc creator/import/gnu/arm/4.9.3/bin/../lib/gcc/arm-none-eabi/4.9.3/../../../../arm-none-eabi/lib/armv7-m\libm.a(lib_a-e_sqrt.o)
                              d:/program files (x86)/cypress/psoc creator/3.3/psoc creator/import/gnu/arm/4.9.3/bin/../lib/gcc/arm-none-eabi/4.9.3/../../../../arm-none-eabi/lib/armv7-m\libm.a(lib_a-e_pow.o) (__ieee754_sqrt)
d:/program files (x86)/cypress/psoc creator/3.3/psoc creator/import/gnu/arm/4.9.3/bin/../lib/gcc/arm-none-eabi/4.9.3/../../../../arm-none-eabi/lib/armv7-m\libm.a(lib_a-s_fabs.o)
                              d:/program files (x86)/cypress/psoc creator/3.3/psoc creator/import/gnu/arm/4.9.3/bin/../lib/gcc/arm-none-eabi/4.9.3/../../../../arm-none-eabi/lib/armv7-m\libm.a(lib_a-e_pow.o) (fabs)
d:/program files (x86)/cypress/psoc creator/3.3/psoc creator/import/gnu/arm/4.9.3/bin/../lib/gcc/arm-none-eabi/4.9.3/../../../../arm-none-eabi/lib/armv7-m\libm.a(lib_a-s_finite.o)
                              d:/program files (x86)/cypress/psoc creator/3.3/psoc creator/import/gnu/arm/4.9.3/bin/../lib/gcc/arm-none-eabi/4.9.3/../../../../arm-none-eabi/lib/armv7-m\libm.a(lib_a-w_pow.o) (finite)
d:/program files (x86)/cypress/psoc creator/3.3/psoc creator/import/gnu/arm/4.9.3/bin/../lib/gcc/arm-none-eabi/4.9.3/../../../../arm-none-eabi/lib/armv7-m\libm.a(lib_a-s_fpclassify.o)
[...]
Memory Configuration

Name             Origin             Length             Attributes
rom              0x00000000         0x00040000         xr
ram              0x1fff8000         0x00010000         xrw
*default*        0x00000000         0xffffffff

Linker script and memory map

LOAD d:/program files (x86)/cypress/psoc creator/3.3/psoc creator/import/gnu/arm/4.9.3/bin/../lib/gcc/arm-none-eabi/4.9.3/armv7-m/crti.o
LOAD d:/program files (x86)/cypress/psoc creator/3.3/psoc creator/import/gnu/arm/4.9.3/bin/../lib/gcc/arm-none-eabi/4.9.3/armv7-m/crtbegin.o
LOAD d:/program files (x86)/cypress/psoc creator/3.3/psoc creator/import/gnu/arm/4.9.3/bin/../lib/gcc/arm-none-eabi/4.9.3/../../../../arm-none-eabi/lib/armv7-m/crt0.o
START GROUP
LOAD .\ARM_GCC_493\Debug\main.o
LOAD .\ARM_GCC_493\Debug\measurement.o
LOAD .\ARM_GCC_493\Debug\removeOffsetNoise.o
LOAD .\ARM_GCC_493\Debug\median5.o
LOAD .\ARM_GCC_493\Debug\Cm3Start.o
LOAD .\ARM_GCC_493\Debug\cymetadata.o
LOAD .\ARM_GCC_493\Debug\Lab2_Thermristor.a
LOAD D:\Program Files (x86)\Cypress\PSoC Creator\3.3\PSoC Creator\psoc\content\cycomponentlibrary\CyComponentLibrary.cylib\CortexM3\ARM_GCC_493\Debug\CyComponentLibrary.a
LOAD d:/program files (x86)/cypress/psoc creator/3.3/psoc creator/import/gnu/arm/4.9.3/bin/../lib/gcc/arm-none-eabi/4.9.3/../../../../arm-none-eabi/lib/armv7-m\libm.a
END GROUP
START GROUP
LOAD d:/program files (x86)/cypress/psoc creator/3.3/psoc creator/import/gnu/arm/4.9.3/bin/../lib/gcc/arm-none-eabi/4.9.3/armv7-m\libgcc.a
LOAD d:/program files (x86)/cypress/psoc creator/3.3/psoc creator/import/gnu/arm/4.9.3/bin/../lib/gcc/arm-none-eabi/4.9.3/../../../../arm-none-eabi/lib/armv7-m\libg_nano.a
LOAD d:/program files (x86)/cypress/psoc creator/3.3/psoc creator/import/gnu/arm/4.9.3/bin/../lib/gcc/arm-none-eabi/4.9.3/../../../../arm-none-eabi/lib/armv7-m\libc_nano.a
END GROUP
START GROUP
LOAD d:/program files (x86)/cypress/psoc creator/3.3/psoc creator/import/gnu/arm/4.9.3/bin/../lib/gcc/arm-none-eabi/4.9.3/armv7-m\libgcc.a
LOAD d:/program files (x86)/cypress/psoc creator/3.3/psoc creator/import/gnu/arm/4.9.3/bin/../lib/gcc/arm-none-eabi/4.9.3/../../../../arm-none-eabi/lib/armv7-m\libc_nano.a
END GROUP
LOAD d:/program files (x86)/cypress/psoc creator/3.3/psoc creator/import/gnu/arm/4.9.3/bin/../lib/gcc/arm-none-eabi/4.9.3/armv7-m/crtend.o
LOAD d:/program files (x86)/cypress/psoc creator/3.3/psoc creator/import/gnu/arm/4.9.3/bin/../lib/gcc/arm-none-eabi/4.9.3/armv7-m/crtn.o
START GROUP
LOAD d:/program files (x86)/cypress/psoc creator/3.3/psoc creator/import/gnu/arm/4.9.3/bin/../lib/gcc/arm-none-eabi/4.9.3/armv7-m\libgcc.a
LOAD d:/program files (x86)/cypress/psoc creator/3.3/psoc creator/import/gnu/arm/4.9.3/bin/../lib/gcc/arm-none-eabi/4.9.3/../../../../arm-none-eabi/lib/armv7-m\libc.a
LOAD d:/program files (x86)/cypress/psoc creator/3.3/psoc creator/import/gnu/arm/4.9.3/bin/../lib/gcc/arm-none-eabi/4.9.3/../../../../arm-none-eabi/lib/armv7-m\libnosys.a
END GROUP
                0x00000000                CY_APPL_ORIGIN = 0x0
                0x00000100                CY_FLASH_ROW_SIZE = 0x100
                0x00000020                CY_ECC_ROW_SIZE = 0x20
                0x00000000                CY_EE_IN_BTLDR = 0x0
                0x00000000                CY_APPL_LOADABLE = 0x0
                0x00000800                CY_EE_SIZE = 0x800
                0x00000001                CY_APPL_NUM = 0x1
                0x00000001                CY_APPL_MAX = 0x1
                0x00000040                CY_METADATA_SIZE = 0x40
                0x1fff8228                PROVIDE (__cy_heap_start, _end)
                0x00000001                PROVIDE (__cy_region_num, ((__cy_regions_end - __cy_regions) / 0x10))
                0x20008000                PROVIDE (__cy_stack, (ORIGIN (ram) + 0x10000))
                0x20007800                PROVIDE (__cy_heap_end, (__cy_stack - 0x800))

.cybootloader   0x00000000        0x0
 *(.cybootloader)
                0x00000000                appl1_start = CY_APPL_ORIGIN?CY_APPL_ORIGIN:ALIGN (CY_FLASH_ROW_SIZE)
                0x0001ff00                appl2_start = (appl1_start + ALIGN ((((0x40000 - appl1_start) - (0x2 * CY_FLASH_ROW_SIZE)) / 0x2), CY_FLASH_ROW_SIZE))
                0x00000000                appl_start = (CY_APPL_NUM == 0x1)?appl1_start:appl2_start
                0x00000000                ecc_offset = ((appl_start / CY_FLASH_ROW_SIZE) * CY_ECC_ROW_SIZE)
                0x00000000                ee_offset = (CY_APPL_LOADABLE && ! (CY_EE_IN_BTLDR))?((CY_EE_SIZE / CY_APPL_MAX) * (CY_APPL_NUM - 0x1)):0x0
                0x00000800                ee_size = (CY_APPL_LOADABLE && ! (CY_EE_IN_BTLDR))?(CY_EE_SIZE / CY_APPL_MAX):CY_EE_SIZE
                0x00000000                PROVIDE (CY_ECC_OFFSET, ecc_offset)

.text           0x00000000     0x69d4
 CREATE_OBJECT_SYMBOLS
                0x00000000                PROVIDE (__cy_interrupt_vector, RomVectors)
 *(.romvectors)
 .romvectors    0x00000000       0x10 .\ARM_GCC_493\Debug\Cm3Start.o
                0x00000000                RomVectors
                0x00000001                ASSERT ((. != __cy_interrupt_vector), No interrupt vector)
                0x00000001                ASSERT (CY_APPL_ORIGIN?(SIZEOF (.cybootloader) <= CY_APPL_ORIGIN):0x1, Wrong image location)
                0x00000010                PROVIDE (__cy_reset, Reset)
 *(.text.Reset)
 .text.Reset    0x00000010       0x18 .\ARM_GCC_493\Debug\Cm3Start.o
                0x00000010                Reset
                0x00000001                ASSERT ((. != __cy_reset), No reset code)
 *(.dma_init)
 .dma_init      0x00000028      0x150 .\ARM_GCC_493\Debug\Lab2_Thermristor.a(cyfitter_cfg.o)
                0x00000001                ASSERT ((((appl_start + .) <= 0x10000) || 0x0), DMA Init must be within the first 64k of flash)
 *(.text .text.* .gnu.linkonce.t.*)
 .text          0x00000178       0x5c d:/program files (x86)/cypress/psoc creator/3.3/psoc creator/import/gnu/arm/4.9.3/bin/../lib/gcc/arm-none-eabi/4.9.3/armv7-m/crtbegin.o
 .text.main     0x000001d4      0x1a4 .\ARM_GCC_493\Debug\main.o
                0x000001d4                main
 .text.MeasureResistorVoltage
                0x00000378       0x40 .\ARM_GCC_493\Debug\measurement.o
                0x00000378                MeasureResistorVoltage
 .text.GetOffset
                0x000003b8       0x2c .\ARM_GCC_493\Debug\removeOffsetNoise.o
                0x000003b8                GetOffset
 .text.median5_Update
                0x000003e4       0x44 .\ARM_GCC_493\Debug\median5.o
                0x000003e4                median5_Update
 .text.median5_GetMedian
                0x00000428       0x34 .\ARM_GCC_493\Debug\median5.o
                0x00000428                median5_GetMedian
 .text.compare_i32
                0x0000045c       0x20 .\ARM_GCC_493\Debug\median5.o
                0x0000045c                compare_i32
 .text.IntDefaultHandler
                0x0000047c        0x8 .\ARM_GCC_493\Debug\Cm3Start.o
                0x0000047c                IntDefaultHandler
 .text.Start_c  0x00000484       0x94 .\ARM_GCC_493\Debug\Cm3Start.o
                0x00000484                Start_c
 .text.initialize_psoc
                0x00000518       0x8c .\ARM_GCC_493\Debug\Cm3Start.o
                0x00000518                initialize_psoc
 .text.CYCONFIGCPY
                0x000005a4       0x1c .\ARM_GCC_493\Debug\Lab2_Thermristor.a(cyfitter_cfg.o)
 .text.CyClockStartupError
                0x000005c0        0xc .\ARM_GCC_493\Debug\Lab2_Thermristor.a(cyfitter_cfg.o)
 .text.cfg_dma_init
                0x000005cc      0x154 .\ARM_GCC_493\Debug\Lab2_Thermristor.a(cyfitter_cfg.o)
 .text.ClockSetup
                0x00000720      0x140 .\ARM_GCC_493\Debug\Lab2_Thermristor.a(cyfitter_cfg.o)
 .text.AnalogSetDefault
                0x00000860       0x78 .\ARM_GCC_493\Debug\Lab2_Thermristor.a(cyfitter_cfg.o)
 .text.AMux_CYAMUXSIDE_A_Set
                0x000008d8       0xa4 .\ARM_GCC_493\Debug\Lab2_Thermristor.a(cyfitter_cfg.o)
                0x000008d8                AMux_CYAMUXSIDE_A_Set
 .text.AMux_CYAMUXSIDE_A_Unset
                0x0000097c       0xb0 .\ARM_GCC_493\Debug\Lab2_Thermristor.a(cyfitter_cfg.o)
                0x0000097c                AMux_CYAMUXSIDE_A_Unset
 .text.AMux_CYAMUXSIDE_B_Set
                0x00000a2c       0xb8 .\ARM_GCC_493\Debug\Lab2_Thermristor.a(cyfitter_cfg.o)
                0x00000a2c                AMux_CYAMUXSIDE_B_Set
 .text.AMux_CYAMUXSIDE_B_Unset
                0x00000ae4       0xc4 .\ARM_GCC_493\Debug\Lab2_Thermristor.a(cyfitter_cfg.o)
                0x00000ae4                AMux_CYAMUXSIDE_B_Unset
 .text.cyfitter_cfg
                0x00000ba8       0xe4 .\ARM_GCC_493\Debug\Lab2_Thermristor.a(cyfitter_cfg.o)
                0x00000ba8                cyfitter_cfg
 *fill*         0x00000c8c        0x4 
 .text          0x00000c90       0x20 .\ARM_GCC_493\Debug\Lab2_Thermristor.a(CyBootAsmGnu.o)
                0x00000c90                CyDelayCycles
                0x00000ca0                CyEnterCriticalSection
                0x00000ca8                CyExitCriticalSection
 .text.CyHalt   0x00000cb0       0x18 .\ARM_GCC_493\Debug\Lab2_Thermristor.a(CyLib.o)
                0x00000cb0                CyHalt
 .text.CyDelay  0x00000cc8       0x44 .\ARM_GCC_493\Debug\Lab2_Thermristor.a(CyLib.o)
                0x00000cc8                CyDelay
 .text.CyDelayUs
                0x00000d0c       0x24 .\ARM_GCC_493\Debug\Lab2_Thermristor.a(CyLib.o)
                0x00000d0c                CyDelayUs
 .text.CyIntSetVector
                0x00000d30       0x50 .\ARM_GCC_493\Debug\Lab2_Thermristor.a(CyLib.o)
                0x00000d30                CyIntSetVector
 .text.CyIntSetPriority
                0x00000d80       0x44 .\ARM_GCC_493\Debug\Lab2_Thermristor.a(CyLib.o)
                0x00000d80                CyIntSetPriority
 *fill*         0x00000dc4        0x4 
 .text.Thermistor_GetTemperature
                0x00000dc8      0x140 .\ARM_GCC_493\Debug\Lab2_Thermristor.a(Thermistor.o)
                0x00000dc8                Thermistor_GetTemperature
 .text.LCD_Init
                0x00000f08       0x6c .\ARM_GCC_493\Debug\Lab2_Thermristor.a(LCD.o)
                0x00000f08                LCD_Init
 .text.LCD_Enable
                0x00000f74       0x18 .\ARM_GCC_493\Debug\Lab2_Thermristor.a(LCD.o)
                0x00000f74                LCD_Enable
 .text.LCD_Start
                0x00000f8c       0x20 .\ARM_GCC_493\Debug\Lab2_Thermristor.a(LCD.o)
                0x00000f8c                LCD_Start
 .text.LCD_Position
                0x00000fac       0x6c .\ARM_GCC_493\Debug\Lab2_Thermristor.a(LCD.o)
                0x00000fac                LCD_Position
 .text.LCD_PrintString
                0x00001018       0x38 .\ARM_GCC_493\Debug\Lab2_Thermristor.a(LCD.o)
                0x00001018                LCD_PrintString
 .text.LCD_WriteData
                0x00001050       0x34 .\ARM_GCC_493\Debug\Lab2_Thermristor.a(LCD.o)
                0x00001050                LCD_WriteData
 .text.LCD_WriteControl
                0x00001084       0x34 .\ARM_GCC_493\Debug\Lab2_Thermristor.a(LCD.o)
                0x00001084                LCD_WriteControl
 .text.LCD_IsReady
                0x000010b8      0x158 .\ARM_GCC_493\Debug\Lab2_Thermristor.a(LCD.o)
                0x000010b8                LCD_IsReady
 .text.LCD_WrDatNib
                0x00001210       0x74 .\ARM_GCC_493\Debug\Lab2_Thermristor.a(LCD.o)
 .text.LCD_WrCntrlNib
                0x00001284       0x60 .\ARM_GCC_493\Debug\Lab2_Thermristor.a(LCD.o)
 .text.Opamp_Init
                0x000012e4        0xc .\ARM_GCC_493\Debug\Lab2_Thermristor.a(Opamp.o)
                0x000012e4                Opamp_Init
 .text.Opamp_Enable
                0x000012f0       0x48 .\ARM_GCC_493\Debug\Lab2_Thermristor.a(Opamp.o)
                0x000012f0                Opamp_Enable
 .text.Opamp_Start
                0x00001338       0x20 .\ARM_GCC_493\Debug\Lab2_Thermristor.a(Opamp.o)
                0x00001338                Opamp_Start
 .text.Opamp_Stop
                0x00001358       0x54 .\ARM_GCC_493\Debug\Lab2_Thermristor.a(Opamp.o)
                0x00001358                Opamp_Stop
 .text.Opamp_SetPower
                0x000013ac       0x40 .\ARM_GCC_493\Debug\Lab2_Thermristor.a(Opamp.o)
                0x000013ac                Opamp_SetPower
 .text.VDAC8_Init
                0x000013ec       0x28 .\ARM_GCC_493\Debug\Lab2_Thermristor.a(VDAC8.o)
                0x000013ec                VDAC8_Init
 .text.VDAC8_Enable
                0x00001414       0x34 .\ARM_GCC_493\Debug\Lab2_Thermristor.a(VDAC8.o)
                0x00001414                VDAC8_Enable
 .text.VDAC8_Start
                0x00001448       0x28 .\ARM_GCC_493\Debug\Lab2_Thermristor.a(VDAC8.o)
                0x00001448                VDAC8_Start
 .text.VDAC8_SetSpeed
                0x00001470       0x40 .\ARM_GCC_493\Debug\Lab2_Thermristor.a(VDAC8.o)
                0x00001470                VDAC8_SetSpeed
 .text.VDAC8_SetRange
                0x000014b0       0x40 .\ARM_GCC_493\Debug\Lab2_Thermristor.a(VDAC8.o)
                0x000014b0                VDAC8_SetRange
 .text.VDAC8_SetValue
                0x000014f0       0x20 .\ARM_GCC_493\Debug\Lab2_Thermristor.a(VDAC8.o)
                0x000014f0                VDAC8_SetValue
 .text.VDAC8_DacTrim
                0x00001510       0x3c .\ARM_GCC_493\Debug\Lab2_Thermristor.a(VDAC8.o)
                0x00001510                VDAC8_DacTrim
 .text.AMux_Start
                0x0000154c       0x38 .\ARM_GCC_493\Debug\Lab2_Thermristor.a(AMux.o)
                0x0000154c                AMux_Start
 .text.AMux_FastSelect
                0x00001584       0x3c .\ARM_GCC_493\Debug\Lab2_Thermristor.a(AMux.o)
                0x00001584                AMux_FastSelect
 .text.AMux_Disconnect
                0x000015c0       0x20 .\ARM_GCC_493\Debug\Lab2_Thermristor.a(AMux.o)
                0x000015c0                AMux_Disconnect
 .text.ADC_Init
                0x000015e0      0x11c .\ARM_GCC_493\Debug\Lab2_Thermristor.a(ADC.o)
                0x000015e0                ADC_Init
 .text.ADC_Enable
                0x000016fc      0x158 .\ARM_GCC_493\Debug\Lab2_Thermristor.a(ADC.o)
                0x000016fc                ADC_Enable
 .text.ADC_Start
                0x00001854       0x30 .\ARM_GCC_493\Debug\Lab2_Thermristor.a(ADC.o)
                0x00001854                ADC_Start
 .text.ADC_StartConvert
                0x00001884       0x20 .\ARM_GCC_493\Debug\Lab2_Thermristor.a(ADC.o)
                0x00001884                ADC_StartConvert
 .text.ADC_StopConvert
                0x000018a4       0x20 .\ARM_GCC_493\Debug\Lab2_Thermristor.a(ADC.o)
                0x000018a4                ADC_StopConvert
 .text.ADC_IsEndConversion
                0x000018c4       0x50 .\ARM_GCC_493\Debug\Lab2_Thermristor.a(ADC.o)
                0x000018c4                ADC_IsEndConversion
 .text.ADC_GetResult32
                0x00001914       0xa8 .\ARM_GCC_493\Debug\Lab2_Thermristor.a(ADC.o)
                0x00001914                ADC_GetResult32
 .text.ADC_InitConfig
                0x000019bc      0x15c .\ARM_GCC_493\Debug\Lab2_Thermristor.a(ADC.o)
 .text.ADC_GainCompensation
                0x00001b18      0x16c .\ARM_GCC_493\Debug\Lab2_Thermristor.a(ADC.o)
 .text.ADC_SetDSMRef0Reg
                0x00001c84       0x78 .\ARM_GCC_493\Debug\Lab2_Thermristor.a(ADC.o)
 .text.ADC_ISR1
                0x00001cfc        0xc .\ARM_GCC_493\Debug\Lab2_Thermristor.a(ADC_INT.o)
                0x00001cfc                ADC_ISR1
 .text.ADC_theACLK_SetDividerRegister
                0x00001d08      0x160 .\ARM_GCC_493\Debug\Lab2_Thermristor.a(ADC_theACLK.o)
                0x00001d08                ADC_theACLK_SetDividerRegister
 .text.ADC_theACLK_GetDividerRegister
                0x00001e68       0x18 .\ARM_GCC_493\Debug\Lab2_Thermristor.a(ADC_theACLK.o)
                0x00001e68                ADC_theACLK_GetDividerRegister
 .text.ADC_theACLK_SetModeRegister
                0x00001e80       0x34 .\ARM_GCC_493\Debug\Lab2_Thermristor.a(ADC_theACLK.o)
                0x00001e80                ADC_theACLK_SetModeRegister
 .text.ADC_theACLK_GetSourceRegister
                0x00001eb4       0x20 .\ARM_GCC_493\Debug\Lab2_Thermristor.a(ADC_theACLK.o)
                0x00001eb4                ADC_theACLK_GetSourceRegister
 .text.ADC_Ext_CP_Clk_SetDividerRegister
                0x00001ed4      0x160 .\ARM_GCC_493\Debug\Lab2_Thermristor.a(ADC_Ext_CP_Clk.o)
                0x00001ed4                ADC_Ext_CP_Clk_SetDividerRegister
 .text.ADC_Ext_CP_Clk_GetDividerRegister
                0x00002034       0x18 .\ARM_GCC_493\Debug\Lab2_Thermristor.a(ADC_Ext_CP_Clk.o)
                0x00002034                ADC_Ext_CP_Clk_GetDividerRegister
 .text.ADC_Ext_CP_Clk_SetModeRegister
                0x0000204c       0x34 .\ARM_GCC_493\Debug\Lab2_Thermristor.a(ADC_Ext_CP_Clk.o)
                0x0000204c                ADC_Ext_CP_Clk_SetModeRegister
 .text.ADC_Ext_CP_Clk_GetSourceRegister
                0x00002080       0x20 .\ARM_GCC_493\Debug\Lab2_Thermristor.a(ADC_Ext_CP_Clk.o)
                0x00002080                ADC_Ext_CP_Clk_GetSourceRegister
 .text.log      0x000020a0      0x100 d:/program files (x86)/cypress/psoc creator/3.3/psoc creator/import/gnu/arm/4.9.3/bin/../lib/gcc/arm-none-eabi/4.9.3/../../../../arm-none-eabi/lib/armv7-m\libm.a(lib_a-w_log.o)
                0x000020a0                log
 .text.pow      0x000021a0      0x2f0 d:/program files (x86)/cypress/psoc creator/3.3/psoc creator/import/gnu/arm/4.9.3/bin/../lib/gcc/arm-none-eabi/4.9.3/../../../../arm-none-eabi/lib/armv7-m\libm.a(lib_a-w_pow.o)
                0x000021a0                pow
 .text.__ieee754_log
                0x00002490      0x3d0 d:/program files (x86)/cypress/psoc creator/3.3/psoc creator/import/gnu/arm/4.9.3/bin/../lib/gcc/arm-none-eabi/4.9.3/../../../../arm-none-eabi/lib/armv7-m\libm.a(lib_a-e_log.o)
                0x00002490                __ieee754_log
 .text.__ieee754_pow
                0x00002860      0xaa0 d:/program files (x86)/cypress/psoc creator/3.3/psoc creator/import/gnu/arm/4.9.3/bin/../lib/gcc/arm-none-eabi/4.9.3/../../../../arm-none-eabi/lib/armv7-m\libm.a(lib_a-e_pow.o)
                0x00002860                __ieee754_pow
 .text.__ieee754_sqrt
                0x00003300      0x18c d:/program files (x86)/cypress/psoc creator/3.3/psoc creator/import/gnu/arm/4.9.3/bin/../lib/gcc/arm-none-eabi/4.9.3/../../../../arm-none-eabi/lib/armv7-m\libm.a(lib_a-e_sqrt.o)
                0x00003300                __ieee754_sqrt
 .text.fabs     0x0000348c        0x8 d:/program files (x86)/cypress/psoc creator/3.3/psoc creator/import/gnu/arm/4.9.3/bin/../lib/gcc/arm-none-eabi/4.9.3/../../../../arm-none-eabi/lib/armv7-m\libm.a(lib_a-s_fabs.o)
                0x0000348c                fabs
 .text.finite   0x00003494        0xc d:/program files (x86)/cypress/psoc creator/3.3/psoc creator/import/gnu/arm/4.9.3/bin/../lib/gcc/arm-none-eabi/4.9.3/../../../../arm-none-eabi/lib/armv7-m\libm.a(lib_a-s_finite.o)
                0x00003494                finite
 .text.__fpclassifyd
                0x000034a0       0x58 d:/program files (x86)/cypress/psoc creator/3.3/psoc creator/import/gnu/arm/4.9.3/bin/../lib/gcc/arm-none-eabi/4.9.3/../../../../arm-none-eabi/lib/armv7-m\libm.a(lib_a-s_fpclassify.o)
                0x000034a0                __fpclassifyd
 .text.matherr  0x000034f8        0x4 d:/program files (x86)/cypress/psoc creator/3.3/psoc creator/import/gnu/arm/4.9.3/bin/../lib/gcc/arm-none-eabi/4.9.3/../../../../arm-none-eabi/lib/armv7-m\libm.a(lib_a-s_matherr.o)
                0x000034f8                matherr
 .text.nan      0x000034fc        0xc d:/program files (x86)/cypress/psoc creator/3.3/psoc creator/import/gnu/arm/4.9.3/bin/../lib/gcc/arm-none-eabi/4.9.3/../../../../arm-none-eabi/lib/armv7-m\libm.a(lib_a-s_nan.o)
                0x000034fc                nan
 .text.rint     0x00003508      0x11c d:/program files (x86)/cypress/psoc creator/3.3/psoc creator/import/gnu/arm/4.9.3/bin/../lib/gcc/arm-none-eabi/4.9.3/../../../../arm-none-eabi/lib/armv7-m\libm.a(lib_a-s_rint.o)
                0x00003508                rint
 *fill*         0x00003624        0x4 
 .text.scalbn   0x00003628       0xf0 d:/program files (x86)/cypress/psoc creator/3.3/psoc creator/import/gnu/arm/4.9.3/bin/../lib/gcc/arm-none-eabi/4.9.3/../../../../arm-none-eabi/lib/armv7-m\libm.a(lib_a-s_scalbn.o)
                0x00003628                scalbn
 .text.copysign
                0x00003718       0x10 d:/program files (x86)/cypress/psoc creator/3.3/psoc creator/import/gnu/arm/4.9.3/bin/../lib/gcc/arm-none-eabi/4.9.3/../../../../arm-none-eabi/lib/armv7-m\libm.a(lib_a-s_copysign.o)
                0x00003718                copysign
 .text          0x00003728      0x370 d:/program files (x86)/cypress/psoc creator/3.3/psoc creator/import/gnu/arm/4.9.3/bin/../lib/gcc/arm-none-eabi/4.9.3/armv7-m\libgcc.a(_arm_addsubdf3.o)
                0x00003728                __aeabi_drsub
                0x00003730                __aeabi_dsub
                0x00003730                __subdf3
                0x00003734                __aeabi_dadd
                0x00003734                __adddf3
                0x000039ac                __floatunsidf
                0x000039ac                __aeabi_ui2d
                0x000039cc                __floatsidf
                0x000039cc                __aeabi_i2d
                0x000039f0                __aeabi_f2d
                0x000039f0                __extendsfdf2
                0x00003a2c                __floatundidf
                0x00003a2c                __aeabi_ul2d
                0x00003a3c                __floatdidf
                0x00003a3c                __aeabi_l2d
 .text          0x00003a98      0x424 d:/program files (x86)/cypress/psoc creator/3.3/psoc creator/import/gnu/arm/4.9.3/bin/../lib/gcc/arm-none-eabi/4.9.3/armv7-m\libgcc.a(_arm_muldivdf3.o)
                0x00003a98                __aeabi_dmul
                0x00003a98                __muldf3
                0x00003cec                __divdf3
                0x00003cec                __aeabi_ddiv
 .text          0x00003ebc      0x110 d:/program files (x86)/cypress/psoc creator/3.3/psoc creator/import/gnu/arm/4.9.3/bin/../lib/gcc/arm-none-eabi/4.9.3/armv7-m\libgcc.a(_arm_cmpdf2.o)
                0x00003ebc                __gtdf2
                0x00003ebc                __gedf2
                0x00003ec4                __ltdf2
                0x00003ec4                __ledf2
                0x00003ecc                __nedf2
                0x00003ecc                __eqdf2
                0x00003ecc                __cmpdf2
                0x00003f48                __aeabi_cdrcmple
                0x00003f58                __aeabi_cdcmpeq
                0x00003f58                __aeabi_cdcmple
                0x00003f68                __aeabi_dcmpeq
                0x00003f7c                __aeabi_dcmplt
                0x00003f90                __aeabi_dcmple
                0x00003fa4                __aeabi_dcmpge
                0x00003fb8                __aeabi_dcmpgt
 .text          0x00003fcc       0xa0 d:/program files (x86)/cypress/psoc creator/3.3/psoc creator/import/gnu/arm/4.9.3/bin/../lib/gcc/arm-none-eabi/4.9.3/armv7-m\libgcc.a(_arm_truncdfsf2.o)
                0x00003fcc                __truncdfsf2
                0x00003fcc                __aeabi_d2f
 .text          0x0000406c      0x21c d:/program files (x86)/cypress/psoc creator/3.3/psoc creator/import/gnu/arm/4.9.3/bin/../lib/gcc/arm-none-eabi/4.9.3/armv7-m\libgcc.a(_arm_addsubsf3.o)
                0x0000406c                __aeabi_frsub
                0x00004074                __subsf3
                0x00004074                __aeabi_fsub
                0x00004078                __aeabi_fadd
                0x00004078                __addsf3
                0x000041d8                __aeabi_ui2f
                0x000041d8                __floatunsisf
                0x000041e0                __aeabi_i2f
                0x000041e0                __floatsisf
                0x000041fc                __aeabi_ul2f
                0x000041fc                __floatundisf
                0x0000420c                __aeabi_l2f
                0x0000420c                __floatdisf
 .text          0x00004288      0x2a0 d:/program files (x86)/cypress/psoc creator/3.3/psoc creator/import/gnu/arm/4.9.3/bin/../lib/gcc/arm-none-eabi/4.9.3/armv7-m\libgcc.a(_arm_muldivsf3.o)
                0x00004288                __mulsf3
                0x00004288                __aeabi_fmul
                0x000043f0                __aeabi_fdiv
                0x000043f0                __divsf3
 .text          0x00004528       0x4c d:/program files (x86)/cypress/psoc creator/3.3/psoc creator/import/gnu/arm/4.9.3/bin/../lib/gcc/arm-none-eabi/4.9.3/armv7-m\libgcc.a(_arm_fixsfsi.o)
                0x00004528                __aeabi_f2iz
                0x00004528                __fixsfsi
 .text          0x00004574       0x40 d:/program files (x86)/cypress/psoc creator/3.3/psoc creator/import/gnu/arm/4.9.3/bin/../lib/gcc/arm-none-eabi/4.9.3/armv7-m\libgcc.a(_arm_fixunssfsi.o)
                0x00004574                __fixunssfsi
                0x00004574                __aeabi_f2uiz
 .text.__errno  0x000045b4        0xc d:/program files (x86)/cypress/psoc creator/3.3/psoc creator/import/gnu/arm/4.9.3/bin/../lib/gcc/arm-none-eabi/4.9.3/../../../../arm-none-eabi/lib/armv7-m\libg_nano.a(lib_a-errno.o)
                0x000045b4                __errno
 .text.__libc_init_array
                0x000045c0       0x4c d:/program files (x86)/cypress/psoc creator/3.3/psoc creator/import/gnu/arm/4.9.3/bin/../lib/gcc/arm-none-eabi/4.9.3/../../../../arm-none-eabi/lib/armv7-m\libg_nano.a(lib_a-init.o)
                0x000045c0                __libc_init_array
 .text.memcpy   0x0000460c       0x16 d:/program files (x86)/cypress/psoc creator/3.3/psoc creator/import/gnu/arm/4.9.3/bin/../lib/gcc/arm-none-eabi/4.9.3/../../../../arm-none-eabi/lib/armv7-m\libg_nano.a(lib_a-memcpy.o)
                0x0000460c                memcpy
 .text.memset   0x00004622       0x10 d:/program files (x86)/cypress/psoc creator/3.3/psoc creator/import/gnu/arm/4.9.3/bin/../lib/gcc/arm-none-eabi/4.9.3/../../../../arm-none-eabi/lib/armv7-m\libg_nano.a(lib_a-memset.o)
                0x00004622                memset
 .text.__cvt    0x00004632       0xbc d:/program files (x86)/cypress/psoc creator/3.3/psoc creator/import/gnu/arm/4.9.3/bin/../lib/gcc/arm-none-eabi/4.9.3/../../../../arm-none-eabi/lib/armv7-m\libg_nano.a(lib_a-nano-vfprintf_float.o)
                0x00004632                __cvt
 .text.__exponent
                0x000046ee       0x62 d:/program files (x86)/cypress/psoc creator/3.3/psoc creator/import/gnu/arm/4.9.3/bin/../lib/gcc/arm-none-eabi/4.9.3/../../../../arm-none-eabi/lib/armv7-m\libg_nano.a(lib_a-nano-vfprintf_float.o)
                0x000046ee                __exponent
 .text._printf_float
                0x00004750      0x48c d:/program files (x86)/cypress/psoc creator/3.3/psoc creator/import/gnu/arm/4.9.3/bin/../lib/gcc/arm-none-eabi/4.9.3/../../../../arm-none-eabi/lib/armv7-m\libg_nano.a(lib_a-nano-vfprintf_float.o)
                0x00004750                _printf_float
 .text._printf_common
                0x00004bdc       0xea d:/program files (x86)/cypress/psoc creator/3.3/psoc creator/import/gnu/arm/4.9.3/bin/../lib/gcc/arm-none-eabi/4.9.3/../../../../arm-none-eabi/lib/armv7-m\libg_nano.a(lib_a-nano-vfprintf_i.o)
                0x00004bdc                _printf_common
 *fill*         0x00004cc6        0x2 
 .text._printf_i
                0x00004cc8      0x240 d:/program files (x86)/cypress/psoc creator/3.3/psoc creator/import/gnu/arm/4.9.3/bin/../lib/gcc/arm-none-eabi/4.9.3/../../../../arm-none-eabi/lib/armv7-m\libg_nano.a(lib_a-nano-vfprintf_i.o)
                0x00004cc8                _printf_i
 .text.swapfunc
                0x00004f08       0x34 d:/program files (x86)/cypress/psoc creator/3.3/psoc creator/import/gnu/arm/4.9.3/bin/../lib/gcc/arm-none-eabi/4.9.3/../../../../arm-none-eabi/lib/armv7-m\libg_nano.a(lib_a-qsort.o)
 .text.med3.isra.1
                0x00004f3c       0x44 d:/program files (x86)/cypress/psoc creator/3.3/psoc creator/import/gnu/arm/4.9.3/bin/../lib/gcc/arm-none-eabi/4.9.3/../../../../arm-none-eabi/lib/armv7-m\libg_nano.a(lib_a-qsort.o)
 .text.qsort    0x00004f80      0x270 d:/program files (x86)/cypress/psoc creator/3.3/psoc creator/import/gnu/arm/4.9.3/bin/../lib/gcc/arm-none-eabi/4.9.3/../../../../arm-none-eabi/lib/armv7-m\libg_nano.a(lib_a-qsort.o)
                0x00004f80                qsort
 .text.sprintf  0x000051f0       0x48 d:/program files (x86)/cypress/psoc creator/3.3/psoc creator/import/gnu/arm/4.9.3/bin/../lib/gcc/arm-none-eabi/4.9.3/../../../../arm-none-eabi/lib/armv7-m\libg_nano.a(lib_a-sprintf.o)
                0x000051f0                siprintf
                0x000051f0                sprintf
 .text.strlen   0x00005238       0x10 d:/program files (x86)/cypress/psoc creator/3.3/psoc creator/import/gnu/arm/4.9.3/bin/../lib/gcc/arm-none-eabi/4.9.3/../../../../arm-none-eabi/lib/armv7-m\libg_nano.a(lib_a-strlen.o)
                0x00005238                strlen
 .text.quorem   0x00005248      0x114 d:/program files (x86)/cypress/psoc creator/3.3/psoc creator/import/gnu/arm/4.9.3/bin/../lib/gcc/arm-none-eabi/4.9.3/../../../../arm-none-eabi/lib/armv7-m\libg_nano.a(lib_a-dtoa.o)
 *fill*         0x0000535c        0x4 
 .text._dtoa_r  0x00005360      0xb78 d:/program files (x86)/cypress/psoc creator/3.3/psoc creator/import/gnu/arm/4.9.3/bin/../lib/gcc/arm-none-eabi/4.9.3/../../../../arm-none-eabi/lib/armv7-m\libg_nano.a(lib_a-dtoa.o)
                0x00005360                _dtoa_r
 .text._localeconv_r
                0x00005ed8        0x8 d:/program files (x86)/cypress/psoc creator/3.3/psoc creator/import/gnu/arm/4.9.3/bin/../lib/gcc/arm-none-eabi/4.9.3/../../../../arm-none-eabi/lib/armv7-m\libg_nano.a(lib_a-locale.o)
                0x00005ed8                _localeconv_r
 .text.malloc   0x00005ee0       0x10 d:/program files (x86)/cypress/psoc creator/3.3/psoc creator/import/gnu/arm/4.9.3/bin/../lib/gcc/arm-none-eabi/4.9.3/../../../../arm-none-eabi/lib/armv7-m\libg_nano.a(lib_a-malloc.o)
                0x00005ee0                malloc
 .text.memchr   0x00005ef0       0x1c d:/program files (x86)/cypress/psoc creator/3.3/psoc creator/import/gnu/arm/4.9.3/bin/../lib/gcc/arm-none-eabi/4.9.3/../../../../arm-none-eabi/lib/armv7-m\libg_nano.a(lib_a-memchr.o)
                0x00005ef0                memchr
 .text._Balloc  0x00005f0c       0x6a d:/program files (x86)/cypress/psoc creator/3.3/psoc creator/import/gnu/arm/4.9.3/bin/../lib/gcc/arm-none-eabi/4.9.3/../../../../arm-none-eabi/lib/armv7-m\libg_nano.a(lib_a-mprec.o)
                0x00005f0c                _Balloc
 .text._Bfree   0x00005f76       0x2e d:/program files (x86)/cypress/psoc creator/3.3/psoc creator/import/gnu/arm/4.9.3/bin/../lib/gcc/arm-none-eabi/4.9.3/../../../../arm-none-eabi/lib/armv7-m\libg_nano.a(lib_a-mprec.o)
                0x00005f76                _Bfree
 .text.__multadd
                0x00005fa4       0x7c d:/program files (x86)/cypress/psoc creator/3.3/psoc creator/import/gnu/arm/4.9.3/bin/../lib/gcc/arm-none-eabi/4.9.3/../../../../arm-none-eabi/lib/armv7-m\libg_nano.a(lib_a-mprec.o)
                0x00005fa4                __multadd
 .text.__hi0bits
                0x00006020       0x40 d:/program files (x86)/cypress/psoc creator/3.3/psoc creator/import/gnu/arm/4.9.3/bin/../lib/gcc/arm-none-eabi/4.9.3/../../../../arm-none-eabi/lib/armv7-m\libg_nano.a(lib_a-mprec.o)
                0x00006020                __hi0bits
 .text.__lo0bits
                0x00006060       0x5a d:/program files (x86)/cypress/psoc creator/3.3/psoc creator/import/gnu/arm/4.9.3/bin/../lib/gcc/arm-none-eabi/4.9.3/../../../../arm-none-eabi/lib/armv7-m\libg_nano.a(lib_a-mprec.o)
                0x00006060                __lo0bits
 .text.__i2b    0x000060ba       0x12 d:/program files (x86)/cypress/psoc creator/3.3/psoc creator/import/gnu/arm/4.9.3/bin/../lib/gcc/arm-none-eabi/4.9.3/../../../../arm-none-eabi/lib/armv7-m\libg_nano.a(lib_a-mprec.o)
                0x000060ba                __i2b
 .text.__multiply
                0x000060cc      0x120 d:/program files (x86)/cypress/psoc creator/3.3/psoc creator/import/gnu/arm/4.9.3/bin/../lib/gcc/arm-none-eabi/4.9.3/../../../../arm-none-eabi/lib/armv7-m\libg_nano.a(lib_a-mprec.o)
                0x000060cc                __multiply
 .text.__pow5mult
                0x000061ec       0x9c d:/program files (x86)/cypress/psoc creator/3.3/psoc creator/import/gnu/arm/4.9.3/bin/../lib/gcc/arm-none-eabi/4.9.3/../../../../arm-none-eabi/lib/armv7-m\libg_nano.a(lib_a-mprec.o)
                0x000061ec                __pow5mult
 .text.__lshift
                0x00006288       0xa6 d:/program files (x86)/cypress/psoc creator/3.3/psoc creator/import/gnu/arm/4.9.3/bin/../lib/gcc/arm-none-eabi/4.9.3/../../../../arm-none-eabi/lib/armv7-m\libg_nano.a(lib_a-mprec.o)
                0x00006288                __lshift
 .text.__mcmp   0x0000632e       0x38 d:/program files (x86)/cypress/psoc creator/3.3/psoc creator/import/gnu/arm/4.9.3/bin/../lib/gcc/arm-none-eabi/4.9.3/../../../../arm-none-eabi/lib/armv7-m\libg_nano.a(lib_a-mprec.o)
                0x0000632e                __mcmp
 .text.__mdiff  0x00006366       0xbe d:/program files (x86)/cypress/psoc creator/3.3/psoc creator/import/gnu/arm/4.9.3/bin/../lib/gcc/arm-none-eabi/4.9.3/../../../../arm-none-eabi/lib/armv7-m\libg_nano.a(lib_a-mprec.o)
                0x00006366                __mdiff
 .text.__d2b    0x00006424       0xa4 d:/program files (x86)/cypress/psoc creator/3.3/psoc creator/import/gnu/arm/4.9.3/bin/../lib/gcc/arm-none-eabi/4.9.3/../../../../arm-none-eabi/lib/armv7-m\libg_nano.a(lib_a-mprec.o)
                0x00006424                __d2b
 .text._calloc_r
                0x000064c8       0x1c d:/program files (x86)/cypress/psoc creator/3.3/psoc creator/import/gnu/arm/4.9.3/bin/../lib/gcc/arm-none-eabi/4.9.3/../../../../arm-none-eabi/lib/armv7-m\libg_nano.a(lib_a-nano-callocr.o)
                0x000064c8                _calloc_r
 .text._free_r  0x000064e4       0x88 d:/program files (x86)/cypress/psoc creator/3.3/psoc creator/import/gnu/arm/4.9.3/bin/../lib/gcc/arm-none-eabi/4.9.3/../../../../arm-none-eabi/lib/armv7-m\libg_nano.a(lib_a-nano-freer.o)
                0x000064e4                _free_r
 .text._malloc_r
                0x0000656c       0xac d:/program files (x86)/cypress/psoc creator/3.3/psoc creator/import/gnu/arm/4.9.3/bin/../lib/gcc/arm-none-eabi/4.9.3/../../../../arm-none-eabi/lib/armv7-m\libg_nano.a(lib_a-nano-mallocr.o)
                0x0000656c                _malloc_r
 .text.__ssputs_r
                0x00006618       0xb2 d:/program files (x86)/cypress/psoc creator/3.3/psoc creator/import/gnu/arm/4.9.3/bin/../lib/gcc/arm-none-eabi/4.9.3/../../../../arm-none-eabi/lib/armv7-m\libg_nano.a(lib_a-nano-svfprintf.o)
                0x00006618                __ssputs_r
 *fill*         0x000066ca        0x2 
 .text._svfprintf_r
                0x000066cc      0x1e4 d:/program files (x86)/cypress/psoc creator/3.3/psoc creator/import/gnu/arm/4.9.3/bin/../lib/gcc/arm-none-eabi/4.9.3/../../../../arm-none-eabi/lib/armv7-m\libg_nano.a(lib_a-nano-svfprintf.o)
                0x000066cc                _svfiprintf_r
                0x000066cc                _svfprintf_r
 .text._sbrk_r  0x000068b0       0x20 d:/program files (x86)/cypress/psoc creator/3.3/psoc creator/import/gnu/arm/4.9.3/bin/../lib/gcc/arm-none-eabi/4.9.3/../../../../arm-none-eabi/lib/armv7-m\libg_nano.a(lib_a-sbrkr.o)
                0x000068b0                _sbrk_r
 .text.memmove  0x000068d0       0x36 d:/program files (x86)/cypress/psoc creator/3.3/psoc creator/import/gnu/arm/4.9.3/bin/../lib/gcc/arm-none-eabi/4.9.3/../../../../arm-none-eabi/lib/armv7-m\libg_nano.a(lib_a-memmove.o)
                0x000068d0                memmove
 .text._realloc_r
                0x00006906       0x4c d:/program files (x86)/cypress/psoc creator/3.3/psoc creator/import/gnu/arm/4.9.3/bin/../lib/gcc/arm-none-eabi/4.9.3/../../../../arm-none-eabi/lib/armv7-m\libg_nano.a(lib_a-nano-reallocr.o)
                0x00006906                _realloc_r
 .text._malloc_usable_size_r
                0x00006952       0x14 d:/program files (x86)/cypress/psoc creator/3.3/psoc creator/import/gnu/arm/4.9.3/bin/../lib/gcc/arm-none-eabi/4.9.3/../../../../arm-none-eabi/lib/armv7-m\libg_nano.a(lib_a-nano-msizer.o)
                0x00006952                _malloc_usable_size_r
 *fill*         0x00006966        0x2 
 .text          0x00006968       0x50 d:/program files (x86)/cypress/psoc creator/3.3/psoc creator/import/gnu/arm/4.9.3/bin/../lib/gcc/arm-none-eabi/4.9.3/armv7-m\libgcc.a(_arm_fixdfsi.o)
                0x00006968                __aeabi_d2iz
                0x00006968                __fixdfsi
 .text._sbrk    0x000069b8       0x1c d:/program files (x86)/cypress/psoc creator/3.3/psoc creator/import/gnu/arm/4.9.3/bin/../lib/gcc/arm-none-eabi/4.9.3/../../../../arm-none-eabi/lib/armv7-m\libnosys.a(sbrk.o)
                0x000069b8                _sbrk
 *(.plt)
 *(.gnu.warning)
 *(.glue_7t)
 .glue_7t       0x00000000        0x0 linker stubs
 *(.glue_7)
 .glue_7        0x00000000        0x0 linker stubs
 *(.vfp11_veneer)
 .vfp11_veneer  0x00000000        0x0 linker stubs
 *(.bootloader)
 *(.ARM.extab* .gnu.linkonce.armextab.*)
 *(.gcc_except_table)

.v4_bx          0x000069d4        0x0
 .v4_bx         0x00000000        0x0 linker stubs

.iplt           0x000069d4        0x0
 .iplt          0x00000000        0x0 d:/program files (x86)/cypress/psoc creator/3.3/psoc creator/import/gnu/arm/4.9.3/bin/../lib/gcc/arm-none-eabi/4.9.3/armv7-m/crtbegin.o

.eh_frame_hdr
 *(.eh_frame_hdr)

.eh_frame       0x000069d4        0x4
 *(.eh_frame)
 .eh_frame      0x000069d4        0x0 d:/program files (x86)/cypress/psoc creator/3.3/psoc creator/import/gnu/arm/4.9.3/bin/../lib/gcc/arm-none-eabi/4.9.3/armv7-m/crtbegin.o
 .eh_frame      0x000069d4        0x0 d:/program files (x86)/cypress/psoc creator/3.3/psoc creator/import/gnu/arm/4.9.3/bin/../lib/gcc/arm-none-eabi/4.9.3/../../../../arm-none-eabi/lib/armv7-m\libg_nano.a(lib_a-strcmp.o)
                                 0x28 (size before relaxing)
 .eh_frame      0x000069d4        0x4 d:/program files (x86)/cypress/psoc creator/3.3/psoc creator/import/gnu/arm/4.9.3/bin/../lib/gcc/arm-none-eabi/4.9.3/armv7-m/crtend.o
                0x000069d8                PROVIDE (__exidx_start, .)

.ARM.exidx
 *(.ARM.exidx* .gnu.linkonce.armexidx.*)
                0x000069d8                __exidx_end = .

.rodata         0x000069d8      0x2d8
 *(.rodata .rodata.* .gnu.linkonce.r.*)
 .rodata        0x000069d8       0x1c .\ARM_GCC_493\Debug\main.o
 .rodata        0x000069f4       0xd4 .\ARM_GCC_493\Debug\Lab2_Thermristor.a(cyfitter_cfg.o)
 .rodata.str1.4
                0x00006ac8        0x5 d:/program files (x86)/cypress/psoc creator/3.3/psoc creator/import/gnu/arm/4.9.3/bin/../lib/gcc/arm-none-eabi/4.9.3/../../../../arm-none-eabi/lib/armv7-m\libm.a(lib_a-w_log.o)
                                  0x8 (size before relaxing)
 *fill*         0x00006acd        0x3 
 .rodata.str1.4
                0x00006ad0        0x4 d:/program files (x86)/cypress/psoc creator/3.3/psoc creator/import/gnu/arm/4.9.3/bin/../lib/gcc/arm-none-eabi/4.9.3/../../../../arm-none-eabi/lib/armv7-m\libm.a(lib_a-w_pow.o)
 *fill*         0x00006ad4        0x4 
 .rodata.dp_h   0x00006ad8       0x10 d:/program files (x86)/cypress/psoc creator/3.3/psoc creator/import/gnu/arm/4.9.3/bin/../lib/gcc/arm-none-eabi/4.9.3/../../../../arm-none-eabi/lib/armv7-m\libm.a(lib_a-e_pow.o)
 .rodata.dp_l   0x00006ae8       0x10 d:/program files (x86)/cypress/psoc creator/3.3/psoc creator/import/gnu/arm/4.9.3/bin/../lib/gcc/arm-none-eabi/4.9.3/../../../../arm-none-eabi/lib/armv7-m\libm.a(lib_a-e_pow.o)
 .rodata.bp     0x00006af8       0x10 d:/program files (x86)/cypress/psoc creator/3.3/psoc creator/import/gnu/arm/4.9.3/bin/../lib/gcc/arm-none-eabi/4.9.3/../../../../arm-none-eabi/lib/armv7-m\libm.a(lib_a-e_pow.o)
 .rodata.str1.4
                0x00000000        0x4 d:/program files (x86)/cypress/psoc creator/3.3/psoc creator/import/gnu/arm/4.9.3/bin/../lib/gcc/arm-none-eabi/4.9.3/../../../../arm-none-eabi/lib/armv7-m\libm.a(lib_a-e_pow.o)
 .rodata.TWO52  0x00006b08       0x10 d:/program files (x86)/cypress/psoc creator/3.3/psoc creator/import/gnu/arm/4.9.3/bin/../lib/gcc/arm-none-eabi/4.9.3/../../../../arm-none-eabi/lib/armv7-m\libm.a(lib_a-s_rint.o)
 .rodata.str1.1
                0x00006b18        0x2 d:/program files (x86)/cypress/psoc creator/3.3/psoc creator/import/gnu/arm/4.9.3/bin/../lib/gcc/arm-none-eabi/4.9.3/../../../../arm-none-eabi/lib/armv7-m\libg_nano.a(lib_a-impure.o)
 .rodata.str1.1
                0x00006b1a       0x12 d:/program files (x86)/cypress/psoc creator/3.3/psoc creator/import/gnu/arm/4.9.3/bin/../lib/gcc/arm-none-eabi/4.9.3/../../../../arm-none-eabi/lib/armv7-m\libg_nano.a(lib_a-nano-vfprintf_float.o)
 .rodata.str1.1
                0x00006b2c       0x22 d:/program files (x86)/cypress/psoc creator/3.3/psoc creator/import/gnu/arm/4.9.3/bin/../lib/gcc/arm-none-eabi/4.9.3/../../../../arm-none-eabi/lib/armv7-m\libg_nano.a(lib_a-nano-vfprintf_i.o)
 .rodata.str1.1
                0x00006b4e        0xd d:/program files (x86)/cypress/psoc creator/3.3/psoc creator/import/gnu/arm/4.9.3/bin/../lib/gcc/arm-none-eabi/4.9.3/../../../../arm-none-eabi/lib/armv7-m\libg_nano.a(lib_a-dtoa.o)
                                  0xf (size before relaxing)
 .rodata.str1.1
                0x00006b5b        0x8 d:/program files (x86)/cypress/psoc creator/3.3/psoc creator/import/gnu/arm/4.9.3/bin/../lib/gcc/arm-none-eabi/4.9.3/../../../../arm-none-eabi/lib/armv7-m\libg_nano.a(lib_a-locale.o)
                                  0xb (size before relaxing)
 *fill*         0x00006b63        0x5 
 .rodata.__mprec_tens
                0x00006b68       0xc8 d:/program files (x86)/cypress/psoc creator/3.3/psoc creator/import/gnu/arm/4.9.3/bin/../lib/gcc/arm-none-eabi/4.9.3/../../../../arm-none-eabi/lib/armv7-m\libg_nano.a(lib_a-mprec.o)
                0x00006b68                __mprec_tens
 .rodata.__mprec_bigtens
                0x00006c30       0x28 d:/program files (x86)/cypress/psoc creator/3.3/psoc creator/import/gnu/arm/4.9.3/bin/../lib/gcc/arm-none-eabi/4.9.3/../../../../arm-none-eabi/lib/armv7-m\libg_nano.a(lib_a-mprec.o)
                0x00006c30                __mprec_bigtens
 .rodata.p05.5308
                0x00006c58        0xc d:/program files (x86)/cypress/psoc creator/3.3/psoc creator/import/gnu/arm/4.9.3/bin/../lib/gcc/arm-none-eabi/4.9.3/../../../../arm-none-eabi/lib/armv7-m\libg_nano.a(lib_a-mprec.o)
 .rodata.str1.1
                0x00006c64       0x11 d:/program files (x86)/cypress/psoc creator/3.3/psoc creator/import/gnu/arm/4.9.3/bin/../lib/gcc/arm-none-eabi/4.9.3/../../../../arm-none-eabi/lib/armv7-m\libg_nano.a(lib_a-nano-svfprintf.o)
                0x00006c78                . = ALIGN (0x4)
 *fill*         0x00006c75        0x3 
 *(.init)
 .init          0x00006c78        0x4 d:/program files (x86)/cypress/psoc creator/3.3/psoc creator/import/gnu/arm/4.9.3/bin/../lib/gcc/arm-none-eabi/4.9.3/armv7-m/crti.o
                0x00006c78                _init
 .init          0x00006c7c        0x8 d:/program files (x86)/cypress/psoc creator/3.3/psoc creator/import/gnu/arm/4.9.3/bin/../lib/gcc/arm-none-eabi/4.9.3/armv7-m/crtn.o
                0x00006c84                . = ALIGN (0x4)
                0x00006c84                __preinit_array_start = .
 *(.preinit_array)
                0x00006c84                __preinit_array_end = .
                0x00006c84                . = ALIGN (0x4)
                0x00006c84                __init_array_start = .
 *(SORT(.init_array.*))
 *(.init_array)
 .init_array    0x00006c84        0x4 d:/program files (x86)/cypress/psoc creator/3.3/psoc creator/import/gnu/arm/4.9.3/bin/../lib/gcc/arm-none-eabi/4.9.3/armv7-m/crtbegin.o
 .init_array    0x00006c88        0x4 .\ARM_GCC_493\Debug\Cm3Start.o
                0x00006c8c                __init_array_end = .
                0x00006c8c                . = ALIGN (0x4)
 *(.fini)
 .fini          0x00006c8c        0x4 d:/program files (x86)/cypress/psoc creator/3.3/psoc creator/import/gnu/arm/4.9.3/bin/../lib/gcc/arm-none-eabi/4.9.3/armv7-m/crti.o
                0x00006c8c                _fini
 .fini          0x00006c90        0x8 d:/program files (x86)/cypress/psoc creator/3.3/psoc creator/import/gnu/arm/4.9.3/bin/../lib/gcc/arm-none-eabi/4.9.3/armv7-m/crtn.o
                0x00006c98                . = ALIGN (0x4)
                0x00006c98                __fini_array_start = .
 *(.fini_array)
 .fini_array    0x00006c98        0x4 d:/program files (x86)/cypress/psoc creator/3.3/psoc creator/import/gnu/arm/4.9.3/bin/../lib/gcc/arm-none-eabi/4.9.3/armv7-m/crtbegin.o
 *(SORT(.fini_array.*))
                0x00006c9c                __fini_array_end = .
                0x00006c9c                . = ALIGN (0x4)
 *crtbegin.o(.ctors)
 *(EXCLUDE_FILE(*crtend.o) .ctors)
 *(SORT(.ctors.*))
 *crtend.o(.ctors)
                0x00006c9c                . = ALIGN (0x4)
 *crtbegin.o(.dtors)
 *(EXCLUDE_FILE(*crtend.o) .dtors)
 *(SORT(.dtors.*))
 *crtend.o(.dtors)
                0x00006c9c                . = ALIGN (0x4)
                0x00006c9c                __cy_regions = .
                0x00006c9c        0x4 LONG 0x6cb0 __cy_region_init_ram
                0x00006ca0        0x4 LONG 0x1fff8108 __cy_region_start_data
                0x00006ca4        0x4 LONG 0xb8 __cy_region_init_size_ram
                0x00006ca8        0x4 LONG 0x68 __cy_region_zero_size_ram
                0x00006cac                __cy_regions_end = .
                0x00006cb0                . = ALIGN (0x8)
 *fill*         0x00006cac        0x4 
                0x00006cb0                _etext = .

.ramvectors     0x1fff8000      0x100
                0x1fff8000                __cy_region_start_ram = .
 *(.ramvectors)
 .ramvectors    0x1fff8000      0x100 .\ARM_GCC_493\Debug\Cm3Start.o
                0x1fff8000                CyRamVectors

.noinit         0x1fff8100        0x5
 *(.noinit)
 .noinit        0x1fff8100        0x4 .\ARM_GCC_493\Debug\Cm3Start.o
 .noinit        0x1fff8104        0x1 .\ARM_GCC_493\Debug\Lab2_Thermristor.a(CyLib.o)
                0x1fff8104                CyResetStatus

.data           0x1fff8108       0xb8 load address 0x00006cb0
                0x1fff8108                __cy_region_start_data = .
 *(.jcr)
 .jcr           0x1fff8108        0x0 d:/program files (x86)/cypress/psoc creator/3.3/psoc creator/import/gnu/arm/4.9.3/bin/../lib/gcc/arm-none-eabi/4.9.3/armv7-m/crtbegin.o
 .jcr           0x1fff8108        0x4 d:/program files (x86)/cypress/psoc creator/3.3/psoc creator/import/gnu/arm/4.9.3/bin/../lib/gcc/arm-none-eabi/4.9.3/armv7-m/crtend.o
 *(.got.plt)
 *(.got)
 *(.shdata)
 *(.data .data.* .gnu.linkonce.d.*)
 .data          0x1fff810c        0x4 .\ARM_GCC_493\Debug\main.o
                0x1fff810c                eepromRefRes
 .data          0x1fff8110       0x10 .\ARM_GCC_493\Debug\Lab2_Thermristor.a(CyLib.o)
                0x1fff8110                cydelay_freq_hz
                0x1fff8114                cydelay_freq_khz
                0x1fff8118                cydelay_freq_mhz
                0x1fff811c                cydelay_32k_ms
 .data          0x1fff8120        0x1 .\ARM_GCC_493\Debug\Lab2_Thermristor.a(AMux.o)
 .data          0x1fff8121        0x1 .\ARM_GCC_493\Debug\Lab2_Thermristor.a(ADC.o)
                0x1fff8121                ADC_Config
 .data.__fdlib_version
                0x1fff8122        0x1 d:/program files (x86)/cypress/psoc creator/3.3/psoc creator/import/gnu/arm/4.9.3/bin/../lib/gcc/arm-none-eabi/4.9.3/../../../../arm-none-eabi/lib/armv7-m\libm.a(lib_a-s_lib_ver.o)
                0x1fff8122                __fdlib_version
 *fill*         0x1fff8123        0x1 
 .data.impure_data
                0x1fff8124       0x60 d:/program files (x86)/cypress/psoc creator/3.3/psoc creator/import/gnu/arm/4.9.3/bin/../lib/gcc/arm-none-eabi/4.9.3/../../../../arm-none-eabi/lib/armv7-m\libg_nano.a(lib_a-impure.o)
 .data._impure_ptr
                0x1fff8184        0x4 d:/program files (x86)/cypress/psoc creator/3.3/psoc creator/import/gnu/arm/4.9.3/bin/../lib/gcc/arm-none-eabi/4.9.3/../../../../arm-none-eabi/lib/armv7-m\libg_nano.a(lib_a-impure.o)
                0x1fff8184                _impure_ptr
 .data.lconv    0x1fff8188       0x38 d:/program files (x86)/cypress/psoc creator/3.3/psoc creator/import/gnu/arm/4.9.3/bin/../lib/gcc/arm-none-eabi/4.9.3/../../../../arm-none-eabi/lib/armv7-m\libg_nano.a(lib_a-locale.o)
                0x1fff81c0                . = ALIGN (0x8)
 *(.ram)
                0x1fff81c0                _edata = .

.igot.plt       0x1fff81c0        0x0 load address 0x00006d68
 .igot.plt      0x00000000        0x0 d:/program files (x86)/cypress/psoc creator/3.3/psoc creator/import/gnu/arm/4.9.3/bin/../lib/gcc/arm-none-eabi/4.9.3/armv7-m/crtbegin.o

.bss            0x1fff81c0       0x68 load address 0x00006d68
                0x1fff81c0                PROVIDE (__bss_start__, .)
 *(.shbss)
 *(.bss .bss.* .gnu.linkonce.b.*)
 .bss           0x1fff81c0       0x1c d:/program files (x86)/cypress/psoc creator/3.3/psoc creator/import/gnu/arm/4.9.3/bin/../lib/gcc/arm-none-eabi/4.9.3/armv7-m/crtbegin.o
 .bss           0x1fff81dc        0x8 .\ARM_GCC_493\Debug\main.o
                0x1fff81dc                eepromTempOffset
                0x1fff81e0                CalSelectFlag
 *fill*         0x1fff81e4        0x4 
 .bss           0x1fff81e8       0x18 .\ARM_GCC_493\Debug\Lab2_Thermristor.a(cyfitter_cfg.o)
 .bss           0x1fff8200        0x2 .\ARM_GCC_493\Debug\Lab2_Thermristor.a(LCD.o)
                0x1fff8200                LCD_enableState
                0x1fff8201                LCD_initVar
 .bss           0x1fff8202        0x1 .\ARM_GCC_493\Debug\Lab2_Thermristor.a(Opamp.o)
                0x1fff8202                Opamp_initVar
 .bss           0x1fff8203        0x1 .\ARM_GCC_493\Debug\Lab2_Thermristor.a(VDAC8.o)
                0x1fff8203                VDAC8_initVar
 .bss           0x1fff8204        0x8 .\ARM_GCC_493\Debug\Lab2_Thermristor.a(ADC.o)
                0x1fff8204                ADC_convDone
                0x1fff8205                ADC_stopConversion
                0x1fff8206                ADC_initVar
                0x1fff8207                ADC_started
 .bss.__malloc_sbrk_start
                0x1fff820c        0x4 d:/program files (x86)/cypress/psoc creator/3.3/psoc creator/import/gnu/arm/4.9.3/bin/../lib/gcc/arm-none-eabi/4.9.3/../../../../arm-none-eabi/lib/armv7-m\libg_nano.a(lib_a-nano-mallocr.o)
                0x1fff820c                __malloc_sbrk_start
 .bss.__malloc_free_list
                0x1fff8210        0x4 d:/program files (x86)/cypress/psoc creator/3.3/psoc creator/import/gnu/arm/4.9.3/bin/../lib/gcc/arm-none-eabi/4.9.3/../../../../arm-none-eabi/lib/armv7-m\libg_nano.a(lib_a-nano-mallocr.o)
                0x1fff8210                __malloc_free_list
 .bss.heap_end.4079
                0x1fff8214        0x4 d:/program files (x86)/cypress/psoc creator/3.3/psoc creator/import/gnu/arm/4.9.3/bin/../lib/gcc/arm-none-eabi/4.9.3/../../../../arm-none-eabi/lib/armv7-m\libnosys.a(sbrk.o)
 *(COMMON)
 COMMON         0x1fff8218        0x8 .\ARM_GCC_493\Debug\Lab2_Thermristor.a(ADC.o)
                0x1fff8218                ADC_Offset
                0x1fff821c                ADC_CountsPerVolt
 COMMON         0x1fff8220        0x4 d:/program files (x86)/cypress/psoc creator/3.3/psoc creator/import/gnu/arm/4.9.3/bin/../lib/gcc/arm-none-eabi/4.9.3/../../../../arm-none-eabi/lib/armv7-m\libg_nano.a(lib_a-reent.o)
                0x1fff8220                errno
                0x1fff8228                . = ALIGN (0x8)
 *fill*         0x1fff8224        0x4 
 *(.ram.b)
                0x1fff8228                _end = .
                0x1fff8228                __end = .
                0x1fff8228                PROVIDE (end, .)
                0x1fff8228                PROVIDE (__bss_end__, .)
                0x00006cb0                __cy_region_init_ram = LOADADDR (.data)
                0x000000b8                __cy_region_init_size_ram = (_edata - ADDR (.data))
                0x00000068                __cy_region_zero_size_ram = (_end - _edata)

.heap           0x1fff8228       0x80 load address 0x00006d68
                0x1fff8228                . = _end
                0x1fff82a8                . = (. + 0x80)
 *fill*         0x1fff8228       0x80 
                0x1fff82a8                __cy_heap_limit = .

.stack          0x20007800      0x800
                0x20007800                __cy_stack_limit = .
                0x20008000                . = (. + 0x800)
 *fill*         0x20007800      0x800 
                0x00000001                ASSERT ((__cy_stack_limit >= __cy_heap_limit), region RAM overflowed with stack)

.cyloadermeta
 *(.cyloadermeta)

.cyloadablemeta
 *(.cyloadablemeta)

.cyconfigecc    0x80000000      0x814
 *(.cyconfigecc)
 .cyconfigecc   0x80000000      0x814 .\ARM_GCC_493\Debug\cymetadata.o
                0x80000000                cy_meta_configecc

.cycustnvl      0x90000000        0x4
 *(.cycustnvl)
 .cycustnvl     0x90000000        0x4 .\ARM_GCC_493\Debug\cymetadata.o
                0x90000000                cy_meta_custnvl

.cywolatch      0x90100000        0x4
 *(.cywolatch)
 .cywolatch     0x90100000        0x4 .\ARM_GCC_493\Debug\cymetadata.o
                0x90100000                cy_meta_wonvl

.cyeeprom       0x90200000        0x0
 *(.cyeeprom)
                0x00000001                ASSERT ((. <= ((0x90200000 + ee_offset) + ee_size)), .cyeeprom data will not fit in EEPROM)

.cyflashprotect
                0x90400000      0x100
 *(.cyflashprotect)
 .cyflashprotect
                0x90400000      0x100 .\ARM_GCC_493\Debug\cymetadata.o
                0x90400000                cy_meta_flashprotect

.cymeta         0x90500000        0xc
 *(.cymeta)
 .cymeta        0x90500000        0xc .\ARM_GCC_493\Debug\cymetadata.o
                0x90500000                cy_metadata

.rel.dyn        0x00006d68        0x0 load address 0x9050000c
 .rel.iplt      0x00000000        0x0 d:/program files (x86)/cypress/psoc creator/3.3/psoc creator/import/gnu/arm/4.9.3/bin/../lib/gcc/arm-none-eabi/4.9.3/armv7-m/crtbegin.o

.stab
 *(.stab)

.stabstr
 *(.stabstr)

.debug
 *(.debug)

.line
 *(.line)

.debug_srcinfo
 *(.debug_srcinfo)

.debug_sfnames
 *(.debug_sfnames)

.debug_aranges  0x00000000      0x8b8
 *(.debug_aranges)
 .debug_aranges
                0x00000000       0x20 .\ARM_GCC_493\Debug\main.o
 .debug_aranges
                0x00000020       0x20 .\ARM_GCC_493\Debug\measurement.o
 .debug_aranges
                0x00000040       0x28 .\ARM_GCC_493\Debug\removeOffsetNoise.o
 .debug_aranges
                0x00000068       0x30 .\ARM_GCC_493\Debug\median5.o
 .debug_aranges
                0x00000098       0x40 .\ARM_GCC_493\Debug\Cm3Start.o
 .debug_aranges
                0x000000d8       0x18 .\ARM_GCC_493\Debug\cymetadata.o
 .debug_aranges
                0x000000f0       0x80 .\ARM_GCC_493\Debug\Lab2_Thermristor.a(cyfitter_cfg.o)
 .debug_aranges
                0x00000170       0x20 .\ARM_GCC_493\Debug\Lab2_Thermristor.a(CyBootAsmGnu.o)
 .debug_aranges
                0x00000190      0x218 .\ARM_GCC_493\Debug\Lab2_Thermristor.a(CyLib.o)
 .debug_aranges
                0x000003a8       0x90 .\ARM_GCC_493\Debug\Lab2_Thermristor.a(cyPm.o)
 .debug_aranges
                0x00000438       0x28 .\ARM_GCC_493\Debug\Lab2_Thermristor.a(Thermistor.o)
 .debug_aranges
                0x00000460       0x90 .\ARM_GCC_493\Debug\Lab2_Thermristor.a(LCD.o)
 .debug_aranges
                0x000004f0       0x40 .\ARM_GCC_493\Debug\Lab2_Thermristor.a(Opamp.o)
 .debug_aranges
                0x00000530       0x58 .\ARM_GCC_493\Debug\Lab2_Thermristor.a(VDAC8.o)
 .debug_aranges
                0x00000588       0x40 .\ARM_GCC_493\Debug\Lab2_Thermristor.a(AMux.o)
 .debug_aranges
                0x000005c8       0xe8 .\ARM_GCC_493\Debug\Lab2_Thermristor.a(ADC.o)
 .debug_aranges
                0x000006b0       0x38 .\ARM_GCC_493\Debug\Lab2_Thermristor.a(ADC_INT.o)
 .debug_aranges
                0x000006e8       0x80 .\ARM_GCC_493\Debug\Lab2_Thermristor.a(ADC_theACLK.o)
 .debug_aranges
                0x00000768       0x70 .\ARM_GCC_493\Debug\Lab2_Thermristor.a(ADC_Ext_CP_Clk.o)
 .debug_aranges
                0x000007d8       0x78 .\ARM_GCC_493\Debug\Lab2_Thermristor.a(CyFlash.o)
 .debug_aranges
                0x00000850       0x68 .\ARM_GCC_493\Debug\Lab2_Thermristor.a(CySpc.o)

.debug_pubnames
 *(.debug_pubnames)

.debug_info     0x00000000     0x3d9f
 *(.debug_info .gnu.linkonce.wi.*)
 .debug_info    0x00000000      0x1b8 .\ARM_GCC_493\Debug\main.o
 .debug_info    0x000001b8      0x110 .\ARM_GCC_493\Debug\measurement.o
 .debug_info    0x000002c8      0x159 .\ARM_GCC_493\Debug\removeOffsetNoise.o
 .debug_info    0x00000421      0x184 .\ARM_GCC_493\Debug\median5.o
 .debug_info    0x000005a5      0x2bc .\ARM_GCC_493\Debug\Cm3Start.o
 .debug_info    0x00000861      0x13e .\ARM_GCC_493\Debug\cymetadata.o
 .debug_info    0x0000099f      0x62b .\ARM_GCC_493\Debug\Lab2_Thermristor.a(cyfitter_cfg.o)
 .debug_info    0x00000fca       0xa2 .\ARM_GCC_493\Debug\Lab2_Thermristor.a(CyBootAsmGnu.o)
 .debug_info    0x0000106c      0xb90 .\ARM_GCC_493\Debug\Lab2_Thermristor.a(CyLib.o)
 .debug_info    0x00001bfc      0x534 .\ARM_GCC_493\Debug\Lab2_Thermristor.a(cyPm.o)
 .debug_info    0x00002130      0x171 .\ARM_GCC_493\Debug\Lab2_Thermristor.a(Thermistor.o)
 .debug_info    0x000022a1      0x383 .\ARM_GCC_493\Debug\Lab2_Thermristor.a(LCD.o)
 .debug_info    0x00002624      0x11c .\ARM_GCC_493\Debug\Lab2_Thermristor.a(Opamp.o)
 .debug_info    0x00002740      0x183 .\ARM_GCC_493\Debug\Lab2_Thermristor.a(VDAC8.o)
 .debug_info    0x000028c3      0x151 .\ARM_GCC_493\Debug\Lab2_Thermristor.a(AMux.o)
 .debug_info    0x00002a14      0x71b .\ARM_GCC_493\Debug\Lab2_Thermristor.a(ADC.o)
 .debug_info    0x0000312f       0xcc .\ARM_GCC_493\Debug\Lab2_Thermristor.a(ADC_INT.o)
 .debug_info    0x000031fb      0x295 .\ARM_GCC_493\Debug\Lab2_Thermristor.a(ADC_theACLK.o)
 .debug_info    0x00003490      0x259 .\ARM_GCC_493\Debug\Lab2_Thermristor.a(ADC_Ext_CP_Clk.o)
 .debug_info    0x000036e9      0x314 .\ARM_GCC_493\Debug\Lab2_Thermristor.a(CyFlash.o)
 .debug_info    0x000039fd      0x3a2 .\ARM_GCC_493\Debug\Lab2_Thermristor.a(CySpc.o)

.debug_abbrev   0x00000000     0x1454
 *(.debug_abbrev)
 .debug_abbrev  0x00000000       0x9b .\ARM_GCC_493\Debug\main.o
 .debug_abbrev  0x0000009b       0x89 .\ARM_GCC_493\Debug\measurement.o
 .debug_abbrev  0x00000124       0xb7 .\ARM_GCC_493\Debug\removeOffsetNoise.o
 .debug_abbrev  0x000001db       0xfd .\ARM_GCC_493\Debug\median5.o
 .debug_abbrev  0x000002d8      0x173 .\ARM_GCC_493\Debug\Cm3Start.o
 .debug_abbrev  0x0000044b       0x77 .\ARM_GCC_493\Debug\cymetadata.o
 .debug_abbrev  0x000004c2      0x185 .\ARM_GCC_493\Debug\Lab2_Thermristor.a(cyfitter_cfg.o)
 .debug_abbrev  0x00000647       0x14 .\ARM_GCC_493\Debug\Lab2_Thermristor.a(CyBootAsmGnu.o)
 .debug_abbrev  0x0000065b      0x205 .\ARM_GCC_493\Debug\Lab2_Thermristor.a(CyLib.o)
 .debug_abbrev  0x00000860      0x16e .\ARM_GCC_493\Debug\Lab2_Thermristor.a(cyPm.o)
 .debug_abbrev  0x000009ce       0x8b .\ARM_GCC_493\Debug\Lab2_Thermristor.a(Thermistor.o)
 .debug_abbrev  0x00000a59      0x120 .\ARM_GCC_493\Debug\Lab2_Thermristor.a(LCD.o)
 .debug_abbrev  0x00000b79       0xa8 .\ARM_GCC_493\Debug\Lab2_Thermristor.a(Opamp.o)
 .debug_abbrev  0x00000c21       0xeb .\ARM_GCC_493\Debug\Lab2_Thermristor.a(VDAC8.o)
 .debug_abbrev  0x00000d0c       0x6f .\ARM_GCC_493\Debug\Lab2_Thermristor.a(AMux.o)
 .debug_abbrev  0x00000d7b      0x190 .\ARM_GCC_493\Debug\Lab2_Thermristor.a(ADC.o)
 .debug_abbrev  0x00000f0b       0x42 .\ARM_GCC_493\Debug\Lab2_Thermristor.a(ADC_INT.o)
 .debug_abbrev  0x00000f4d      0x11d .\ARM_GCC_493\Debug\Lab2_Thermristor.a(ADC_theACLK.o)
 .debug_abbrev  0x0000106a      0x11d .\ARM_GCC_493\Debug\Lab2_Thermristor.a(ADC_Ext_CP_Clk.o)
 .debug_abbrev  0x00001187      0x170 .\ARM_GCC_493\Debug\Lab2_Thermristor.a(CyFlash.o)
 .debug_abbrev  0x000012f7      0x15d .\ARM_GCC_493\Debug\Lab2_Thermristor.a(CySpc.o)

.debug_line     0x00000000     0x2563
 *(.debug_line)
 .debug_line    0x00000000      0x1c3 .\ARM_GCC_493\Debug\main.o
 .debug_line    0x000001c3      0x172 .\ARM_GCC_493\Debug\measurement.o
 .debug_line    0x00000335      0x195 .\ARM_GCC_493\Debug\removeOffsetNoise.o
 .debug_line    0x000004ca      0x19d .\ARM_GCC_493\Debug\median5.o
 .debug_line    0x00000667      0x1aa .\ARM_GCC_493\Debug\Cm3Start.o
 .debug_line    0x00000811       0x53 .\ARM_GCC_493\Debug\cymetadata.o
 .debug_line    0x00000864      0x29c .\ARM_GCC_493\Debug\Lab2_Thermristor.a(cyfitter_cfg.o)
 .debug_line    0x00000b00       0x68 .\ARM_GCC_493\Debug\Lab2_Thermristor.a(CyBootAsmGnu.o)
 .debug_line    0x00000b68      0x709 .\ARM_GCC_493\Debug\Lab2_Thermristor.a(CyLib.o)
 .debug_line    0x00001271      0x344 .\ARM_GCC_493\Debug\Lab2_Thermristor.a(cyPm.o)
 .debug_line    0x000015b5       0x8c .\ARM_GCC_493\Debug\Lab2_Thermristor.a(Thermistor.o)
 .debug_line    0x00001641      0x1eb .\ARM_GCC_493\Debug\Lab2_Thermristor.a(LCD.o)
 .debug_line    0x0000182c       0xaf .\ARM_GCC_493\Debug\Lab2_Thermristor.a(Opamp.o)
 .debug_line    0x000018db       0xf0 .\ARM_GCC_493\Debug\Lab2_Thermristor.a(VDAC8.o)
 .debug_line    0x000019cb       0xc9 .\ARM_GCC_493\Debug\Lab2_Thermristor.a(AMux.o)
 .debug_line    0x00001a94      0x355 .\ARM_GCC_493\Debug\Lab2_Thermristor.a(ADC.o)
 .debug_line    0x00001de9       0x8e .\ARM_GCC_493\Debug\Lab2_Thermristor.a(ADC_INT.o)
 .debug_line    0x00001e77      0x1e3 .\ARM_GCC_493\Debug\Lab2_Thermristor.a(ADC_theACLK.o)
 .debug_line    0x0000205a      0x1c2 .\ARM_GCC_493\Debug\Lab2_Thermristor.a(ADC_Ext_CP_Clk.o)
 .debug_line    0x0000221c      0x199 .\ARM_GCC_493\Debug\Lab2_Thermristor.a(CyFlash.o)
 .debug_line    0x000023b5      0x1ae .\ARM_GCC_493\Debug\Lab2_Thermristor.a(CySpc.o)

.debug_frame    0x00000000     0x2c18
 *(.debug_frame)
 .debug_frame   0x00000000       0x38 .\ARM_GCC_493\Debug\main.o
 .debug_frame   0x00000038       0x38 .\ARM_GCC_493\Debug\measurement.o
 .debug_frame   0x00000070       0x60 .\ARM_GCC_493\Debug\removeOffsetNoise.o
 .debug_frame   0x000000d0       0x88 .\ARM_GCC_493\Debug\median5.o
 .debug_frame   0x00000158       0xac .\ARM_GCC_493\Debug\Cm3Start.o
 .debug_frame   0x00000204      0x200 .\ARM_GCC_493\Debug\Lab2_Thermristor.a(cyfitter_cfg.o)
 .debug_frame   0x00000404      0x9a8 .\ARM_GCC_493\Debug\Lab2_Thermristor.a(CyLib.o)
 .debug_frame   0x00000dac      0x218 .\ARM_GCC_493\Debug\Lab2_Thermristor.a(cyPm.o)
 .debug_frame   0x00000fc4       0x64 .\ARM_GCC_493\Debug\Lab2_Thermristor.a(Thermistor.o)
 .debug_frame   0x00001028      0x238 .\ARM_GCC_493\Debug\Lab2_Thermristor.a(LCD.o)
 .debug_frame   0x00001260       0xb8 .\ARM_GCC_493\Debug\Lab2_Thermristor.a(Opamp.o)
 .debug_frame   0x00001318      0x130 .\ARM_GCC_493\Debug\Lab2_Thermristor.a(VDAC8.o)
 .debug_frame   0x00001448       0xd8 .\ARM_GCC_493\Debug\Lab2_Thermristor.a(AMux.o)
 .debug_frame   0x00001520      0x40c .\ARM_GCC_493\Debug\Lab2_Thermristor.a(ADC.o)
 .debug_frame   0x0000192c       0xa0 .\ARM_GCC_493\Debug\Lab2_Thermristor.a(ADC_INT.o)
 .debug_frame   0x000019cc      0x200 .\ARM_GCC_493\Debug\Lab2_Thermristor.a(ADC_theACLK.o)
 .debug_frame   0x00001bcc      0x1b4 .\ARM_GCC_493\Debug\Lab2_Thermristor.a(ADC_Ext_CP_Clk.o)
 .debug_frame   0x00001d80      0x1d0 .\ARM_GCC_493\Debug\Lab2_Thermristor.a(CyFlash.o)
 .debug_frame   0x00001f50      0x1a8 .\ARM_GCC_493\Debug\Lab2_Thermristor.a(CySpc.o)
 .debug_frame   0x000020f8       0x40 d:/program files (x86)/cypress/psoc creator/3.3/psoc creator/import/gnu/arm/4.9.3/bin/../lib/gcc/arm-none-eabi/4.9.3/../../../../arm-none-eabi/lib/armv7-m\libm.a(lib_a-w_log.o)
 .debug_frame   0x00002138       0x44 d:/program files (x86)/cypress/psoc creator/3.3/psoc creator/import/gnu/arm/4.9.3/bin/../lib/gcc/arm-none-eabi/4.9.3/../../../../arm-none-eabi/lib/armv7-m\libm.a(lib_a-w_pow.o)
 .debug_frame   0x0000217c       0x54 d:/program files (x86)/cypress/psoc creator/3.3/psoc creator/import/gnu/arm/4.9.3/bin/../lib/gcc/arm-none-eabi/4.9.3/../../../../arm-none-eabi/lib/armv7-m\libm.a(lib_a-e_log.o)
 .debug_frame   0x000021d0       0x64 d:/program files (x86)/cypress/psoc creator/3.3/psoc creator/import/gnu/arm/4.9.3/bin/../lib/gcc/arm-none-eabi/4.9.3/../../../../arm-none-eabi/lib/armv7-m\libm.a(lib_a-e_pow.o)
 .debug_frame   0x00002234       0x30 d:/program files (x86)/cypress/psoc creator/3.3/psoc creator/import/gnu/arm/4.9.3/bin/../lib/gcc/arm-none-eabi/4.9.3/../../../../arm-none-eabi/lib/armv7-m\libm.a(lib_a-e_sqrt.o)
 .debug_frame   0x00002264       0x20 d:/program files (x86)/cypress/psoc creator/3.3/psoc creator/import/gnu/arm/4.9.3/bin/../lib/gcc/arm-none-eabi/4.9.3/../../../../arm-none-eabi/lib/armv7-m\libm.a(lib_a-s_fabs.o)
 .debug_frame   0x00002284       0x20 d:/program files (x86)/cypress/psoc creator/3.3/psoc creator/import/gnu/arm/4.9.3/bin/../lib/gcc/arm-none-eabi/4.9.3/../../../../arm-none-eabi/lib/armv7-m\libm.a(lib_a-s_finite.o)
 .debug_frame   0x000022a4       0x34 d:/program files (x86)/cypress/psoc creator/3.3/psoc creator/import/gnu/arm/4.9.3/bin/../lib/gcc/arm-none-eabi/4.9.3/../../../../arm-none-eabi/lib/armv7-m\libm.a(lib_a-s_fpclassify.o)
 .debug_frame   0x000022d8       0x20 d:/program files (x86)/cypress/psoc creator/3.3/psoc creator/import/gnu/arm/4.9.3/bin/../lib/gcc/arm-none-eabi/4.9.3/../../../../arm-none-eabi/lib/armv7-m\libm.a(lib_a-s_matherr.o)
 .debug_frame   0x000022f8       0x20 d:/program files (x86)/cypress/psoc creator/3.3/psoc creator/import/gnu/arm/4.9.3/bin/../lib/gcc/arm-none-eabi/4.9.3/../../../../arm-none-eabi/lib/armv7-m\libm.a(lib_a-s_nan.o)
 .debug_frame   0x00002318       0x3c d:/program files (x86)/cypress/psoc creator/3.3/psoc creator/import/gnu/arm/4.9.3/bin/../lib/gcc/arm-none-eabi/4.9.3/../../../../arm-none-eabi/lib/armv7-m\libm.a(lib_a-s_rint.o)
 .debug_frame   0x00002354       0x30 d:/program files (x86)/cypress/psoc creator/3.3/psoc creator/import/gnu/arm/4.9.3/bin/../lib/gcc/arm-none-eabi/4.9.3/../../../../arm-none-eabi/lib/armv7-m\libm.a(lib_a-s_scalbn.o)
 .debug_frame   0x00002384       0x20 d:/program files (x86)/cypress/psoc creator/3.3/psoc creator/import/gnu/arm/4.9.3/bin/../lib/gcc/arm-none-eabi/4.9.3/../../../../arm-none-eabi/lib/armv7-m\libm.a(lib_a-s_copysign.o)
 .debug_frame   0x000023a4       0x20 d:/program files (x86)/cypress/psoc creator/3.3/psoc creator/import/gnu/arm/4.9.3/bin/../lib/gcc/arm-none-eabi/4.9.3/../../../../arm-none-eabi/lib/armv7-m\libg_nano.a(lib_a-errno.o)
 .debug_frame   0x000023c4       0x28 d:/program files (x86)/cypress/psoc creator/3.3/psoc creator/import/gnu/arm/4.9.3/bin/../lib/gcc/arm-none-eabi/4.9.3/../../../../arm-none-eabi/lib/armv7-m\libg_nano.a(lib_a-exit.o)
 .debug_frame   0x000023ec       0x2c d:/program files (x86)/cypress/psoc creator/3.3/psoc creator/import/gnu/arm/4.9.3/bin/../lib/gcc/arm-none-eabi/4.9.3/../../../../arm-none-eabi/lib/armv7-m\libg_nano.a(lib_a-init.o)
 .debug_frame   0x00002418       0x28 d:/program files (x86)/cypress/psoc creator/3.3/psoc creator/import/gnu/arm/4.9.3/bin/../lib/gcc/arm-none-eabi/4.9.3/../../../../arm-none-eabi/lib/armv7-m\libg_nano.a(lib_a-memcpy.o)
 .debug_frame   0x00002440       0x20 d:/program files (x86)/cypress/psoc creator/3.3/psoc creator/import/gnu/arm/4.9.3/bin/../lib/gcc/arm-none-eabi/4.9.3/../../../../arm-none-eabi/lib/armv7-m\libg_nano.a(lib_a-memset.o)
 .debug_frame   0x00002460       0x8c d:/program files (x86)/cypress/psoc creator/3.3/psoc creator/import/gnu/arm/4.9.3/bin/../lib/gcc/arm-none-eabi/4.9.3/../../../../arm-none-eabi/lib/armv7-m\libg_nano.a(lib_a-nano-vfprintf_float.o)
 .debug_frame   0x000024ec       0x58 d:/program files (x86)/cypress/psoc creator/3.3/psoc creator/import/gnu/arm/4.9.3/bin/../lib/gcc/arm-none-eabi/4.9.3/../../../../arm-none-eabi/lib/armv7-m\libg_nano.a(lib_a-nano-vfprintf_i.o)
 .debug_frame   0x00002544       0x7c d:/program files (x86)/cypress/psoc creator/3.3/psoc creator/import/gnu/arm/4.9.3/bin/../lib/gcc/arm-none-eabi/4.9.3/../../../../arm-none-eabi/lib/armv7-m\libg_nano.a(lib_a-qsort.o)
 .debug_frame   0x000025c0       0x70 d:/program files (x86)/cypress/psoc creator/3.3/psoc creator/import/gnu/arm/4.9.3/bin/../lib/gcc/arm-none-eabi/4.9.3/../../../../arm-none-eabi/lib/armv7-m\libg_nano.a(lib_a-sprintf.o)
 .debug_frame   0x00002630       0x20 d:/program files (x86)/cypress/psoc creator/3.3/psoc creator/import/gnu/arm/4.9.3/bin/../lib/gcc/arm-none-eabi/4.9.3/../../../../arm-none-eabi/lib/armv7-m\libg_nano.a(lib_a-strlen.o)
 .debug_frame   0x00002650       0x6c d:/program files (x86)/cypress/psoc creator/3.3/psoc creator/import/gnu/arm/4.9.3/bin/../lib/gcc/arm-none-eabi/4.9.3/../../../../arm-none-eabi/lib/armv7-m\libg_nano.a(lib_a-dtoa.o)
 .debug_frame   0x000026bc       0x98 d:/program files (x86)/cypress/psoc creator/3.3/psoc creator/import/gnu/arm/4.9.3/bin/../lib/gcc/arm-none-eabi/4.9.3/../../../../arm-none-eabi/lib/armv7-m\libg_nano.a(lib_a-locale.o)
 .debug_frame   0x00002754       0x30 d:/program files (x86)/cypress/psoc creator/3.3/psoc creator/import/gnu/arm/4.9.3/bin/../lib/gcc/arm-none-eabi/4.9.3/../../../../arm-none-eabi/lib/armv7-m\libg_nano.a(lib_a-malloc.o)
 .debug_frame   0x00002784       0x28 d:/program files (x86)/cypress/psoc creator/3.3/psoc creator/import/gnu/arm/4.9.3/bin/../lib/gcc/arm-none-eabi/4.9.3/../../../../arm-none-eabi/lib/armv7-m\libg_nano.a(lib_a-memchr.o)
 .debug_frame   0x000027ac      0x230 d:/program files (x86)/cypress/psoc creator/3.3/psoc creator/import/gnu/arm/4.9.3/bin/../lib/gcc/arm-none-eabi/4.9.3/../../../../arm-none-eabi/lib/armv7-m\libg_nano.a(lib_a-mprec.o)
 .debug_frame   0x000029dc       0x2c d:/program files (x86)/cypress/psoc creator/3.3/psoc creator/import/gnu/arm/4.9.3/bin/../lib/gcc/arm-none-eabi/4.9.3/../../../../arm-none-eabi/lib/armv7-m\libg_nano.a(lib_a-nano-callocr.o)
 .debug_frame   0x00002a08       0x2c d:/program files (x86)/cypress/psoc creator/3.3/psoc creator/import/gnu/arm/4.9.3/bin/../lib/gcc/arm-none-eabi/4.9.3/../../../../arm-none-eabi/lib/armv7-m\libg_nano.a(lib_a-nano-freer.o)
 .debug_frame   0x00002a34       0x2c d:/program files (x86)/cypress/psoc creator/3.3/psoc creator/import/gnu/arm/4.9.3/bin/../lib/gcc/arm-none-eabi/4.9.3/../../../../arm-none-eabi/lib/armv7-m\libg_nano.a(lib_a-nano-mallocr.o)
 .debug_frame   0x00002a60       0x8c d:/program files (x86)/cypress/psoc creator/3.3/psoc creator/import/gnu/arm/4.9.3/bin/../lib/gcc/arm-none-eabi/4.9.3/../../../../arm-none-eabi/lib/armv7-m\libg_nano.a(lib_a-nano-svfprintf.o)
 .debug_frame   0x00002aec       0x2c d:/program files (x86)/cypress/psoc creator/3.3/psoc creator/import/gnu/arm/4.9.3/bin/../lib/gcc/arm-none-eabi/4.9.3/../../../../arm-none-eabi/lib/armv7-m\libg_nano.a(lib_a-sbrkr.o)
 .debug_frame   0x00002b18       0x28 d:/program files (x86)/cypress/psoc creator/3.3/psoc creator/import/gnu/arm/4.9.3/bin/../lib/gcc/arm-none-eabi/4.9.3/../../../../arm-none-eabi/lib/armv7-m\libg_nano.a(lib_a-memmove.o)
 .debug_frame   0x00002b40       0x3c d:/program files (x86)/cypress/psoc creator/3.3/psoc creator/import/gnu/arm/4.9.3/bin/../lib/gcc/arm-none-eabi/4.9.3/../../../../arm-none-eabi/lib/armv7-m\libg_nano.a(lib_a-nano-reallocr.o)
 .debug_frame   0x00002b7c       0x5c d:/program files (x86)/cypress/psoc creator/3.3/psoc creator/import/gnu/arm/4.9.3/bin/../lib/gcc/arm-none-eabi/4.9.3/../../../../arm-none-eabi/lib/armv7-m\libg_nano.a(lib_a-reent.o)
 .debug_frame   0x00002bd8       0x20 d:/program files (x86)/cypress/psoc creator/3.3/psoc creator/import/gnu/arm/4.9.3/bin/../lib/gcc/arm-none-eabi/4.9.3/../../../../arm-none-eabi/lib/armv7-m\libg_nano.a(lib_a-nano-msizer.o)
 .debug_frame   0x00002bf8       0x20 d:/program files (x86)/cypress/psoc creator/3.3/psoc creator/import/gnu/arm/4.9.3/bin/../lib/gcc/arm-none-eabi/4.9.3/../../../../arm-none-eabi/lib/armv7-m\libnosys.a(sbrk.o)

.debug_str      0x00000000     0x1da0
 *(.debug_str)
 .debug_str     0x00000000      0x1eb .\ARM_GCC_493\Debug\main.o
                                0x239 (size before relaxing)
 .debug_str     0x000001eb       0x3d .\ARM_GCC_493\Debug\measurement.o
                                0x1f3 (size before relaxing)
 .debug_str     0x00000228       0x5c .\ARM_GCC_493\Debug\removeOffsetNoise.o
                                0x219 (size before relaxing)
 .debug_str     0x00000284       0x52 .\ARM_GCC_493\Debug\median5.o
                                0x202 (size before relaxing)
 .debug_str     0x000002d6      0x10d .\ARM_GCC_493\Debug\Cm3Start.o
                                0x2b8 (size before relaxing)
 .debug_str     0x000003e3       0x77 .\ARM_GCC_493\Debug\cymetadata.o
                                0x1fc (size before relaxing)
 .debug_str     0x0000045a      0x373 .\ARM_GCC_493\Debug\Lab2_Thermristor.a(cyfitter_cfg.o)
                                0x518 (size before relaxing)
 .debug_str     0x000007cd      0x642 .\ARM_GCC_493\Debug\Lab2_Thermristor.a(CyLib.o)
                                0x81e (size before relaxing)
 .debug_str     0x00000e0f      0x371 .\ARM_GCC_493\Debug\Lab2_Thermristor.a(cyPm.o)
                                0x52d (size before relaxing)
 .debug_str     0x00001180       0x9d .\ARM_GCC_493\Debug\Lab2_Thermristor.a(Thermistor.o)
                                0x242 (size before relaxing)
 .debug_str     0x0000121d      0x153 .\ARM_GCC_493\Debug\Lab2_Thermristor.a(LCD.o)
                                0x2fe (size before relaxing)
 .debug_str     0x00001370       0x73 .\ARM_GCC_493\Debug\Lab2_Thermristor.a(Opamp.o)
                                0x1fd (size before relaxing)
 .debug_str     0x000013e3       0xa5 .\ARM_GCC_493\Debug\Lab2_Thermristor.a(VDAC8.o)
                                0x231 (size before relaxing)
 .debug_str     0x00001488       0x7a .\ARM_GCC_493\Debug\Lab2_Thermristor.a(AMux.o)
                                0x1fe (size before relaxing)
 .debug_str     0x00001502      0x2ed .\ARM_GCC_493\Debug\Lab2_Thermristor.a(ADC.o)
                                0x4e5 (size before relaxing)
 .debug_str     0x000017ef       0x47 .\ARM_GCC_493\Debug\Lab2_Thermristor.a(ADC_INT.o)
                                0x1c6 (size before relaxing)
 .debug_str     0x00001836      0x1cf .\ARM_GCC_493\Debug\Lab2_Thermristor.a(ADC_theACLK.o)
                                0x373 (size before relaxing)
 .debug_str     0x00001a05      0x16d .\ARM_GCC_493\Debug\Lab2_Thermristor.a(ADC_Ext_CP_Clk.o)
                                0x354 (size before relaxing)
 .debug_str     0x00001b72      0x130 .\ARM_GCC_493\Debug\Lab2_Thermristor.a(CyFlash.o)
                                0x2f3 (size before relaxing)
 .debug_str     0x00001ca2       0xfe .\ARM_GCC_493\Debug\Lab2_Thermristor.a(CySpc.o)
                                0x2cf (size before relaxing)

.debug_loc
 *(.debug_loc)

.debug_macinfo
 *(.debug_macinfo)

.debug_ranges   0x00000000      0x750
 *(.debug_ranges)
 .debug_ranges  0x00000000       0x10 .\ARM_GCC_493\Debug\main.o
 .debug_ranges  0x00000010       0x10 .\ARM_GCC_493\Debug\measurement.o
 .debug_ranges  0x00000020       0x18 .\ARM_GCC_493\Debug\removeOffsetNoise.o
 .debug_ranges  0x00000038       0x20 .\ARM_GCC_493\Debug\median5.o
 .debug_ranges  0x00000058       0x30 .\ARM_GCC_493\Debug\Cm3Start.o
 .debug_ranges  0x00000088       0x70 .\ARM_GCC_493\Debug\Lab2_Thermristor.a(cyfitter_cfg.o)
 .debug_ranges  0x000000f8      0x208 .\ARM_GCC_493\Debug\Lab2_Thermristor.a(CyLib.o)
 .debug_ranges  0x00000300       0x80 .\ARM_GCC_493\Debug\Lab2_Thermristor.a(cyPm.o)
 .debug_ranges  0x00000380       0x18 .\ARM_GCC_493\Debug\Lab2_Thermristor.a(Thermistor.o)
 .debug_ranges  0x00000398       0x80 .\ARM_GCC_493\Debug\Lab2_Thermristor.a(LCD.o)
 .debug_ranges  0x00000418       0x30 .\ARM_GCC_493\Debug\Lab2_Thermristor.a(Opamp.o)
 .debug_ranges  0x00000448       0x48 .\ARM_GCC_493\Debug\Lab2_Thermristor.a(VDAC8.o)
 .debug_ranges  0x00000490       0x30 .\ARM_GCC_493\Debug\Lab2_Thermristor.a(AMux.o)
 .debug_ranges  0x000004c0       0xd8 .\ARM_GCC_493\Debug\Lab2_Thermristor.a(ADC.o)
 .debug_ranges  0x00000598       0x28 .\ARM_GCC_493\Debug\Lab2_Thermristor.a(ADC_INT.o)
 .debug_ranges  0x000005c0       0x70 .\ARM_GCC_493\Debug\Lab2_Thermristor.a(ADC_theACLK.o)
 .debug_ranges  0x00000630       0x60 .\ARM_GCC_493\Debug\Lab2_Thermristor.a(ADC_Ext_CP_Clk.o)
 .debug_ranges  0x00000690       0x68 .\ARM_GCC_493\Debug\Lab2_Thermristor.a(CyFlash.o)
 .debug_ranges  0x000006f8       0x58 .\ARM_GCC_493\Debug\Lab2_Thermristor.a(CySpc.o)

.comment        0x00000000       0x70
 .comment       0x00000000       0x70 .\ARM_GCC_493\Debug\main.o
                                 0x71 (size before relaxing)
 .comment       0x00000000       0x71 .\ARM_GCC_493\Debug\measurement.o
 .comment       0x00000000       0x71 .\ARM_GCC_493\Debug\removeOffsetNoise.o
 .comment       0x00000000       0x71 .\ARM_GCC_493\Debug\median5.o
 .comment       0x00000000       0x71 .\ARM_GCC_493\Debug\Cm3Start.o
 .comment       0x00000000       0x71 .\ARM_GCC_493\Debug\cymetadata.o
 .comment       0x00000000       0x71 .\ARM_GCC_493\Debug\Lab2_Thermristor.a(cyfitter_cfg.o)
 .comment       0x00000000       0x71 .\ARM_GCC_493\Debug\Lab2_Thermristor.a(CyLib.o)
 .comment       0x00000000       0x71 .\ARM_GCC_493\Debug\Lab2_Thermristor.a(cyPm.o)
 .comment       0x00000000       0x71 .\ARM_GCC_493\Debug\Lab2_Thermristor.a(Thermistor.o)
 .comment       0x00000000       0x71 .\ARM_GCC_493\Debug\Lab2_Thermristor.a(LCD.o)
 .comment       0x00000000       0x71 .\ARM_GCC_493\Debug\Lab2_Thermristor.a(Opamp.o)
 .comment       0x00000000       0x71 .\ARM_GCC_493\Debug\Lab2_Thermristor.a(VDAC8.o)
 .comment       0x00000000       0x71 .\ARM_GCC_493\Debug\Lab2_Thermristor.a(AMux.o)
 .comment       0x00000000       0x71 .\ARM_GCC_493\Debug\Lab2_Thermristor.a(ADC.o)
 .comment       0x00000000       0x71 .\ARM_GCC_493\Debug\Lab2_Thermristor.a(ADC_INT.o)
 .comment       0x00000000       0x71 .\ARM_GCC_493\Debug\Lab2_Thermristor.a(ADC_theACLK.o)
 .comment       0x00000000       0x71 .\ARM_GCC_493\Debug\Lab2_Thermristor.a(ADC_Ext_CP_Clk.o)
 .comment       0x00000000       0x71 .\ARM_GCC_493\Debug\Lab2_Thermristor.a(CyFlash.o)
 .comment       0x00000000       0x71 .\ARM_GCC_493\Debug\Lab2_Thermristor.a(CySpc.o)

.debug_weaknames
 *(.debug_weaknames)

.debug_funcnames
 *(.debug_funcnames)

.debug_typenames
 *(.debug_typenames)

.debug_varnames
 *(.debug_varnames)

.note.gnu.arm.ident
 *(.note.gnu.arm.ident)

.ARM.attributes
                0x00000000       0x29
 *(.ARM.attributes)
 .ARM.attributes
                0x00000000       0x1d d:/program files (x86)/cypress/psoc creator/3.3/psoc creator/import/gnu/arm/4.9.3/bin/../lib/gcc/arm-none-eabi/4.9.3/armv7-m/crti.o
 .ARM.attributes
                0x0000001d       0x2d d:/program files (x86)/cypress/psoc creator/3.3/psoc creator/import/gnu/arm/4.9.3/bin/../lib/gcc/arm-none-eabi/4.9.3/armv7-m/crtbegin.o
 .ARM.attributes
                0x0000004a       0x1b d:/program files (x86)/cypress/psoc creator/3.3/psoc creator/import/gnu/arm/4.9.3/bin/../lib/gcc/arm-none-eabi/4.9.3/../../../../arm-none-eabi/lib/armv7-m/crt0.o
 .ARM.attributes
                0x00000065       0x33 .\ARM_GCC_493\Debug\main.o
 .ARM.attributes
                0x00000098       0x33 .\ARM_GCC_493\Debug\measurement.o
 .ARM.attributes
                0x000000cb       0x33 .\ARM_GCC_493\Debug\removeOffsetNoise.o
 .ARM.attributes
                0x000000fe       0x33 .\ARM_GCC_493\Debug\median5.o
 .ARM.attributes
                0x00000131       0x33 .\ARM_GCC_493\Debug\Cm3Start.o
 .ARM.attributes
                0x00000164       0x33 .\ARM_GCC_493\Debug\cymetadata.o
 .ARM.attributes
                0x00000197       0x33 .\ARM_GCC_493\Debug\Lab2_Thermristor.a(cyfitter_cfg.o)
 .ARM.attributes
                0x000001ca       0x21 .\ARM_GCC_493\Debug\Lab2_Thermristor.a(CyBootAsmGnu.o)
 .ARM.attributes
                0x000001eb       0x33 .\ARM_GCC_493\Debug\Lab2_Thermristor.a(CyLib.o)
 .ARM.attributes
                0x0000021e       0x33 .\ARM_GCC_493\Debug\Lab2_Thermristor.a(cyPm.o)
 .ARM.attributes
                0x00000251       0x33 .\ARM_GCC_493\Debug\Lab2_Thermristor.a(Thermistor.o)
 .ARM.attributes
                0x00000284       0x33 .\ARM_GCC_493\Debug\Lab2_Thermristor.a(LCD.o)
 .ARM.attributes
                0x000002b7       0x33 .\ARM_GCC_493\Debug\Lab2_Thermristor.a(Opamp.o)
 .ARM.attributes
                0x000002ea       0x33 .\ARM_GCC_493\Debug\Lab2_Thermristor.a(VDAC8.o)
 .ARM.attributes
                0x0000031d       0x33 .\ARM_GCC_493\Debug\Lab2_Thermristor.a(AMux.o)
 .ARM.attributes
                0x00000350       0x33 .\ARM_GCC_493\Debug\Lab2_Thermristor.a(ADC.o)
 .ARM.attributes
                0x00000383       0x33 .\ARM_GCC_493\Debug\Lab2_Thermristor.a(ADC_INT.o)
 .ARM.attributes
                0x000003b6       0x33 .\ARM_GCC_493\Debug\Lab2_Thermristor.a(ADC_theACLK.o)
 .ARM.attributes
                0x000003e9       0x33 .\ARM_GCC_493\Debug\Lab2_Thermristor.a(ADC_Ext_CP_Clk.o)
 .ARM.attributes
                0x0000041c       0x33 .\ARM_GCC_493\Debug\Lab2_Thermristor.a(CyFlash.o)
 .ARM.attributes
                0x0000044f       0x33 .\ARM_GCC_493\Debug\Lab2_Thermristor.a(CySpc.o)
 .ARM.attributes
                0x00000482       0x2d d:/program files (x86)/cypress/psoc creator/3.3/psoc creator/import/gnu/arm/4.9.3/bin/../lib/gcc/arm-none-eabi/4.9.3/../../../../arm-none-eabi/lib/armv7-m\libm.a(lib_a-w_log.o)
 .ARM.attributes
                0x000004af       0x2d d:/program files (x86)/cypress/psoc creator/3.3/psoc creator/import/gnu/arm/4.9.3/bin/../lib/gcc/arm-none-eabi/4.9.3/../../../../arm-none-eabi/lib/armv7-m\libm.a(lib_a-w_pow.o)
 .ARM.attributes
                0x000004dc       0x2d d:/program files (x86)/cypress/psoc creator/3.3/psoc creator/import/gnu/arm/4.9.3/bin/../lib/gcc/arm-none-eabi/4.9.3/../../../../arm-none-eabi/lib/armv7-m\libm.a(lib_a-e_log.o)
 .ARM.attributes
                0x00000509       0x2d d:/program files (x86)/cypress/psoc creator/3.3/psoc creator/import/gnu/arm/4.9.3/bin/../lib/gcc/arm-none-eabi/4.9.3/../../../../arm-none-eabi/lib/armv7-m\libm.a(lib_a-e_pow.o)
 .ARM.attributes
                0x00000536       0x2d d:/program files (x86)/cypress/psoc creator/3.3/psoc creator/import/gnu/arm/4.9.3/bin/../lib/gcc/arm-none-eabi/4.9.3/../../../../arm-none-eabi/lib/armv7-m\libm.a(lib_a-e_sqrt.o)
 .ARM.attributes
                0x00000563       0x2d d:/program files (x86)/cypress/psoc creator/3.3/psoc creator/import/gnu/arm/4.9.3/bin/../lib/gcc/arm-none-eabi/4.9.3/../../../../arm-none-eabi/lib/armv7-m\libm.a(lib_a-s_fabs.o)
 .ARM.attributes
                0x00000590       0x2d d:/program files (x86)/cypress/psoc creator/3.3/psoc creator/import/gnu/arm/4.9.3/bin/../lib/gcc/arm-none-eabi/4.9.3/../../../../arm-none-eabi/lib/armv7-m\libm.a(lib_a-s_finite.o)
 .ARM.attributes
                0x000005bd       0x2d d:/program files (x86)/cypress/psoc creator/3.3/psoc creator/import/gnu/arm/4.9.3/bin/../lib/gcc/arm-none-eabi/4.9.3/../../../../arm-none-eabi/lib/armv7-m\libm.a(lib_a-s_fpclassify.o)
 .ARM.attributes
                0x000005ea       0x2d d:/program files (x86)/cypress/psoc creator/3.3/psoc creator/import/gnu/arm/4.9.3/bin/../lib/gcc/arm-none-eabi/4.9.3/../../../../arm-none-eabi/lib/armv7-m\libm.a(lib_a-s_lib_ver.o)
 .ARM.attributes
                0x00000617       0x2d d:/program files (x86)/cypress/psoc creator/3.3/psoc creator/import/gnu/arm/4.9.3/bin/../lib/gcc/arm-none-eabi/4.9.3/../../../../arm-none-eabi/lib/armv7-m\libm.a(lib_a-s_matherr.o)
 .ARM.attributes
                0x00000644       0x2d d:/program files (x86)/cypress/psoc creator/3.3/psoc creator/import/gnu/arm/4.9.3/bin/../lib/gcc/arm-none-eabi/4.9.3/../../../../arm-none-eabi/lib/armv7-m\libm.a(lib_a-s_nan.o)
 .ARM.attributes
                0x00000671       0x2d d:/program files (x86)/cypress/psoc creator/3.3/psoc creator/import/gnu/arm/4.9.3/bin/../lib/gcc/arm-none-eabi/4.9.3/../../../../arm-none-eabi/lib/armv7-m\libm.a(lib_a-s_rint.o)
 .ARM.attributes
                0x0000069e       0x2d d:/program files (x86)/cypress/psoc creator/3.3/psoc creator/import/gnu/arm/4.9.3/bin/../lib/gcc/arm-none-eabi/4.9.3/../../../../arm-none-eabi/lib/armv7-m\libm.a(lib_a-s_scalbn.o)
 .ARM.attributes
                0x000006cb       0x2d d:/program files (x86)/cypress/psoc creator/3.3/psoc creator/import/gnu/arm/4.9.3/bin/../lib/gcc/arm-none-eabi/4.9.3/../../../../arm-none-eabi/lib/armv7-m\libm.a(lib_a-s_copysign.o)
 .ARM.attributes
                0x000006f8       0x1d d:/program files (x86)/cypress/psoc creator/3.3/psoc creator/import/gnu/arm/4.9.3/bin/../lib/gcc/arm-none-eabi/4.9.3/armv7-m\libgcc.a(_arm_addsubdf3.o)
 .ARM.attributes
                0x00000715       0x1d d:/program files (x86)/cypress/psoc creator/3.3/psoc creator/import/gnu/arm/4.9.3/bin/../lib/gcc/arm-none-eabi/4.9.3/armv7-m\libgcc.a(_arm_muldivdf3.o)
 .ARM.attributes
                0x00000732       0x1d d:/program files (x86)/cypress/psoc creator/3.3/psoc creator/import/gnu/arm/4.9.3/bin/../lib/gcc/arm-none-eabi/4.9.3/armv7-m\libgcc.a(_arm_cmpdf2.o)
 .ARM.attributes
                0x0000074f       0x1d d:/program files (x86)/cypress/psoc creator/3.3/psoc creator/import/gnu/arm/4.9.3/bin/../lib/gcc/arm-none-eabi/4.9.3/armv7-m\libgcc.a(_arm_truncdfsf2.o)
 .ARM.attributes
                0x0000076c       0x1d d:/program files (x86)/cypress/psoc creator/3.3/psoc creator/import/gnu/arm/4.9.3/bin/../lib/gcc/arm-none-eabi/4.9.3/armv7-m\libgcc.a(_arm_addsubsf3.o)
 .ARM.attributes
                0x00000789       0x1d d:/program files (x86)/cypress/psoc creator/3.3/psoc creator/import/gnu/arm/4.9.3/bin/../lib/gcc/arm-none-eabi/4.9.3/armv7-m\libgcc.a(_arm_muldivsf3.o)
 .ARM.attributes
                0x000007a6       0x1d d:/program files (x86)/cypress/psoc creator/3.3/psoc creator/import/gnu/arm/4.9.3/bin/../lib/gcc/arm-none-eabi/4.9.3/armv7-m\libgcc.a(_arm_fixsfsi.o)
 .ARM.attributes
                0x000007c3       0x1d d:/program files (x86)/cypress/psoc creator/3.3/psoc creator/import/gnu/arm/4.9.3/bin/../lib/gcc/arm-none-eabi/4.9.3/armv7-m\libgcc.a(_arm_fixunssfsi.o)
 .ARM.attributes
                0x000007e0       0x2d d:/program files (x86)/cypress/psoc creator/3.3/psoc creator/import/gnu/arm/4.9.3/bin/../lib/gcc/arm-none-eabi/4.9.3/../../../../arm-none-eabi/lib/armv7-m\libg_nano.a(lib_a-errno.o)
 .ARM.attributes
                0x0000080d       0x2d d:/program files (x86)/cypress/psoc creator/3.3/psoc creator/import/gnu/arm/4.9.3/bin/../lib/gcc/arm-none-eabi/4.9.3/../../../../arm-none-eabi/lib/armv7-m\libg_nano.a(lib_a-exit.o)
 .ARM.attributes
                0x0000083a       0x2d d:/program files (x86)/cypress/psoc creator/3.3/psoc creator/import/gnu/arm/4.9.3/bin/../lib/gcc/arm-none-eabi/4.9.3/../../../../arm-none-eabi/lib/armv7-m\libg_nano.a(lib_a-impure.o)
 .ARM.attributes
                0x00000867       0x2d d:/program files (x86)/cypress/psoc creator/3.3/psoc creator/import/gnu/arm/4.9.3/bin/../lib/gcc/arm-none-eabi/4.9.3/../../../../arm-none-eabi/lib/armv7-m\libg_nano.a(lib_a-init.o)
 .ARM.attributes
                0x00000894       0x2d d:/program files (x86)/cypress/psoc creator/3.3/psoc creator/import/gnu/arm/4.9.3/bin/../lib/gcc/arm-none-eabi/4.9.3/../../../../arm-none-eabi/lib/armv7-m\libg_nano.a(lib_a-memcpy.o)
 .ARM.attributes
                0x000008c1       0x2d d:/program files (x86)/cypress/psoc creator/3.3/psoc creator/import/gnu/arm/4.9.3/bin/../lib/gcc/arm-none-eabi/4.9.3/../../../../arm-none-eabi/lib/armv7-m\libg_nano.a(lib_a-memset.o)
 .ARM.attributes
                0x000008ee       0x2d d:/program files (x86)/cypress/psoc creator/3.3/psoc creator/import/gnu/arm/4.9.3/bin/../lib/gcc/arm-none-eabi/4.9.3/../../../../arm-none-eabi/lib/armv7-m\libg_nano.a(lib_a-nano-vfprintf_float.o)
 .ARM.attributes
                0x0000091b       0x2d d:/program files (x86)/cypress/psoc creator/3.3/psoc creator/import/gnu/arm/4.9.3/bin/../lib/gcc/arm-none-eabi/4.9.3/../../../../arm-none-eabi/lib/armv7-m\libg_nano.a(lib_a-nano-vfprintf_i.o)
 .ARM.attributes
                0x00000948       0x2d d:/program files (x86)/cypress/psoc creator/3.3/psoc creator/import/gnu/arm/4.9.3/bin/../lib/gcc/arm-none-eabi/4.9.3/../../../../arm-none-eabi/lib/armv7-m\libg_nano.a(lib_a-qsort.o)
 .ARM.attributes
                0x00000975       0x2d d:/program files (x86)/cypress/psoc creator/3.3/psoc creator/import/gnu/arm/4.9.3/bin/../lib/gcc/arm-none-eabi/4.9.3/../../../../arm-none-eabi/lib/armv7-m\libg_nano.a(lib_a-sprintf.o)
 .ARM.attributes
                0x000009a2       0x2d d:/program files (x86)/cypress/psoc creator/3.3/psoc creator/import/gnu/arm/4.9.3/bin/../lib/gcc/arm-none-eabi/4.9.3/../../../../arm-none-eabi/lib/armv7-m\libg_nano.a(lib_a-strlen.o)
 .ARM.attributes
                0x000009cf       0x2d d:/program files (x86)/cypress/psoc creator/3.3/psoc creator/import/gnu/arm/4.9.3/bin/../lib/gcc/arm-none-eabi/4.9.3/../../../../arm-none-eabi/lib/armv7-m\libg_nano.a(lib_a-dtoa.o)
 .ARM.attributes
                0x000009fc       0x2d d:/program files (x86)/cypress/psoc creator/3.3/psoc creator/import/gnu/arm/4.9.3/bin/../lib/gcc/arm-none-eabi/4.9.3/../../../../arm-none-eabi/lib/armv7-m\libg_nano.a(lib_a-locale.o)
 .ARM.attributes
                0x00000a29       0x2d d:/program files (x86)/cypress/psoc creator/3.3/psoc creator/import/gnu/arm/4.9.3/bin/../lib/gcc/arm-none-eabi/4.9.3/../../../../arm-none-eabi/lib/armv7-m\libg_nano.a(lib_a-malloc.o)
 .ARM.attributes
                0x00000a56       0x2d d:/program files (x86)/cypress/psoc creator/3.3/psoc creator/import/gnu/arm/4.9.3/bin/../lib/gcc/arm-none-eabi/4.9.3/../../../../arm-none-eabi/lib/armv7-m\libg_nano.a(lib_a-memchr.o)
 .ARM.attributes
                0x00000a83       0x2d d:/program files (x86)/cypress/psoc creator/3.3/psoc creator/import/gnu/arm/4.9.3/bin/../lib/gcc/arm-none-eabi/4.9.3/../../../../arm-none-eabi/lib/armv7-m\libg_nano.a(lib_a-mprec.o)
 .ARM.attributes
                0x00000ab0       0x2d d:/program files (x86)/cypress/psoc creator/3.3/psoc creator/import/gnu/arm/4.9.3/bin/../lib/gcc/arm-none-eabi/4.9.3/../../../../arm-none-eabi/lib/armv7-m\libg_nano.a(lib_a-nano-callocr.o)
 .ARM.attributes
                0x00000add       0x2d d:/program files (x86)/cypress/psoc creator/3.3/psoc creator/import/gnu/arm/4.9.3/bin/../lib/gcc/arm-none-eabi/4.9.3/../../../../arm-none-eabi/lib/armv7-m\libg_nano.a(lib_a-nano-freer.o)
 .ARM.attributes
                0x00000b0a       0x2d d:/program files (x86)/cypress/psoc creator/3.3/psoc creator/import/gnu/arm/4.9.3/bin/../lib/gcc/arm-none-eabi/4.9.3/../../../../arm-none-eabi/lib/armv7-m\libg_nano.a(lib_a-nano-mallocr.o)
 .ARM.attributes
                0x00000b37       0x2d d:/program files (x86)/cypress/psoc creator/3.3/psoc creator/import/gnu/arm/4.9.3/bin/../lib/gcc/arm-none-eabi/4.9.3/../../../../arm-none-eabi/lib/armv7-m\libg_nano.a(lib_a-nano-svfprintf.o)
 .ARM.attributes
                0x00000b64       0x2d d:/program files (x86)/cypress/psoc creator/3.3/psoc creator/import/gnu/arm/4.9.3/bin/../lib/gcc/arm-none-eabi/4.9.3/../../../../arm-none-eabi/lib/armv7-m\libg_nano.a(lib_a-sbrkr.o)
 .ARM.attributes
                0x00000b91       0x1b d:/program files (x86)/cypress/psoc creator/3.3/psoc creator/import/gnu/arm/4.9.3/bin/../lib/gcc/arm-none-eabi/4.9.3/../../../../arm-none-eabi/lib/armv7-m\libg_nano.a(lib_a-strcmp.o)
 .ARM.attributes
                0x00000bac       0x2d d:/program files (x86)/cypress/psoc creator/3.3/psoc creator/import/gnu/arm/4.9.3/bin/../lib/gcc/arm-none-eabi/4.9.3/../../../../arm-none-eabi/lib/armv7-m\libg_nano.a(lib_a-memmove.o)
 .ARM.attributes
                0x00000bd9       0x2d d:/program files (x86)/cypress/psoc creator/3.3/psoc creator/import/gnu/arm/4.9.3/bin/../lib/gcc/arm-none-eabi/4.9.3/../../../../arm-none-eabi/lib/armv7-m\libg_nano.a(lib_a-nano-reallocr.o)
 .ARM.attributes
                0x00000c06       0x2d d:/program files (x86)/cypress/psoc creator/3.3/psoc creator/import/gnu/arm/4.9.3/bin/../lib/gcc/arm-none-eabi/4.9.3/../../../../arm-none-eabi/lib/armv7-m\libg_nano.a(lib_a-reent.o)
 .ARM.attributes
                0x00000c33       0x2d d:/program files (x86)/cypress/psoc creator/3.3/psoc creator/import/gnu/arm/4.9.3/bin/../lib/gcc/arm-none-eabi/4.9.3/../../../../arm-none-eabi/lib/armv7-m\libg_nano.a(lib_a-nano-msizer.o)
 .ARM.attributes
                0x00000c60       0x1d d:/program files (x86)/cypress/psoc creator/3.3/psoc creator/import/gnu/arm/4.9.3/bin/../lib/gcc/arm-none-eabi/4.9.3/armv7-m\libgcc.a(_arm_fixdfsi.o)
 .ARM.attributes
                0x00000c7d       0x2d d:/program files (x86)/cypress/psoc creator/3.3/psoc creator/import/gnu/arm/4.9.3/bin/../lib/gcc/arm-none-eabi/4.9.3/armv7-m/crtend.o
 .ARM.attributes
                0x00000caa       0x1d d:/program files (x86)/cypress/psoc creator/3.3/psoc creator/import/gnu/arm/4.9.3/bin/../lib/gcc/arm-none-eabi/4.9.3/armv7-m/crtn.o
 .ARM.attributes
                0x00000cc7       0x2d d:/program files (x86)/cypress/psoc creator/3.3/psoc creator/import/gnu/arm/4.9.3/bin/../lib/gcc/arm-none-eabi/4.9.3/../../../../arm-none-eabi/lib/armv7-m\libnosys.a(sbrk.o)

/DISCARD/
 *(.note.GNU-stack)
OUTPUT(.\ARM_GCC_493\Debug\Lab2_Thermristor.elf elf32-littlearm)