Archive member included because of file (symbol)

c:/siliconlabs/simplicitystudio/v3/developer/toolchains/gnu_arm/4.8_2013q4/bin/../lib/gcc/arm-none-eabi/4.8.3/../../../../arm-none-eabi/lib/armv7-m\libstdc++_s.a(new_opv.o)
                              ./mbed/common/CallChain.o (operator new[](unsigned int))
c:/siliconlabs/simplicitystudio/v3/developer/toolchains/gnu_arm/4.8_2013q4/bin/../lib/gcc/arm-none-eabi/4.8.3/../../../../arm-none-eabi/lib/armv7-m\libstdc++_s.a(del_op.o)
                              ./mbed/common/BusIn.o (operator delete(void*))
c:/siliconlabs/simplicitystudio/v3/developer/toolchains/gnu_arm/4.8_2013q4/bin/../lib/gcc/arm-none-eabi/4.8.3/../../../../arm-none-eabi/lib/armv7-m\libstdc++_s.a(atexit_arm.o)
                              ./mbed/common/SPI.o (__aeabi_atexit)
c:/siliconlabs/simplicitystudio/v3/developer/toolchains/gnu_arm/4.8_2013q4/bin/../lib/gcc/arm-none-eabi/4.8.3/../../../../arm-none-eabi/lib/armv7-m\libstdc++_s.a(new_op.o)
                              ./mbed/common/BusIn.o (operator new(unsigned int))
c:/siliconlabs/simplicitystudio/v3/developer/toolchains/gnu_arm/4.8_2013q4/bin/../lib/gcc/arm-none-eabi/4.8.3/../../../../arm-none-eabi/lib/armv7-m\libstdc++_s.a(del_opv.o)
                              ./mbed/common/RawSerial.o (operator delete[](void*))
c:/siliconlabs/simplicitystudio/v3/developer/toolchains/gnu_arm/4.8_2013q4/bin/../lib/gcc/arm-none-eabi/4.8.3/../../../../arm-none-eabi/lib/armv7-m\libstdc++_s.a(new_handler.o)
                              c:/siliconlabs/simplicitystudio/v3/developer/toolchains/gnu_arm/4.8_2013q4/bin/../lib/gcc/arm-none-eabi/4.8.3/../../../../arm-none-eabi/lib/armv7-m\libstdc++_s.a(new_op.o) (__new_handler)
c:/siliconlabs/simplicitystudio/v3/developer/toolchains/gnu_arm/4.8_2013q4/bin/../lib/gcc/arm-none-eabi/4.8.3/../../../../arm-none-eabi/lib/armv7-m\libnosys.a(errno.o)
                              ./mbed/common/retarget.o (errno)
c:/siliconlabs/simplicitystudio/v3/developer/toolchains/gnu_arm/4.8_2013q4/bin/../lib/gcc/arm-none-eabi/4.8.3/armv7-m\libgcc.a(_arm_addsubsf3.o)
                              ./mbed/targets/hal/TARGET_Silicon_Labs/TARGET_EFM32/pwmout_api.o (__aeabi_ui2f)
c:/siliconlabs/simplicitystudio/v3/developer/toolchains/gnu_arm/4.8_2013q4/bin/../lib/gcc/arm-none-eabi/4.8.3/armv7-m\libgcc.a(_arm_muldivsf3.o)
                              ./mbed/targets/hal/TARGET_Silicon_Labs/TARGET_EFM32/analogout_api.o (__aeabi_fmul)
c:/siliconlabs/simplicitystudio/v3/developer/toolchains/gnu_arm/4.8_2013q4/bin/../lib/gcc/arm-none-eabi/4.8.3/armv7-m\libgcc.a(_arm_cmpsf2.o)
                              ./mbed/targets/hal/TARGET_Silicon_Labs/TARGET_EFM32/pwmout_api.o (__aeabi_fcmplt)
c:/siliconlabs/simplicitystudio/v3/developer/toolchains/gnu_arm/4.8_2013q4/bin/../lib/gcc/arm-none-eabi/4.8.3/armv7-m\libgcc.a(_arm_fixsfsi.o)
                              ./mbed/targets/hal/TARGET_Silicon_Labs/TARGET_EFM32/analogout_api.o (__aeabi_f2iz)
c:/siliconlabs/simplicitystudio/v3/developer/toolchains/gnu_arm/4.8_2013q4/bin/../lib/gcc/arm-none-eabi/4.8.3/armv7-m\libgcc.a(_arm_fixunssfsi.o)
                              ./mbed/targets/hal/TARGET_Silicon_Labs/TARGET_EFM32/pwmout_api.o (__aeabi_f2uiz)
c:/siliconlabs/simplicitystudio/v3/developer/toolchains/gnu_arm/4.8_2013q4/bin/../lib/gcc/arm-none-eabi/4.8.3/armv7-m\libgcc.a(_aeabi_uldivmod.o)
                              ./mbed/targets/hal/TARGET_Silicon_Labs/TARGET_EFM32/lp_ticker.o (__aeabi_uldivmod)
c:/siliconlabs/simplicitystudio/v3/developer/toolchains/gnu_arm/4.8_2013q4/bin/../lib/gcc/arm-none-eabi/4.8.3/armv7-m\libgcc.a(bpabi.o)
                              c:/siliconlabs/simplicitystudio/v3/developer/toolchains/gnu_arm/4.8_2013q4/bin/../lib/gcc/arm-none-eabi/4.8.3/armv7-m\libgcc.a(_aeabi_uldivmod.o) (__gnu_uldivmod_helper)
c:/siliconlabs/simplicitystudio/v3/developer/toolchains/gnu_arm/4.8_2013q4/bin/../lib/gcc/arm-none-eabi/4.8.3/armv7-m\libgcc.a(_dvmd_tls.o)
                              c:/siliconlabs/simplicitystudio/v3/developer/toolchains/gnu_arm/4.8_2013q4/bin/../lib/gcc/arm-none-eabi/4.8.3/armv7-m\libgcc.a(_aeabi_uldivmod.o) (__aeabi_ldiv0)
c:/siliconlabs/simplicitystudio/v3/developer/toolchains/gnu_arm/4.8_2013q4/bin/../lib/gcc/arm-none-eabi/4.8.3/armv7-m\libgcc.a(_divdi3.o)
                              c:/siliconlabs/simplicitystudio/v3/developer/toolchains/gnu_arm/4.8_2013q4/bin/../lib/gcc/arm-none-eabi/4.8.3/armv7-m\libgcc.a(bpabi.o) (__divdi3)
c:/siliconlabs/simplicitystudio/v3/developer/toolchains/gnu_arm/4.8_2013q4/bin/../lib/gcc/arm-none-eabi/4.8.3/armv7-m\libgcc.a(_udivdi3.o)
                              c:/siliconlabs/simplicitystudio/v3/developer/toolchains/gnu_arm/4.8_2013q4/bin/../lib/gcc/arm-none-eabi/4.8.3/armv7-m\libgcc.a(bpabi.o) (__udivdi3)
c:/siliconlabs/simplicitystudio/v3/developer/toolchains/gnu_arm/4.8_2013q4/bin/../lib/gcc/arm-none-eabi/4.8.3/../../../../arm-none-eabi/lib/armv7-m\libc_s.a(lib_a-abort.o)
[...]
Memory Configuration

Name             Origin             Length             Attributes
FLASH            0x00000000         0x00040000         xr
RAM              0x20000000         0x00008000         xrw
*default*        0x00000000         0xffffffff

Linker script and memory map

LOAD c:/siliconlabs/simplicitystudio/v3/developer/toolchains/gnu_arm/4.8_2013q4/bin/../lib/gcc/arm-none-eabi/4.8.3/armv7-m/crti.o
LOAD c:/siliconlabs/simplicitystudio/v3/developer/toolchains/gnu_arm/4.8_2013q4/bin/../lib/gcc/arm-none-eabi/4.8.3/armv7-m/crtbegin.o
LOAD c:/siliconlabs/simplicitystudio/v3/developer/toolchains/gnu_arm/4.8_2013q4/bin/../lib/gcc/arm-none-eabi/4.8.3/../../../../arm-none-eabi/lib/armv7-m/crt0.o
LOAD ./mbed/targets/hal/TARGET_Silicon_Labs/TARGET_EFM32/emlib/src/em_acmp.o
LOAD ./mbed/targets/hal/TARGET_Silicon_Labs/TARGET_EFM32/emlib/src/em_adc.o
LOAD ./mbed/targets/hal/TARGET_Silicon_Labs/TARGET_EFM32/emlib/src/em_aes.o
LOAD ./mbed/targets/hal/TARGET_Silicon_Labs/TARGET_EFM32/emlib/src/em_assert.o
LOAD ./mbed/targets/hal/TARGET_Silicon_Labs/TARGET_EFM32/emlib/src/em_burtc.o
LOAD ./mbed/targets/hal/TARGET_Silicon_Labs/TARGET_EFM32/emlib/src/em_cmu.o
LOAD ./mbed/targets/hal/TARGET_Silicon_Labs/TARGET_EFM32/emlib/src/em_dac.o
LOAD ./mbed/targets/hal/TARGET_Silicon_Labs/TARGET_EFM32/emlib/src/em_dbg.o
LOAD ./mbed/targets/hal/TARGET_Silicon_Labs/TARGET_EFM32/emlib/src/em_dma.o
LOAD ./mbed/targets/hal/TARGET_Silicon_Labs/TARGET_EFM32/emlib/src/em_ebi.o
LOAD ./mbed/targets/hal/TARGET_Silicon_Labs/TARGET_EFM32/emlib/src/em_emu.o
LOAD ./mbed/targets/hal/TARGET_Silicon_Labs/TARGET_EFM32/emlib/src/em_gpio.o
LOAD ./mbed/targets/hal/TARGET_Silicon_Labs/TARGET_EFM32/emlib/src/em_i2c.o
LOAD ./mbed/targets/hal/TARGET_Silicon_Labs/TARGET_EFM32/emlib/src/em_idac.o
LOAD ./mbed/targets/hal/TARGET_Silicon_Labs/TARGET_EFM32/emlib/src/em_int.o
LOAD ./mbed/targets/hal/TARGET_Silicon_Labs/TARGET_EFM32/emlib/src/em_lcd.o
LOAD ./mbed/targets/hal/TARGET_Silicon_Labs/TARGET_EFM32/emlib/src/em_lesense.o
LOAD ./mbed/targets/hal/TARGET_Silicon_Labs/TARGET_EFM32/emlib/src/em_letimer.o
LOAD ./mbed/targets/hal/TARGET_Silicon_Labs/TARGET_EFM32/emlib/src/em_leuart.o
LOAD ./mbed/targets/hal/TARGET_Silicon_Labs/TARGET_EFM32/emlib/src/em_mpu.o
LOAD ./mbed/targets/hal/TARGET_Silicon_Labs/TARGET_EFM32/emlib/src/em_msc.o
LOAD ./mbed/targets/hal/TARGET_Silicon_Labs/TARGET_EFM32/emlib/src/em_opamp.o
LOAD ./mbed/targets/hal/TARGET_Silicon_Labs/TARGET_EFM32/emlib/src/em_pcnt.o
LOAD ./mbed/targets/hal/TARGET_Silicon_Labs/TARGET_EFM32/emlib/src/em_prs.o
LOAD ./mbed/targets/hal/TARGET_Silicon_Labs/TARGET_EFM32/emlib/src/em_rmu.o
LOAD ./mbed/targets/hal/TARGET_Silicon_Labs/TARGET_EFM32/emlib/src/em_rtc.o
LOAD ./mbed/targets/hal/TARGET_Silicon_Labs/TARGET_EFM32/emlib/src/em_system.o
LOAD ./mbed/targets/hal/TARGET_Silicon_Labs/TARGET_EFM32/emlib/src/em_timer.o
LOAD ./mbed/targets/hal/TARGET_Silicon_Labs/TARGET_EFM32/emlib/src/em_usart.o
LOAD ./mbed/targets/hal/TARGET_Silicon_Labs/TARGET_EFM32/emlib/src/em_vcmp.o
LOAD ./mbed/targets/hal/TARGET_Silicon_Labs/TARGET_EFM32/emlib/src/em_wdog.o
LOAD ./mbed/targets/hal/TARGET_Silicon_Labs/TARGET_EFM32/TARGET_EFM32LG_STK3600/PeripheralPins.o
LOAD ./mbed/targets/hal/TARGET_Silicon_Labs/TARGET_EFM32/analogin_api.o
LOAD ./mbed/targets/hal/TARGET_Silicon_Labs/TARGET_EFM32/analogout_api.o
LOAD ./mbed/targets/hal/TARGET_Silicon_Labs/TARGET_EFM32/dma_api.o
LOAD ./mbed/targets/hal/TARGET_Silicon_Labs/TARGET_EFM32/gpio_api.o
LOAD ./mbed/targets/hal/TARGET_Silicon_Labs/TARGET_EFM32/gpio_irq_api.o
LOAD ./mbed/targets/hal/TARGET_Silicon_Labs/TARGET_EFM32/i2c_api.o
LOAD ./mbed/targets/hal/TARGET_Silicon_Labs/TARGET_EFM32/lp_ticker.o
LOAD ./mbed/targets/hal/TARGET_Silicon_Labs/TARGET_EFM32/mbed_overrides.o
LOAD ./mbed/targets/hal/TARGET_Silicon_Labs/TARGET_EFM32/pinmap.o
LOAD ./mbed/targets/hal/TARGET_Silicon_Labs/TARGET_EFM32/pinmap_function.o
LOAD ./mbed/targets/hal/TARGET_Silicon_Labs/TARGET_EFM32/port_api.o
LOAD ./mbed/targets/hal/TARGET_Silicon_Labs/TARGET_EFM32/pwmout_api.o
LOAD ./mbed/targets/hal/TARGET_Silicon_Labs/TARGET_EFM32/rtc_api.o
LOAD ./mbed/targets/hal/TARGET_Silicon_Labs/TARGET_EFM32/serial_api.o
LOAD ./mbed/targets/hal/TARGET_Silicon_Labs/TARGET_EFM32/sleep.o
LOAD ./mbed/targets/hal/TARGET_Silicon_Labs/TARGET_EFM32/spi_api.o
LOAD ./mbed/targets/hal/TARGET_Silicon_Labs/TARGET_EFM32/us_ticker.o
LOAD ./mbed/targets/cmsis/TARGET_Silicon_Labs/TARGET_EFM32/TARGET_EFM32LG_STK3600/TOOLCHAIN_GCC_ARM/startup_efm32lg.o
LOAD ./mbed/targets/cmsis/TARGET_Silicon_Labs/TARGET_EFM32/TARGET_EFM32LG_STK3600/cmsis_nvic.o
LOAD ./mbed/targets/cmsis/TARGET_Silicon_Labs/TARGET_EFM32/TARGET_EFM32LG_STK3600/system_efm32lg.o
LOAD ./mbed/common/BusIn.o
LOAD ./mbed/common/BusInOut.o
LOAD ./mbed/common/BusOut.o
LOAD ./mbed/common/CAN.o
LOAD ./mbed/common/CallChain.o
LOAD ./mbed/common/Ethernet.o
LOAD ./mbed/common/FileBase.o
LOAD ./mbed/common/FileLike.o
LOAD ./mbed/common/FilePath.o
LOAD ./mbed/common/FileSystemLike.o
LOAD ./mbed/common/I2C.o
LOAD ./mbed/common/I2CSlave.o
LOAD ./mbed/common/InterruptIn.o
LOAD ./mbed/common/InterruptManager.o
LOAD ./mbed/common/LocalFileSystem.o
LOAD ./mbed/common/RawSerial.o
LOAD ./mbed/common/SPI.o
LOAD ./mbed/common/SPISlave.o
LOAD ./mbed/common/Serial.o
LOAD ./mbed/common/SerialBase.o
LOAD ./mbed/common/Stream.o
LOAD ./mbed/common/Ticker.o
LOAD ./mbed/common/Timeout.o
LOAD ./mbed/common/Timer.o
LOAD ./mbed/common/TimerEvent.o
LOAD ./mbed/common/assert.o
LOAD ./mbed/common/board.o
LOAD ./mbed/common/error.o
LOAD ./mbed/common/gpio.o
LOAD ./mbed/common/lp_ticker_api.o
LOAD ./mbed/common/mbed_interface.o
LOAD ./mbed/common/pinmap_common.o
LOAD ./mbed/common/retarget.o
LOAD ./mbed/common/rtc_time.o
LOAD ./mbed/common/semihost_api.o
LOAD ./mbed/common/ticker_api.o
LOAD ./mbed/common/us_ticker_api.o
LOAD ./mbed/common/wait_api.o
LOAD c:/siliconlabs/simplicitystudio/v3/developer/toolchains/gnu_arm/4.8_2013q4/bin/../lib/gcc/arm-none-eabi/4.8.3/../../../../arm-none-eabi/lib/armv7-m\libstdc++_s.a
LOAD c:/siliconlabs/simplicitystudio/v3/developer/toolchains/gnu_arm/4.8_2013q4/bin/../lib/gcc/arm-none-eabi/4.8.3/../../../../arm-none-eabi/lib/armv7-m\libsupc++_s.a
LOAD c:/siliconlabs/simplicitystudio/v3/developer/toolchains/gnu_arm/4.8_2013q4/bin/../lib/gcc/arm-none-eabi/4.8.3/../../../../arm-none-eabi/lib/armv7-m\libnosys.a
LOAD c:/siliconlabs/simplicitystudio/v3/developer/toolchains/gnu_arm/4.8_2013q4/bin/../lib/gcc/arm-none-eabi/4.8.3/armv7-m\libgcc.a
LOAD ./src/main.o
START GROUP
LOAD c:/siliconlabs/simplicitystudio/v3/developer/toolchains/gnu_arm/4.8_2013q4/bin/../lib/gcc/arm-none-eabi/4.8.3/armv7-m\libgcc.a
LOAD c:/siliconlabs/simplicitystudio/v3/developer/toolchains/gnu_arm/4.8_2013q4/bin/../lib/gcc/arm-none-eabi/4.8.3/../../../../arm-none-eabi/lib/armv7-m\libc_s.a
LOAD c:/siliconlabs/simplicitystudio/v3/developer/toolchains/gnu_arm/4.8_2013q4/bin/../lib/gcc/arm-none-eabi/4.8.3/../../../../arm-none-eabi/lib/armv7-m\libnosys.a
END GROUP
LOAD c:/siliconlabs/simplicitystudio/v3/developer/toolchains/gnu_arm/4.8_2013q4/bin/../lib/gcc/arm-none-eabi/4.8.3/../../../../arm-none-eabi/lib/armv7-m\libstdc++_s.a
LOAD c:/siliconlabs/simplicitystudio/v3/developer/toolchains/gnu_arm/4.8_2013q4/bin/../lib/gcc/arm-none-eabi/4.8.3/../../../../arm-none-eabi/lib/armv7-m\libm.a
LOAD c:/siliconlabs/simplicitystudio/v3/developer/toolchains/gnu_arm/4.8_2013q4/bin/../lib/gcc/arm-none-eabi/4.8.3/../../../../arm-none-eabi/lib/armv7-m\libc_s.a
START GROUP
LOAD c:/siliconlabs/simplicitystudio/v3/developer/toolchains/gnu_arm/4.8_2013q4/bin/../lib/gcc/arm-none-eabi/4.8.3/armv7-m\libgcc.a
LOAD c:/siliconlabs/simplicitystudio/v3/developer/toolchains/gnu_arm/4.8_2013q4/bin/../lib/gcc/arm-none-eabi/4.8.3/../../../../arm-none-eabi/lib/armv7-m\libg_s.a
LOAD c:/siliconlabs/simplicitystudio/v3/developer/toolchains/gnu_arm/4.8_2013q4/bin/../lib/gcc/arm-none-eabi/4.8.3/../../../../arm-none-eabi/lib/armv7-m\libc_s.a
END GROUP
START GROUP
LOAD c:/siliconlabs/simplicitystudio/v3/developer/toolchains/gnu_arm/4.8_2013q4/bin/../lib/gcc/arm-none-eabi/4.8.3/armv7-m\libgcc.a
LOAD c:/siliconlabs/simplicitystudio/v3/developer/toolchains/gnu_arm/4.8_2013q4/bin/../lib/gcc/arm-none-eabi/4.8.3/../../../../arm-none-eabi/lib/armv7-m\libc_s.a
LOAD c:/siliconlabs/simplicitystudio/v3/developer/toolchains/gnu_arm/4.8_2013q4/bin/../lib/gcc/arm-none-eabi/4.8.3/../../../../arm-none-eabi/lib/armv7-m\libnosys.a
END GROUP
START GROUP
LOAD c:/siliconlabs/simplicitystudio/v3/developer/toolchains/gnu_arm/4.8_2013q4/bin/../lib/gcc/arm-none-eabi/4.8.3/armv7-m\libgcc.a
LOAD c:/siliconlabs/simplicitystudio/v3/developer/toolchains/gnu_arm/4.8_2013q4/bin/../lib/gcc/arm-none-eabi/4.8.3/../../../../arm-none-eabi/lib/armv7-m\libc_s.a
LOAD c:/siliconlabs/simplicitystudio/v3/developer/toolchains/gnu_arm/4.8_2013q4/bin/../lib/gcc/arm-none-eabi/4.8.3/../../../../arm-none-eabi/lib/armv7-m\libnosys.a
END GROUP
LOAD c:/siliconlabs/simplicitystudio/v3/developer/toolchains/gnu_arm/4.8_2013q4/bin/../lib/gcc/arm-none-eabi/4.8.3/armv7-m/crtend.o
LOAD c:/siliconlabs/simplicitystudio/v3/developer/toolchains/gnu_arm/4.8_2013q4/bin/../lib/gcc/arm-none-eabi/4.8.3/armv7-m/crtn.o
                0x000000e0                __vector_size = 0xe0

.text           0x00000000     0x5ee8
 *(.isr_vector)
 .isr_vector    0x00000000      0x100 ./mbed/targets/cmsis/TARGET_Silicon_Labs/TARGET_EFM32/TARGET_EFM32LG_STK3600/TOOLCHAIN_GCC_ARM/startup_efm32lg.o
                0x00000000                __isr_vector
 *(.text*)
 .text          0x00000100       0x54 c:/siliconlabs/simplicitystudio/v3/developer/toolchains/gnu_arm/4.8_2013q4/bin/../lib/gcc/arm-none-eabi/4.8.3/armv7-m/crtbegin.o
 .text          0x00000154       0x74 c:/siliconlabs/simplicitystudio/v3/developer/toolchains/gnu_arm/4.8_2013q4/bin/../lib/gcc/arm-none-eabi/4.8.3/../../../../arm-none-eabi/lib/armv7-m/crt0.o
                0x00000154                _start
                0x00000154                _mainCRTStartup
 .text.BITBAND_Peripheral
                0x000001c8       0x24 ./mbed/targets/hal/TARGET_Silicon_Labs/TARGET_EFM32/emlib/src/em_acmp.o
 .text.ACMP_ChannelSet
                0x000001ec       0x30 ./mbed/targets/hal/TARGET_Silicon_Labs/TARGET_EFM32/emlib/src/em_acmp.o
                0x000001ec                ACMP_ChannelSet
 .text.ACMP_Init
                0x0000021c       0x90 ./mbed/targets/hal/TARGET_Silicon_Labs/TARGET_EFM32/emlib/src/em_acmp.o
                0x0000021c                ACMP_Init
 .text.BITBAND_Peripheral
                0x000002ac       0x24 ./mbed/targets/hal/TARGET_Silicon_Labs/TARGET_EFM32/emlib/src/em_cmu.o
 .text.CMU_MaxFreqHfle
                0x000002d0       0x94 ./mbed/targets/hal/TARGET_Silicon_Labs/TARGET_EFM32/emlib/src/em_cmu.o
 .text.CMU_FlashWaitStateControl
                0x00000364       0xbc ./mbed/targets/hal/TARGET_Silicon_Labs/TARGET_EFM32/emlib/src/em_cmu.o
 .text.CMU_FlashWaitStateMax
                0x00000420       0x18 ./mbed/targets/hal/TARGET_Silicon_Labs/TARGET_EFM32/emlib/src/em_cmu.o
 .text.CMU_DivToLog2
                0x00000438       0x34 ./mbed/targets/hal/TARGET_Silicon_Labs/TARGET_EFM32/emlib/src/em_cmu.o
 .text.CMU_USBCClkGet
                0x0000046c       0x4c ./mbed/targets/hal/TARGET_Silicon_Labs/TARGET_EFM32/emlib/src/em_cmu.o
 .text.CMU_AUXClkGet
                0x000004b8       0x84 ./mbed/targets/hal/TARGET_Silicon_Labs/TARGET_EFM32/emlib/src/em_cmu.o
 .text.CMU_DBGClkGet
                0x0000053c       0x58 ./mbed/targets/hal/TARGET_Silicon_Labs/TARGET_EFM32/emlib/src/em_cmu.o
 .text.CMU_LFClkGet
                0x00000594       0xb4 ./mbed/targets/hal/TARGET_Silicon_Labs/TARGET_EFM32/emlib/src/em_cmu.o
 .text.CMU_Sync
                0x00000648       0x28 ./mbed/targets/hal/TARGET_Silicon_Labs/TARGET_EFM32/emlib/src/em_cmu.o
 .text.CMU_ClockDivSet
                0x00000670      0x240 ./mbed/targets/hal/TARGET_Silicon_Labs/TARGET_EFM32/emlib/src/em_cmu.o
                0x00000670                CMU_ClockDivSet
 .text.CMU_ClockEnable
                0x000008b0       0xe0 ./mbed/targets/hal/TARGET_Silicon_Labs/TARGET_EFM32/emlib/src/em_cmu.o
                0x000008b0                CMU_ClockEnable
 .text.CMU_ClockFreqGet
                0x00000990      0x1f8 ./mbed/targets/hal/TARGET_Silicon_Labs/TARGET_EFM32/emlib/src/em_cmu.o
                0x00000990                CMU_ClockFreqGet
 .text.CMU_ClockSelectGet
                0x00000b88      0x184 ./mbed/targets/hal/TARGET_Silicon_Labs/TARGET_EFM32/emlib/src/em_cmu.o
                0x00000b88                CMU_ClockSelectGet
 .text.CMU_ClockSelectSet
                0x00000d0c      0x2b0 ./mbed/targets/hal/TARGET_Silicon_Labs/TARGET_EFM32/emlib/src/em_cmu.o
                0x00000d0c                CMU_ClockSelectSet
 .text.CMU_OscillatorEnable
                0x00000fbc       0xc8 ./mbed/targets/hal/TARGET_Silicon_Labs/TARGET_EFM32/emlib/src/em_cmu.o
                0x00000fbc                CMU_OscillatorEnable
 .text.BITBAND_Peripheral
                0x00001084       0x24 ./mbed/targets/hal/TARGET_Silicon_Labs/TARGET_EFM32/emlib/src/em_dac.o
 .text.DAC_Init
                0x000010a8       0xcc ./mbed/targets/hal/TARGET_Silicon_Labs/TARGET_EFM32/emlib/src/em_dac.o
                0x000010a8                DAC_Init
 .text.DAC_InitChannel
                0x00001174       0x58 ./mbed/targets/hal/TARGET_Silicon_Labs/TARGET_EFM32/emlib/src/em_dac.o
                0x00001174                DAC_InitChannel
 .text.DMA_IRQHandler
                0x000011cc       0xe0 ./mbed/targets/hal/TARGET_Silicon_Labs/TARGET_EFM32/emlib/src/em_dma.o
                0x000011cc                DMA_IRQHandler
 .text.SystemCoreClockUpdate
                0x000012ac        0x8 ./mbed/targets/hal/TARGET_Silicon_Labs/TARGET_EFM32/emlib/src/em_emu.o
 .text.EMU_Unlock
                0x000012b4       0x10 ./mbed/targets/hal/TARGET_Silicon_Labs/TARGET_EFM32/emlib/src/em_emu.o
 .text.CMU_Lock
                0x000012c4       0x10 ./mbed/targets/hal/TARGET_Silicon_Labs/TARGET_EFM32/emlib/src/em_emu.o
 .text.CMU_Unlock
                0x000012d4       0x10 ./mbed/targets/hal/TARGET_Silicon_Labs/TARGET_EFM32/emlib/src/em_emu.o
 .text.EMU_Restore
                0x000012e4       0xf4 ./mbed/targets/hal/TARGET_Silicon_Labs/TARGET_EFM32/emlib/src/em_emu.o
 .text.getErrataFixEmuE107En
                0x000013d8       0x6c ./mbed/targets/hal/TARGET_Silicon_Labs/TARGET_EFM32/emlib/src/em_emu.o
 .text.EMU_EnterEM2
                0x00001444       0xa4 ./mbed/targets/hal/TARGET_Silicon_Labs/TARGET_EFM32/emlib/src/em_emu.o
                0x00001444                EMU_EnterEM2
 .text.EMU_EnterEM3
                0x000014e8       0xc4 ./mbed/targets/hal/TARGET_Silicon_Labs/TARGET_EFM32/emlib/src/em_emu.o
                0x000014e8                EMU_EnterEM3
 .text.EMU_EnterEM4
                0x000015ac       0x50 ./mbed/targets/hal/TARGET_Silicon_Labs/TARGET_EFM32/emlib/src/em_emu.o
                0x000015ac                EMU_EnterEM4
 .text.EMU_UpdateOscConfig
                0x000015fc       0x14 ./mbed/targets/hal/TARGET_Silicon_Labs/TARGET_EFM32/emlib/src/em_emu.o
                0x000015fc                EMU_UpdateOscConfig
 .text.GPIO_DriveModeSet
                0x00001610       0x5c ./mbed/targets/hal/TARGET_Silicon_Labs/TARGET_EFM32/emlib/src/em_gpio.o
                0x00001610                GPIO_DriveModeSet
 .text.GPIO_PinModeSet
                0x0000166c      0x160 ./mbed/targets/hal/TARGET_Silicon_Labs/TARGET_EFM32/emlib/src/em_gpio.o
                0x0000166c                GPIO_PinModeSet
 .text.LETIMER_CompareSet
                0x000017cc       0x4c ./mbed/targets/hal/TARGET_Silicon_Labs/TARGET_EFM32/emlib/src/em_letimer.o
                0x000017cc                LETIMER_CompareSet
 .text.LETIMER_Init
                0x00001818       0xe0 ./mbed/targets/hal/TARGET_Silicon_Labs/TARGET_EFM32/emlib/src/em_letimer.o
                0x00001818                LETIMER_Init
 .text.LEUART_Sync
                0x000018f8       0x28 ./mbed/targets/hal/TARGET_Silicon_Labs/TARGET_EFM32/emlib/src/em_leuart.o
 .text.LEUART_BaudrateSet
                0x00001920       0x7c ./mbed/targets/hal/TARGET_Silicon_Labs/TARGET_EFM32/emlib/src/em_leuart.o
                0x00001920                LEUART_BaudrateSet
 .text.LEUART_Enable
                0x0000199c       0x5c ./mbed/targets/hal/TARGET_Silicon_Labs/TARGET_EFM32/emlib/src/em_leuart.o
                0x0000199c                LEUART_Enable
 .text.LEUART_FreezeEnable
                0x000019f8       0x30 ./mbed/targets/hal/TARGET_Silicon_Labs/TARGET_EFM32/emlib/src/em_leuart.o
                0x000019f8                LEUART_FreezeEnable
 .text.LEUART_Init
                0x00001a28       0x80 ./mbed/targets/hal/TARGET_Silicon_Labs/TARGET_EFM32/emlib/src/em_leuart.o
                0x00001a28                LEUART_Init
 .text.LEUART_Rx
                0x00001aa8       0x20 ./mbed/targets/hal/TARGET_Silicon_Labs/TARGET_EFM32/emlib/src/em_leuart.o
                0x00001aa8                LEUART_Rx
 .text.LEUART_Tx
                0x00001ac8       0x30 ./mbed/targets/hal/TARGET_Silicon_Labs/TARGET_EFM32/emlib/src/em_leuart.o
                0x00001ac8                LEUART_Tx
 .text.SYSTEM_ChipRevisionGet
                0x00001af8       0x78 ./mbed/targets/hal/TARGET_Silicon_Labs/TARGET_EFM32/emlib/src/em_system.o
                0x00001af8                SYSTEM_ChipRevisionGet
 .text.TIMER_InitCC
                0x00001b70       0xc4 ./mbed/targets/hal/TARGET_Silicon_Labs/TARGET_EFM32/emlib/src/em_timer.o
                0x00001b70                TIMER_InitCC
 .text.USART_BaudrateAsyncSet
                0x00001c34       0xb4 ./mbed/targets/hal/TARGET_Silicon_Labs/TARGET_EFM32/emlib/src/em_usart.o
                0x00001c34                USART_BaudrateAsyncSet
 .text.USART_Enable
                0x00001ce8       0x6c ./mbed/targets/hal/TARGET_Silicon_Labs/TARGET_EFM32/emlib/src/em_usart.o
                0x00001ce8                USART_Enable
 .text.USART_InitAsync
                0x00001d54       0xb0 ./mbed/targets/hal/TARGET_Silicon_Labs/TARGET_EFM32/emlib/src/em_usart.o
                0x00001d54                USART_InitAsync
 .text.USART_Reset
                0x00001e04       0xa8 ./mbed/targets/hal/TARGET_Silicon_Labs/TARGET_EFM32/emlib/src/em_usart.o
                0x00001e04                USART_Reset
 .text.USART_Rx
                0x00001eac       0x20 ./mbed/targets/hal/TARGET_Silicon_Labs/TARGET_EFM32/emlib/src/em_usart.o
                0x00001eac                USART_Rx
 .text.USART_Tx
                0x00001ecc       0x24 ./mbed/targets/hal/TARGET_Silicon_Labs/TARGET_EFM32/emlib/src/em_usart.o
                0x00001ecc                USART_Tx
 .text.GPIO_PinOutClear
                0x00001ef0       0x40 ./mbed/targets/hal/TARGET_Silicon_Labs/TARGET_EFM32/gpio_api.o
 .text.GPIO_PinOutSet
                0x00001f30       0x40 ./mbed/targets/hal/TARGET_Silicon_Labs/TARGET_EFM32/gpio_api.o
 .text.gpio_write
                0x00001f70       0x50 ./mbed/targets/hal/TARGET_Silicon_Labs/TARGET_EFM32/gpio_api.o
                0x00001f70                gpio_write
 .text.gpio_init
                0x00001fc0       0x54 ./mbed/targets/hal/TARGET_Silicon_Labs/TARGET_EFM32/gpio_api.o
                0x00001fc0                gpio_init
 .text.gpio_mode
                0x00002014      0x114 ./mbed/targets/hal/TARGET_Silicon_Labs/TARGET_EFM32/gpio_api.o
                0x00002014                gpio_mode
 .text.gpio_dir
                0x00002128       0x48 ./mbed/targets/hal/TARGET_Silicon_Labs/TARGET_EFM32/gpio_api.o
                0x00002128                gpio_dir
 .text.GPIO_IntClear
                0x00002170       0x14 ./mbed/targets/hal/TARGET_Silicon_Labs/TARGET_EFM32/gpio_irq_api.o
 .text.GPIO_IntGetEnabled
                0x00002184       0x20 ./mbed/targets/hal/TARGET_Silicon_Labs/TARGET_EFM32/gpio_irq_api.o
 .text.GPIO_PinInGet
                0x000021a4       0x44 ./mbed/targets/hal/TARGET_Silicon_Labs/TARGET_EFM32/gpio_irq_api.o
 .text.handle_interrupt_in
                0x000021e8       0xec ./mbed/targets/hal/TARGET_Silicon_Labs/TARGET_EFM32/gpio_irq_api.o
 .text.GPIOINT_IRQDispatcher
                0x000022d4       0x4c ./mbed/targets/hal/TARGET_Silicon_Labs/TARGET_EFM32/gpio_irq_api.o
 .text.GPIO_EVEN_IRQHandler
                0x00002320       0x24 ./mbed/targets/hal/TARGET_Silicon_Labs/TARGET_EFM32/gpio_irq_api.o
                0x00002320                GPIO_EVEN_IRQHandler
 .text.GPIO_ODD_IRQHandler
                0x00002344       0x24 ./mbed/targets/hal/TARGET_Silicon_Labs/TARGET_EFM32/gpio_irq_api.o
                0x00002344                GPIO_ODD_IRQHandler
 .text.GPIO_PinOutGet
                0x00002368       0x44 ./mbed/targets/hal/TARGET_Silicon_Labs/TARGET_EFM32/pinmap.o
 .text.pin_mode
                0x000023ac       0x94 ./mbed/targets/hal/TARGET_Silicon_Labs/TARGET_EFM32/pinmap.o
                0x000023ac                pin_mode
 .text.pinmap_get_function_field
                0x00002440       0x3c ./mbed/targets/hal/TARGET_Silicon_Labs/TARGET_EFM32/pinmap_function.o
                0x00002440                pinmap_get_function_field
 .text.pin_location
                0x0000247c       0x48 ./mbed/targets/hal/TARGET_Silicon_Labs/TARGET_EFM32/pinmap_function.o
                0x0000247c                pin_location
 .text.RTC_IntClear
                0x000024c4       0x14 ./mbed/targets/hal/TARGET_Silicon_Labs/TARGET_EFM32/rtc_api.o
 .text.RTC_IntGet
                0x000024d8        0xc ./mbed/targets/hal/TARGET_Silicon_Labs/TARGET_EFM32/rtc_api.o
 .text.RTC_IRQHandler
                0x000024e4       0x50 ./mbed/targets/hal/TARGET_Silicon_Labs/TARGET_EFM32/rtc_api.o
                0x000024e4                RTC_IRQHandler
 .text.NVIC_SetPriority
                0x00002534       0x4c ./mbed/targets/hal/TARGET_Silicon_Labs/TARGET_EFM32/serial_api.o
 .text.USART_IntClear
                0x00002580       0x10 ./mbed/targets/hal/TARGET_Silicon_Labs/TARGET_EFM32/serial_api.o
 .text.LEUART_IntGetEnabled
                0x00002590       0x14 ./mbed/targets/hal/TARGET_Silicon_Labs/TARGET_EFM32/serial_api.o
 .text.uart0_rx_irq
                0x000025a4       0x14 ./mbed/targets/hal/TARGET_Silicon_Labs/TARGET_EFM32/serial_api.o
 .text.uart0_tx_irq
                0x000025b8       0x1c ./mbed/targets/hal/TARGET_Silicon_Labs/TARGET_EFM32/serial_api.o
 .text.uart1_rx_irq
                0x000025d4       0x14 ./mbed/targets/hal/TARGET_Silicon_Labs/TARGET_EFM32/serial_api.o
 .text.uart1_tx_irq
                0x000025e8       0x1c ./mbed/targets/hal/TARGET_Silicon_Labs/TARGET_EFM32/serial_api.o
 .text.usart0_rx_irq
                0x00002604       0x14 ./mbed/targets/hal/TARGET_Silicon_Labs/TARGET_EFM32/serial_api.o
 .text.usart0_tx_irq
                0x00002618       0x1c ./mbed/targets/hal/TARGET_Silicon_Labs/TARGET_EFM32/serial_api.o
 .text.usart1_rx_irq
                0x00002634       0x14 ./mbed/targets/hal/TARGET_Silicon_Labs/TARGET_EFM32/serial_api.o
 .text.usart1_tx_irq
                0x00002648       0x1c ./mbed/targets/hal/TARGET_Silicon_Labs/TARGET_EFM32/serial_api.o
 .text.usart2_rx_irq
                0x00002664       0x14 ./mbed/targets/hal/TARGET_Silicon_Labs/TARGET_EFM32/serial_api.o
 .text.usart2_tx_irq
                0x00002678       0x1c ./mbed/targets/hal/TARGET_Silicon_Labs/TARGET_EFM32/serial_api.o
 .text.leuart0_irq
                0x00002694       0x2c ./mbed/targets/hal/TARGET_Silicon_Labs/TARGET_EFM32/serial_api.o
 .text.leuart1_irq
                0x000026c0       0x2c ./mbed/targets/hal/TARGET_Silicon_Labs/TARGET_EFM32/serial_api.o
 .text.uart_init
                0x000026ec       0xbc ./mbed/targets/hal/TARGET_Silicon_Labs/TARGET_EFM32/serial_api.o
 .text.serial_get_index
                0x000027a8       0x7c ./mbed/targets/hal/TARGET_Silicon_Labs/TARGET_EFM32/serial_api.o
                0x000027a8                serial_get_index
 .text.serial_get_clock
                0x00002824       0x9c ./mbed/targets/hal/TARGET_Silicon_Labs/TARGET_EFM32/serial_api.o
                0x00002824                serial_get_clock
 .text.serial_preinit
                0x000028c0      0x1f0 ./mbed/targets/hal/TARGET_Silicon_Labs/TARGET_EFM32/serial_api.o
                0x000028c0                serial_preinit
 .text.serial_enable_pins
                0x00002ab0       0x54 ./mbed/targets/hal/TARGET_Silicon_Labs/TARGET_EFM32/serial_api.o
                0x00002ab0                serial_enable_pins
 .text.serial_init
                0x00002b04      0x144 ./mbed/targets/hal/TARGET_Silicon_Labs/TARGET_EFM32/serial_api.o
                0x00002b04                serial_init
 .text.serial_enable
                0x00002c48       0x8c ./mbed/targets/hal/TARGET_Silicon_Labs/TARGET_EFM32/serial_api.o
                0x00002c48                serial_enable
 .text.serial_baud
                0x00002cd4      0x13c ./mbed/targets/hal/TARGET_Silicon_Labs/TARGET_EFM32/serial_api.o
                0x00002cd4                serial_baud
 .text.uart_irq
                0x00002e10       0x40 ./mbed/targets/hal/TARGET_Silicon_Labs/TARGET_EFM32/serial_api.o
 .text.serial_getc
                0x00002e50       0x44 ./mbed/targets/hal/TARGET_Silicon_Labs/TARGET_EFM32/serial_api.o
                0x00002e50                serial_getc
 .text.serial_putc
                0x00002e94       0x4c ./mbed/targets/hal/TARGET_Silicon_Labs/TARGET_EFM32/serial_api.o
                0x00002e94                serial_putc
 .text.EMU_EnterEM1
                0x00002ee0       0x14 ./mbed/targets/hal/TARGET_Silicon_Labs/TARGET_EFM32/sleep.o
 .text.INT_Disable
                0x00002ef4       0x24 ./mbed/targets/hal/TARGET_Silicon_Labs/TARGET_EFM32/sleep.o
 .text.INT_Enable
                0x00002f18       0x34 ./mbed/targets/hal/TARGET_Silicon_Labs/TARGET_EFM32/sleep.o
 .text.sleep    0x00002f4c       0x48 ./mbed/targets/hal/TARGET_Silicon_Labs/TARGET_EFM32/sleep.o
                0x00002f4c                sleep
 .text.blockSleepMode
                0x00002f94       0x30 ./mbed/targets/hal/TARGET_Silicon_Labs/TARGET_EFM32/sleep.o
                0x00002f94                blockSleepMode
 .text.unblockSleepMode
                0x00002fc4       0x3c ./mbed/targets/hal/TARGET_Silicon_Labs/TARGET_EFM32/sleep.o
                0x00002fc4                unblockSleepMode
 .text.NVIC_EnableIRQ
                0x00003000       0x2c ./mbed/targets/hal/TARGET_Silicon_Labs/TARGET_EFM32/us_ticker.o
 .text.TIMER_CompareSet
                0x0000302c       0x1c ./mbed/targets/hal/TARGET_Silicon_Labs/TARGET_EFM32/us_ticker.o
 .text.TIMER_CounterSet
                0x00003048       0x10 ./mbed/targets/hal/TARGET_Silicon_Labs/TARGET_EFM32/us_ticker.o
 .text.TIMER_Enable
                0x00003058       0x58 ./mbed/targets/hal/TARGET_Silicon_Labs/TARGET_EFM32/us_ticker.o
 .text.TIMER_IntClear
                0x000030b0       0x10 ./mbed/targets/hal/TARGET_Silicon_Labs/TARGET_EFM32/us_ticker.o
 .text.TIMER_IntDisable
                0x000030c0       0x18 ./mbed/targets/hal/TARGET_Silicon_Labs/TARGET_EFM32/us_ticker.o
 .text.TIMER_IntEnable
                0x000030d8       0x18 ./mbed/targets/hal/TARGET_Silicon_Labs/TARGET_EFM32/us_ticker.o
 .text.TIMER_IntGet
                0x000030f0       0x10 ./mbed/targets/hal/TARGET_Silicon_Labs/TARGET_EFM32/us_ticker.o
 .text.TIMER_TopSet
                0x00003100       0x10 ./mbed/targets/hal/TARGET_Silicon_Labs/TARGET_EFM32/us_ticker.o
 .text.us_ticker_irq_handler_internal
                0x00003110       0xac ./mbed/targets/hal/TARGET_Silicon_Labs/TARGET_EFM32/us_ticker.o
                0x00003110                us_ticker_irq_handler_internal
 .text.us_ticker_init
                0x000031bc      0x11c ./mbed/targets/hal/TARGET_Silicon_Labs/TARGET_EFM32/us_ticker.o
                0x000031bc                us_ticker_init
 .text.us_ticker_read
                0x000032d8       0xac ./mbed/targets/hal/TARGET_Silicon_Labs/TARGET_EFM32/us_ticker.o
                0x000032d8                us_ticker_read
 .text.us_ticker_set_interrupt
                0x00003384      0x104 ./mbed/targets/hal/TARGET_Silicon_Labs/TARGET_EFM32/us_ticker.o
                0x00003384                us_ticker_set_interrupt
 .text.us_ticker_disable_interrupt
                0x00003488       0x24 ./mbed/targets/hal/TARGET_Silicon_Labs/TARGET_EFM32/us_ticker.o
                0x00003488                us_ticker_disable_interrupt
 .text.us_ticker_clear_interrupt
                0x000034ac       0x10 ./mbed/targets/hal/TARGET_Silicon_Labs/TARGET_EFM32/us_ticker.o
                0x000034ac                us_ticker_clear_interrupt
 .text          0x000034bc       0x98 ./mbed/targets/cmsis/TARGET_Silicon_Labs/TARGET_EFM32/TARGET_EFM32LG_STK3600/TOOLCHAIN_GCC_ARM/startup_efm32lg.o
                0x000034bc                Reset_Handler
                0x000034f0                Default_Handler
                0x000034f2                NMI_Handler
                0x000034f4                HardFault_Handler
                0x000034f6                MemManage_Handler
                0x000034f8                BusFault_Handler
                0x000034fa                UsageFault_Handler
                0x000034fc                SVC_Handler
                0x000034fe                DebugMon_Handler
                0x00003500                PendSV_Handler
                0x00003502                SysTick_Handler
                0x00003508                TIMER0_IRQHandler
                0x0000350a                USART0_RX_IRQHandler
                0x0000350c                USART0_TX_IRQHandler
                0x0000350e                USB_IRQHandler
                0x00003510                ACMP0_IRQHandler
                0x00003512                ADC0_IRQHandler
                0x00003514                DAC0_IRQHandler
                0x00003516                I2C0_IRQHandler
                0x00003518                I2C1_IRQHandler
                0x0000351c                TIMER1_IRQHandler
                0x0000351e                TIMER2_IRQHandler
                0x00003520                TIMER3_IRQHandler
                0x00003522                USART1_RX_IRQHandler
                0x00003524                USART1_TX_IRQHandler
                0x00003526                LESENSE_IRQHandler
                0x00003528                USART2_RX_IRQHandler
                0x0000352a                USART2_TX_IRQHandler
                0x0000352c                UART0_RX_IRQHandler
                0x0000352e                UART0_TX_IRQHandler
                0x00003530                UART1_RX_IRQHandler
                0x00003532                UART1_TX_IRQHandler
                0x00003534                LEUART0_IRQHandler
                0x00003536                LEUART1_IRQHandler
                0x0000353a                PCNT0_IRQHandler
                0x0000353c                PCNT1_IRQHandler
                0x0000353e                PCNT2_IRQHandler
                0x00003542                BURTC_IRQHandler
                0x00003544                CMU_IRQHandler
                0x00003546                VCMP_IRQHandler
                0x00003548                LCD_IRQHandler
                0x0000354a                MSC_IRQHandler
                0x0000354c                AES_IRQHandler
                0x0000354e                EBI_IRQHandler
                0x00003550                EMU_IRQHandler
 .text.NVIC_SetVector
                0x00003554       0x68 ./mbed/targets/cmsis/TARGET_Silicon_Labs/TARGET_EFM32/TARGET_EFM32LG_STK3600/cmsis_nvic.o
                0x00003554                NVIC_SetVector
 .text.GetProdRev
                0x000035bc       0x10 ./mbed/targets/cmsis/TARGET_Silicon_Labs/TARGET_EFM32/TARGET_EFM32LG_STK3600/system_efm32lg.o
 .text.SystemCoreClockGet
                0x000035cc       0x48 ./mbed/targets/cmsis/TARGET_Silicon_Labs/TARGET_EFM32/TARGET_EFM32LG_STK3600/system_efm32lg.o
                0x000035cc                SystemCoreClockGet
 .text.SystemHFClockGet
                0x00003614       0xf0 ./mbed/targets/cmsis/TARGET_Silicon_Labs/TARGET_EFM32/TARGET_EFM32LG_STK3600/system_efm32lg.o
                0x00003614                SystemHFClockGet
 .text.SystemHFXOClockGet
                0x00003704        0xc ./mbed/targets/cmsis/TARGET_Silicon_Labs/TARGET_EFM32/TARGET_EFM32LG_STK3600/system_efm32lg.o
                0x00003704                SystemHFXOClockGet
 .text.SystemInit
                0x00003710        0x4 ./mbed/targets/cmsis/TARGET_Silicon_Labs/TARGET_EFM32/TARGET_EFM32LG_STK3600/system_efm32lg.o
                0x00003710                SystemInit
 .text.SystemLFRCOClockGet
                0x00003714        0x8 ./mbed/targets/cmsis/TARGET_Silicon_Labs/TARGET_EFM32/TARGET_EFM32LG_STK3600/system_efm32lg.o
                0x00003714                SystemLFRCOClockGet
 .text.SystemULFRCOClockGet
                0x0000371c        0x8 ./mbed/targets/cmsis/TARGET_Silicon_Labs/TARGET_EFM32/TARGET_EFM32LG_STK3600/system_efm32lg.o
                0x0000371c                SystemULFRCOClockGet
 .text.SystemLFXOClockGet
                0x00003724        0xc ./mbed/targets/cmsis/TARGET_Silicon_Labs/TARGET_EFM32/TARGET_EFM32LG_STK3600/system_efm32lg.o
                0x00003724                SystemLFXOClockGet
 .text._ZN4mbed19FunctionPointerArg1IviEC2EPFviE
                0x00003730       0x1c ./mbed/common/I2C.o
                0x00003730                mbed::FunctionPointerArg1<void, int>::FunctionPointerArg1(void (*)(int))
                0x00003730                mbed::FunctionPointerArg1<void, int>::FunctionPointerArg1(void (*)(int))
 .text._ZN4mbed19FunctionPointerArg1IviE6attachEPFviE
                0x0000374c       0x18 ./mbed/common/I2C.o
                0x0000374c                mbed::FunctionPointerArg1<void, int>::attach(void (*)(int))
 .text._ZN4mbed13transaction_tC2Ev
                0x00003764       0x1c ./mbed/common/SPI.o
                0x00003764                mbed::transaction_t::transaction_t()
                0x00003764                mbed::transaction_t::transaction_t()
 .text._ZN4mbed14CircularBufferINS_11TransactionINS_3SPIEEELm4EmEC2Ev
                0x00003780       0x40 ./mbed/common/SPI.o
                0x00003780                mbed::CircularBuffer<mbed::Transaction<mbed::SPI>, 4ul, unsigned long>::CircularBuffer()
                0x00003780                mbed::CircularBuffer<mbed::Transaction<mbed::SPI>, 4ul, unsigned long>::CircularBuffer()
 .text._ZN4mbed11TransactionINS_3SPIEED2Ev
                0x000037c0        0xc ./mbed/common/SPI.o
                0x000037c0                mbed::Transaction<mbed::SPI>::~Transaction()
                0x000037c0                mbed::Transaction<mbed::SPI>::~Transaction()
 .text._ZN4mbed11TransactionINS_3SPIEEC2Ev
                0x000037cc       0x68 ./mbed/common/SPI.o
                0x000037cc                mbed::Transaction<mbed::SPI>::Transaction()
                0x000037cc                mbed::Transaction<mbed::SPI>::Transaction()
 .text._Z41__static_initialization_and_destruction_0ii
                0x00003834       0x3c ./mbed/common/SPI.o
 .text._ZN4mbed14CircularBufferINS_11TransactionINS_3SPIEEELm4EmED2Ev
                0x00003870       0x2c ./mbed/common/SPI.o
                0x00003870                mbed::CircularBuffer<mbed::Transaction<mbed::SPI>, 4ul, unsigned long>::~CircularBuffer()
                0x00003870                mbed::CircularBuffer<mbed::Transaction<mbed::SPI>, 4ul, unsigned long>::~CircularBuffer()
 .text._GLOBAL__sub_I__ZN4mbed3SPI19_transaction_bufferE
                0x0000389c       0x10 ./mbed/common/SPI.o
 .text.mbed_assert_internal
                0x000038ac       0x20 ./mbed/common/assert.o
                0x000038ac                mbed_assert_internal
 .text.mbed_die
                0x000038cc       0x8c ./mbed/common/board.o
                0x000038cc                mbed_die
 .text.error    0x00003958       0x24 ./mbed/common/error.o
                0x00003958                error
 .text._gpio_init_out
                0x0000397c       0x4c ./mbed/common/gpio.o
 .text.gpio_init_out
                0x000039c8       0x20 ./mbed/common/gpio.o
                0x000039c8                gpio_init_out
 .text.gpio_init_out_ex
                0x000039e8       0x24 ./mbed/common/gpio.o
                0x000039e8                gpio_init_out_ex
 .text.pinmap_merge
                0x00003a0c       0x44 ./mbed/common/pinmap_common.o
                0x00003a0c                pinmap_merge
 .text.pinmap_find_peripheral
                0x00003a50       0x3c ./mbed/common/pinmap_common.o
                0x00003a50                pinmap_find_peripheral
 .text.pinmap_peripheral
                0x00003a8c       0x4c ./mbed/common/pinmap_common.o
                0x00003a8c                pinmap_peripheral
 .text._ZL11init_serialv
                0x00003ad8       0x20 ./mbed/common/retarget.o
 .text._close   0x00003af8       0x50 ./mbed/common/retarget.o
                0x00003af8                _close
 .text._write   0x00003b48       0x88 ./mbed/common/retarget.o
                0x00003b48                _write
 .text._read    0x00003bd0       0x74 ./mbed/common/retarget.o
                0x00003bd0                _read
 .text._isatty  0x00003c44       0x44 ./mbed/common/retarget.o
                0x00003c44                _isatty
 .text._lseek   0x00003c88       0x4c ./mbed/common/retarget.o
                0x00003c88                _lseek
 .text._fstat   0x00003cd4       0x3c ./mbed/common/retarget.o
                0x00003cd4                _fstat
 .text._sbrk    0x00003d10       0x58 ./mbed/common/retarget.o
                0x00003d10                _sbrk
 .text._exit    0x00003d68       0x30 ./mbed/common/retarget.o
                0x00003d68                _exit
 .text.ticker_irq_handler
                0x00003d98       0x88 ./mbed/common/ticker_api.o
                0x00003d98                ticker_irq_handler
 .text.us_ticker_irq_handler
                0x00003e20       0x10 ./mbed/common/us_ticker_api.o
                0x00003e20                us_ticker_irq_handler
 .text.wait_ms  0x00003e30       0x1c ./mbed/common/wait_api.o
                0x00003e30                wait_ms
 .text.wait_us  0x00003e4c       0x24 ./mbed/common/wait_api.o
                0x00003e4c                wait_us
 .text.__aeabi_atexit
                0x00003e70        0xa c:/siliconlabs/simplicitystudio/v3/developer/toolchains/gnu_arm/4.8_2013q4/bin/../lib/gcc/arm-none-eabi/4.8.3/../../../../arm-none-eabi/lib/armv7-m\libstdc++_s.a(atexit_arm.o)
                0x00003e70                __aeabi_atexit
 *fill*         0x00003e7a        0x2 
 .text          0x00003e7c       0x2c c:/siliconlabs/simplicitystudio/v3/developer/toolchains/gnu_arm/4.8_2013q4/bin/../lib/gcc/arm-none-eabi/4.8.3/armv7-m\libgcc.a(_aeabi_uldivmod.o)
                0x00003e7c                __aeabi_uldivmod
 .text          0x00003ea8       0x60 c:/siliconlabs/simplicitystudio/v3/developer/toolchains/gnu_arm/4.8_2013q4/bin/../lib/gcc/arm-none-eabi/4.8.3/armv7-m\libgcc.a(bpabi.o)
                0x00003ea8                __gnu_ldivmod_helper
                0x00003ed8                __gnu_uldivmod_helper
 .text          0x00003f08        0x4 c:/siliconlabs/simplicitystudio/v3/developer/toolchains/gnu_arm/4.8_2013q4/bin/../lib/gcc/arm-none-eabi/4.8.3/armv7-m\libgcc.a(_dvmd_tls.o)
                0x00003f08                __aeabi_idiv0
                0x00003f08                __aeabi_ldiv0
 .text          0x00003f0c      0x2a0 c:/siliconlabs/simplicitystudio/v3/developer/toolchains/gnu_arm/4.8_2013q4/bin/../lib/gcc/arm-none-eabi/4.8.3/armv7-m\libgcc.a(_divdi3.o)
                0x00003f0c                __divdi3
 .text          0x000041ac      0x290 c:/siliconlabs/simplicitystudio/v3/developer/toolchains/gnu_arm/4.8_2013q4/bin/../lib/gcc/arm-none-eabi/4.8.3/armv7-m\libgcc.a(_udivdi3.o)
                0x000041ac                __udivdi3
 .text.NVIC_EnableIRQ
                0x0000443c       0x2c ./src/main.o
 .text.GPIO_PinOutClear
                0x00004468       0x30 ./src/main.o
 .text.GPIO_PinOutSet
                0x00004498       0x30 ./src/main.o
 .text.CHIP_Init
                0x000044c8       0x40 ./src/main.o
 .text.ACMP_IntClear
                0x00004508       0x10 ./src/main.o
 .text.ACMP_IntEnable
                0x00004518       0x18 ./src/main.o
 .text.ACMP_IntGet
                0x00004530       0x10 ./src/main.o
 .text.DAC_Channel0OutputSet
                0x00004540       0x10 ./src/main.o
 .text.DAC_IntClear
                0x00004550       0x10 ./src/main.o
 .text.DAC_IntEnable
                0x00004560       0x18 ./src/main.o
 .text.DAC_IntGet
                0x00004578       0x10 ./src/main.o
 .text.LETIMER_IntClear
                0x00004588       0x10 ./src/main.o
 .text.LETIMER_IntEnable
                0x00004598       0x18 ./src/main.o
 .text.LETIMER_IntGet
                0x000045b0       0x10 ./src/main.o
 .text._Z15GPIO_Initializev
                0x000045c0       0x38 ./src/main.o
                0x000045c0                GPIO_Initialize()
 .text._Z18LETIMER_Initializev
                0x000045f8       0xb8 ./src/main.o
                0x000045f8                LETIMER_Initialize()
 .text._Z16ACMP0_Initializev
                0x000046b0       0x8c ./src/main.o
                0x000046b0                ACMP0_Initialize()
 .text._Z15DAC0_Initializev
                0x0000473c       0xbc ./src/main.o
                0x0000473c                DAC0_Initialize()
 .text.LETIMER0_IRQHandler
                0x000047f8      0x114 ./src/main.o
                0x000047f8                LETIMER0_IRQHandler
 .text.main     0x0000490c       0x2c ./src/main.o
                0x0000490c                main
 .text.__cxa_atexit
                0x00004938       0x20 c:/siliconlabs/simplicitystudio/v3/developer/toolchains/gnu_arm/4.8_2013q4/bin/../lib/gcc/arm-none-eabi/4.8.3/../../../../arm-none-eabi/lib/armv7-m\libc_s.a(lib_a-cxa_atexit.o)
                0x00004938                __cxa_atexit
 .text.__errno  0x00004958        0xc c:/siliconlabs/simplicitystudio/v3/developer/toolchains/gnu_arm/4.8_2013q4/bin/../lib/gcc/arm-none-eabi/4.8.3/../../../../arm-none-eabi/lib/armv7-m\libc_s.a(lib_a-errno.o)
                0x00004958                __errno
 .text.exit     0x00004964       0x28 c:/siliconlabs/simplicitystudio/v3/developer/toolchains/gnu_arm/4.8_2013q4/bin/../lib/gcc/arm-none-eabi/4.8.3/../../../../arm-none-eabi/lib/armv7-m\libc_s.a(lib_a-exit.o)
                0x00004964                exit
 .text.__sflush_r
                0x0000498c      0x106 c:/siliconlabs/simplicitystudio/v3/developer/toolchains/gnu_arm/4.8_2013q4/bin/../lib/gcc/arm-none-eabi/4.8.3/../../../../arm-none-eabi/lib/armv7-m\libc_s.a(lib_a-fflush.o)
                0x0000498c                __sflush_r
 *fill*         0x00004a92        0x2 
 .text._fflush_r
                0x00004a94       0x54 c:/siliconlabs/simplicitystudio/v3/developer/toolchains/gnu_arm/4.8_2013q4/bin/../lib/gcc/arm-none-eabi/4.8.3/../../../../arm-none-eabi/lib/armv7-m\libc_s.a(lib_a-fflush.o)
                0x00004a94                _fflush_r
 .text.fflush   0x00004ae8       0x24 c:/siliconlabs/simplicitystudio/v3/developer/toolchains/gnu_arm/4.8_2013q4/bin/../lib/gcc/arm-none-eabi/4.8.3/../../../../arm-none-eabi/lib/armv7-m\libc_s.a(lib_a-fflush.o)
                0x00004ae8                fflush
 .text._cleanup_r
                0x00004b0c       0x32 c:/siliconlabs/simplicitystudio/v3/developer/toolchains/gnu_arm/4.8_2013q4/bin/../lib/gcc/arm-none-eabi/4.8.3/../../../../arm-none-eabi/lib/armv7-m\libc_s.a(lib_a-findfp.o)
                0x00004b0c                _cleanup_r
 *fill*         0x00004b3e        0x2 
 .text.std.isra.0
                0x00004b40       0x48 c:/siliconlabs/simplicitystudio/v3/developer/toolchains/gnu_arm/4.8_2013q4/bin/../lib/gcc/arm-none-eabi/4.8.3/../../../../arm-none-eabi/lib/armv7-m\libc_s.a(lib_a-findfp.o)
 .text.__sfmoreglue
                0x00004b88       0x2c c:/siliconlabs/simplicitystudio/v3/developer/toolchains/gnu_arm/4.8_2013q4/bin/../lib/gcc/arm-none-eabi/4.8.3/../../../../arm-none-eabi/lib/armv7-m\libc_s.a(lib_a-findfp.o)
                0x00004b88                __sfmoreglue
 .text.__sinit  0x00004bb4       0x60 c:/siliconlabs/simplicitystudio/v3/developer/toolchains/gnu_arm/4.8_2013q4/bin/../lib/gcc/arm-none-eabi/4.8.3/../../../../arm-none-eabi/lib/armv7-m\libc_s.a(lib_a-findfp.o)
                0x00004bb4                __sinit
 .text.__sfp    0x00004c14       0x74 c:/siliconlabs/simplicitystudio/v3/developer/toolchains/gnu_arm/4.8_2013q4/bin/../lib/gcc/arm-none-eabi/4.8.3/../../../../arm-none-eabi/lib/armv7-m\libc_s.a(lib_a-findfp.o)
                0x00004c14                __sfp
 .text._fwalk_reent
                0x00004c88       0x3c c:/siliconlabs/simplicitystudio/v3/developer/toolchains/gnu_arm/4.8_2013q4/bin/../lib/gcc/arm-none-eabi/4.8.3/../../../../arm-none-eabi/lib/armv7-m\libc_s.a(lib_a-fwalk.o)
                0x00004c88                _fwalk_reent
 .text.__libc_init_array
                0x00004cc4       0x4c c:/siliconlabs/simplicitystudio/v3/developer/toolchains/gnu_arm/4.8_2013q4/bin/../lib/gcc/arm-none-eabi/4.8.3/../../../../arm-none-eabi/lib/armv7-m\libc_s.a(lib_a-init.o)
                0x00004cc4                __libc_init_array
 .text.__smakebuf_r
                0x00004d10       0x98 c:/siliconlabs/simplicitystudio/v3/developer/toolchains/gnu_arm/4.8_2013q4/bin/../lib/gcc/arm-none-eabi/4.8.3/../../../../arm-none-eabi/lib/armv7-m\libc_s.a(lib_a-makebuf.o)
                0x00004d10                __smakebuf_r
 .text.memchr   0x00004da8       0x1c c:/siliconlabs/simplicitystudio/v3/developer/toolchains/gnu_arm/4.8_2013q4/bin/../lib/gcc/arm-none-eabi/4.8.3/../../../../arm-none-eabi/lib/armv7-m\libc_s.a(lib_a-memchr-stub.o)
                0x00004da8                memchr
 .text.memcpy   0x00004dc4       0x12 c:/siliconlabs/simplicitystudio/v3/developer/toolchains/gnu_arm/4.8_2013q4/bin/../lib/gcc/arm-none-eabi/4.8.3/../../../../arm-none-eabi/lib/armv7-m\libc_s.a(lib_a-memcpy-stub.o)
                0x00004dc4                memcpy
 .text.memset   0x00004dd6       0x10 c:/siliconlabs/simplicitystudio/v3/developer/toolchains/gnu_arm/4.8_2013q4/bin/../lib/gcc/arm-none-eabi/4.8.3/../../../../arm-none-eabi/lib/armv7-m\libc_s.a(lib_a-memset.o)
                0x00004dd6                memset
 *fill*         0x00004de6        0x2 
 .text._free_r  0x00004de8       0x88 c:/siliconlabs/simplicitystudio/v3/developer/toolchains/gnu_arm/4.8_2013q4/bin/../lib/gcc/arm-none-eabi/4.8.3/../../../../arm-none-eabi/lib/armv7-m\libc_s.a(lib_a-nano-freer.o)
                0x00004de8                _free_r
 .text._malloc_r
                0x00004e70       0xa8 c:/siliconlabs/simplicitystudio/v3/developer/toolchains/gnu_arm/4.8_2013q4/bin/../lib/gcc/arm-none-eabi/4.8.3/../../../../arm-none-eabi/lib/armv7-m\libc_s.a(lib_a-nano-mallocr.o)
                0x00004e70                _malloc_r
 .text._sbrk_r  0x00004f18       0x20 c:/siliconlabs/simplicitystudio/v3/developer/toolchains/gnu_arm/4.8_2013q4/bin/../lib/gcc/arm-none-eabi/4.8.3/../../../../arm-none-eabi/lib/armv7-m\libc_s.a(lib_a-sbrkr.o)
                0x00004f18                _sbrk_r
 .text.__sread  0x00004f38       0x22 c:/siliconlabs/simplicitystudio/v3/developer/toolchains/gnu_arm/4.8_2013q4/bin/../lib/gcc/arm-none-eabi/4.8.3/../../../../arm-none-eabi/lib/armv7-m\libc_s.a(lib_a-stdio.o)
                0x00004f38                __sread
 .text.__swrite
                0x00004f5a       0x38 c:/siliconlabs/simplicitystudio/v3/developer/toolchains/gnu_arm/4.8_2013q4/bin/../lib/gcc/arm-none-eabi/4.8.3/../../../../arm-none-eabi/lib/armv7-m\libc_s.a(lib_a-stdio.o)
                0x00004f5a                __swrite
 .text.__sseek  0x00004f92       0x24 c:/siliconlabs/simplicitystudio/v3/developer/toolchains/gnu_arm/4.8_2013q4/bin/../lib/gcc/arm-none-eabi/4.8.3/../../../../arm-none-eabi/lib/armv7-m\libc_s.a(lib_a-stdio.o)
                0x00004f92                __sseek
 .text.__sclose
                0x00004fb6        0x8 c:/siliconlabs/simplicitystudio/v3/developer/toolchains/gnu_arm/4.8_2013q4/bin/../lib/gcc/arm-none-eabi/4.8.3/../../../../arm-none-eabi/lib/armv7-m\libc_s.a(lib_a-stdio.o)
                0x00004fb6                __sclose
 .text.strlen   0x00004fbe       0x10 c:/siliconlabs/simplicitystudio/v3/developer/toolchains/gnu_arm/4.8_2013q4/bin/../lib/gcc/arm-none-eabi/4.8.3/../../../../arm-none-eabi/lib/armv7-m\libc_s.a(lib_a-strlen.o)
                0x00004fbe                strlen
 .text.__sfputc_r
                0x00004fce       0x2c c:/siliconlabs/simplicitystudio/v3/developer/toolchains/gnu_arm/4.8_2013q4/bin/../lib/gcc/arm-none-eabi/4.8.3/../../../../arm-none-eabi/lib/armv7-m\libc_s.a(lib_a-vfprintf.o)
 .text.__sfputs_r
                0x00004ffa       0x24 c:/siliconlabs/simplicitystudio/v3/developer/toolchains/gnu_arm/4.8_2013q4/bin/../lib/gcc/arm-none-eabi/4.8.3/../../../../arm-none-eabi/lib/armv7-m\libc_s.a(lib_a-vfprintf.o)
                0x00004ffa                __sfputs_r
 *fill*         0x0000501e        0x2 
 .text._vfprintf_r
                0x00005020      0x208 c:/siliconlabs/simplicitystudio/v3/developer/toolchains/gnu_arm/4.8_2013q4/bin/../lib/gcc/arm-none-eabi/4.8.3/../../../../arm-none-eabi/lib/armv7-m\libc_s.a(lib_a-vfprintf.o)
                0x00005020                _vfprintf_r
                0x00005020                _vfiprintf_r
 .text.vfprintf
                0x00005228       0x1c c:/siliconlabs/simplicitystudio/v3/developer/toolchains/gnu_arm/4.8_2013q4/bin/../lib/gcc/arm-none-eabi/4.8.3/../../../../arm-none-eabi/lib/armv7-m\libc_s.a(lib_a-vfprintf.o)
                0x00005228                vfprintf
                0x00005228                vfiprintf
 .text._printf_common
                0x00005244       0xe4 c:/siliconlabs/simplicitystudio/v3/developer/toolchains/gnu_arm/4.8_2013q4/bin/../lib/gcc/arm-none-eabi/4.8.3/../../../../arm-none-eabi/lib/armv7-m\libc_s.a(lib_a-vfprintf_i.o)
                0x00005244                _printf_common
 .text._printf_i
                0x00005328      0x228 c:/siliconlabs/simplicitystudio/v3/developer/toolchains/gnu_arm/4.8_2013q4/bin/../lib/gcc/arm-none-eabi/4.8.3/../../../../arm-none-eabi/lib/armv7-m\libc_s.a(lib_a-vfprintf_i.o)
                0x00005328                _printf_i
 .text.__swbuf_r
                0x00005550       0xa8 c:/siliconlabs/simplicitystudio/v3/developer/toolchains/gnu_arm/4.8_2013q4/bin/../lib/gcc/arm-none-eabi/4.8.3/../../../../arm-none-eabi/lib/armv7-m\libc_s.a(lib_a-wbuf.o)
                0x00005550                __swbuf_r
 .text._write_r
                0x000055f8       0x24 c:/siliconlabs/simplicitystudio/v3/developer/toolchains/gnu_arm/4.8_2013q4/bin/../lib/gcc/arm-none-eabi/4.8.3/../../../../arm-none-eabi/lib/armv7-m\libc_s.a(lib_a-writer.o)
                0x000055f8                _write_r
 .text.__swsetup_r
                0x0000561c       0xdc c:/siliconlabs/simplicitystudio/v3/developer/toolchains/gnu_arm/4.8_2013q4/bin/../lib/gcc/arm-none-eabi/4.8.3/../../../../arm-none-eabi/lib/armv7-m\libc_s.a(lib_a-wsetup.o)
                0x0000561c                __swsetup_r
 .text._close_r
                0x000056f8       0x20 c:/siliconlabs/simplicitystudio/v3/developer/toolchains/gnu_arm/4.8_2013q4/bin/../lib/gcc/arm-none-eabi/4.8.3/../../../../arm-none-eabi/lib/armv7-m\libc_s.a(lib_a-closer.o)
                0x000056f8                _close_r
 .text._fstat_r
                0x00005718       0x24 c:/siliconlabs/simplicitystudio/v3/developer/toolchains/gnu_arm/4.8_2013q4/bin/../lib/gcc/arm-none-eabi/4.8.3/../../../../arm-none-eabi/lib/armv7-m\libc_s.a(lib_a-fstatr.o)
                0x00005718                _fstat_r
 .text._isatty_r
                0x0000573c       0x20 c:/siliconlabs/simplicitystudio/v3/developer/toolchains/gnu_arm/4.8_2013q4/bin/../lib/gcc/arm-none-eabi/4.8.3/../../../../arm-none-eabi/lib/armv7-m\libc_s.a(lib_a-isattyr.o)
                0x0000573c                _isatty_r
 .text._lseek_r
                0x0000575c       0x24 c:/siliconlabs/simplicitystudio/v3/developer/toolchains/gnu_arm/4.8_2013q4/bin/../lib/gcc/arm-none-eabi/4.8.3/../../../../arm-none-eabi/lib/armv7-m\libc_s.a(lib_a-lseekr.o)
                0x0000575c                _lseek_r
 .text._read_r  0x00005780       0x24 c:/siliconlabs/simplicitystudio/v3/developer/toolchains/gnu_arm/4.8_2013q4/bin/../lib/gcc/arm-none-eabi/4.8.3/../../../../arm-none-eabi/lib/armv7-m\libc_s.a(lib_a-readr.o)
                0x00005780                _read_r
 *(.init)
 .init          0x000057a4        0x4 c:/siliconlabs/simplicitystudio/v3/developer/toolchains/gnu_arm/4.8_2013q4/bin/../lib/gcc/arm-none-eabi/4.8.3/armv7-m/crti.o
                0x000057a4                _init
 .init          0x000057a8        0x8 c:/siliconlabs/simplicitystudio/v3/developer/toolchains/gnu_arm/4.8_2013q4/bin/../lib/gcc/arm-none-eabi/4.8.3/armv7-m/crtn.o
 *(.fini)
 .fini          0x000057b0        0x4 c:/siliconlabs/simplicitystudio/v3/developer/toolchains/gnu_arm/4.8_2013q4/bin/../lib/gcc/arm-none-eabi/4.8.3/armv7-m/crti.o
                0x000057b0                _fini
 .fini          0x000057b4        0x8 c:/siliconlabs/simplicitystudio/v3/developer/toolchains/gnu_arm/4.8_2013q4/bin/../lib/gcc/arm-none-eabi/4.8.3/armv7-m/crtn.o
 *crtbegin.o(.ctors)
 *crtbegin?.o(.ctors)
 *(EXCLUDE_FILE(*crtend.o *crtend?.o) .ctors)
 *(SORT(.ctors.*))
 *(.ctors)
 *crtbegin.o(.dtors)
 *crtbegin?.o(.dtors)
 *(EXCLUDE_FILE(*crtend.o *crtend?.o) .dtors)
 *(SORT(.dtors.*))
 *(.dtors)
 *(.rodata*)
 .rodata.PinMap_UART_TX
                0x000057bc      0x114 ./mbed/targets/hal/TARGET_Silicon_Labs/TARGET_EFM32/TARGET_EFM32LG_STK3600/PeripheralPins.o
                0x000057bc                PinMap_UART_TX
 .rodata.PinMap_UART_RX
                0x000058d0      0x114 ./mbed/targets/hal/TARGET_Silicon_Labs/TARGET_EFM32/TARGET_EFM32LG_STK3600/PeripheralPins.o
                0x000058d0                PinMap_UART_RX
 .rodata        0x000059e4       0x8c ./mbed/targets/hal/TARGET_Silicon_Labs/TARGET_EFM32/gpio_api.o
 .rodata        0x00005a70       0x94 ./mbed/targets/hal/TARGET_Silicon_Labs/TARGET_EFM32/pinmap.o
 .rodata        0x00005b04       0x1c ./mbed/targets/hal/TARGET_Silicon_Labs/TARGET_EFM32/pinmap_function.o
 .rodata        0x00005b20      0x1c4 ./mbed/targets/hal/TARGET_Silicon_Labs/TARGET_EFM32/serial_api.o
 .rodata        0x00005ce4       0x94 ./mbed/targets/hal/TARGET_Silicon_Labs/TARGET_EFM32/us_ticker.o
 .rodata        0x00005d78       0x34 ./mbed/common/assert.o
 .rodata        0x00005dac       0x68 ./mbed/common/pinmap_common.o
 .rodata.us_interface
                0x00005e14       0x14 ./mbed/common/us_ticker_api.o
 .rodata.us_data
                0x00005e28        0x8 ./mbed/common/us_ticker_api.o
 .rodata        0x00005e30       0x18 ./src/main.o
 .rodata.__sf_fake_stdin
                0x00005e48       0x20 c:/siliconlabs/simplicitystudio/v3/developer/toolchains/gnu_arm/4.8_2013q4/bin/../lib/gcc/arm-none-eabi/4.8.3/../../../../arm-none-eabi/lib/armv7-m\libc_s.a(lib_a-findfp.o)
                0x00005e48                __sf_fake_stdin
 .rodata.__sf_fake_stdout
                0x00005e68       0x20 c:/siliconlabs/simplicitystudio/v3/developer/toolchains/gnu_arm/4.8_2013q4/bin/../lib/gcc/arm-none-eabi/4.8.3/../../../../arm-none-eabi/lib/armv7-m\libc_s.a(lib_a-findfp.o)
                0x00005e68                __sf_fake_stdout
 .rodata.__sf_fake_stderr
                0x00005e88       0x20 c:/siliconlabs/simplicitystudio/v3/developer/toolchains/gnu_arm/4.8_2013q4/bin/../lib/gcc/arm-none-eabi/4.8.3/../../../../arm-none-eabi/lib/armv7-m\libc_s.a(lib_a-findfp.o)
                0x00005e88                __sf_fake_stderr
 .rodata.str1.1
                0x00005ea8        0x2 c:/siliconlabs/simplicitystudio/v3/developer/toolchains/gnu_arm/4.8_2013q4/bin/../lib/gcc/arm-none-eabi/4.8.3/../../../../arm-none-eabi/lib/armv7-m\libc_s.a(lib_a-impure.o)
 *fill*         0x00005eaa        0x2 
 .rodata._global_impure_ptr
                0x00005eac        0x4 c:/siliconlabs/simplicitystudio/v3/developer/toolchains/gnu_arm/4.8_2013q4/bin/../lib/gcc/arm-none-eabi/4.8.3/../../../../arm-none-eabi/lib/armv7-m\libc_s.a(lib_a-impure.o)
                0x00005eac                _global_impure_ptr
 .rodata.str1.1
                0x00005eb0       0x11 c:/siliconlabs/simplicitystudio/v3/developer/toolchains/gnu_arm/4.8_2013q4/bin/../lib/gcc/arm-none-eabi/4.8.3/../../../../arm-none-eabi/lib/armv7-m\libc_s.a(lib_a-vfprintf.o)
 .rodata.str1.1
                0x00005ec1       0x22 c:/siliconlabs/simplicitystudio/v3/developer/toolchains/gnu_arm/4.8_2013q4/bin/../lib/gcc/arm-none-eabi/4.8.3/../../../../arm-none-eabi/lib/armv7-m\libc_s.a(lib_a-vfprintf_i.o)
 *(.eh_frame*)
 *fill*         0x00005ee3        0x1 
 .eh_frame      0x00005ee4        0x0 c:/siliconlabs/simplicitystudio/v3/developer/toolchains/gnu_arm/4.8_2013q4/bin/../lib/gcc/arm-none-eabi/4.8.3/armv7-m/crtbegin.o
 .eh_frame      0x00005ee4        0x4 c:/siliconlabs/simplicitystudio/v3/developer/toolchains/gnu_arm/4.8_2013q4/bin/../lib/gcc/arm-none-eabi/4.8.3/armv7-m/crtend.o

.glue_7         0x00005ee8        0x0
 .glue_7        0x00000000        0x0 linker stubs

.glue_7t        0x00005ee8        0x0
 .glue_7t       0x00000000        0x0 linker stubs

.vfp11_veneer   0x00005ee8        0x0
 .vfp11_veneer  0x00000000        0x0 linker stubs

.v4_bx          0x00005ee8        0x0
 .v4_bx         0x00000000        0x0 linker stubs

.iplt           0x00005ee8        0x0
 .iplt          0x00000000        0x0 c:/siliconlabs/simplicitystudio/v3/developer/toolchains/gnu_arm/4.8_2013q4/bin/../lib/gcc/arm-none-eabi/4.8.3/armv7-m/crtbegin.o

.ARM.extab
 *(.ARM.extab* .gnu.linkonce.armextab.*)
                0x00005ee8                __exidx_start = .

.ARM.exidx      0x00005ee8        0x8
 *(.ARM.exidx* .gnu.linkonce.armexidx.*)
 .ARM.exidx     0x00005ee8        0x8 c:/siliconlabs/simplicitystudio/v3/developer/toolchains/gnu_arm/4.8_2013q4/bin/../lib/gcc/arm-none-eabi/4.8.3/../../../../arm-none-eabi/lib/armv7-m/crt0.o
 .ARM.exidx     0x00005ef0        0x0 c:/siliconlabs/simplicitystudio/v3/developer/toolchains/gnu_arm/4.8_2013q4/bin/../lib/gcc/arm-none-eabi/4.8.3/armv7-m\libgcc.a(_divdi3.o)
                                  0x8 (size before relaxing)
 .ARM.exidx     0x00005ef0        0x0 c:/siliconlabs/simplicitystudio/v3/developer/toolchains/gnu_arm/4.8_2013q4/bin/../lib/gcc/arm-none-eabi/4.8.3/armv7-m\libgcc.a(_udivdi3.o)
                                  0x8 (size before relaxing)
                0x00005ef0                __exidx_end = .
                0x00005ef0                __etext = .

.rel.dyn        0x00005ef0        0x0
 .rel.iplt      0x00000000        0x0 c:/siliconlabs/simplicitystudio/v3/developer/toolchains/gnu_arm/4.8_2013q4/bin/../lib/gcc/arm-none-eabi/4.8.3/armv7-m/crtbegin.o

.data           0x20000000      0x164 load address 0x00005ef0
                0x20000000                __data_start__ = .
 *(dma)
                0x20000000                PROVIDE (__start_vector_table__, .)
                0x200000e0                . = (. + __vector_size)
 *fill*         0x20000000       0xe0 
                0x200000e0                PROVIDE (__end_vector_table__, .)
 *(vtable)
 *(.data*)
 .data          0x200000e0        0x4 c:/siliconlabs/simplicitystudio/v3/developer/toolchains/gnu_arm/4.8_2013q4/bin/../lib/gcc/arm-none-eabi/4.8.3/armv7-m/crtbegin.o
                0x200000e0                __dso_handle
 .data.ticker_cnt
                0x200000e4        0x4 ./mbed/targets/hal/TARGET_Silicon_Labs/TARGET_EFM32/us_ticker.o
 .data.SystemHFXOClock
                0x200000e8        0x4 ./mbed/targets/cmsis/TARGET_Silicon_Labs/TARGET_EFM32/TARGET_EFM32LG_STK3600/system_efm32lg.o
 .data.SystemLFXOClock
                0x200000ec        0x4 ./mbed/targets/cmsis/TARGET_Silicon_Labs/TARGET_EFM32/TARGET_EFM32LG_STK3600/system_efm32lg.o
 .data._ZZ5_sbrkE4heap
                0x200000f0        0x4 ./mbed/common/retarget.o
 .data.impure_data
                0x200000f4       0x60 c:/siliconlabs/simplicitystudio/v3/developer/toolchains/gnu_arm/4.8_2013q4/bin/../lib/gcc/arm-none-eabi/4.8.3/../../../../arm-none-eabi/lib/armv7-m\libc_s.a(lib_a-impure.o)
 .data._impure_ptr
                0x20000154        0x4 c:/siliconlabs/simplicitystudio/v3/developer/toolchains/gnu_arm/4.8_2013q4/bin/../lib/gcc/arm-none-eabi/4.8.3/../../../../arm-none-eabi/lib/armv7-m\libc_s.a(lib_a-impure.o)
                0x20000154                _impure_ptr
                0x20000158                . = ALIGN (0x4)
 *(.ram)
                0x20000158                . = ALIGN (0x4)
                0x20000158                PROVIDE (__preinit_array_start, .)
 *(.preinit_array)
                0x20000158                PROVIDE (__preinit_array_end, .)
                0x20000158                . = ALIGN (0x4)
                0x20000158                PROVIDE (__init_array_start, .)
 *(SORT(.init_array.*))
 *(.init_array)
 .init_array    0x20000158        0x4 c:/siliconlabs/simplicitystudio/v3/developer/toolchains/gnu_arm/4.8_2013q4/bin/../lib/gcc/arm-none-eabi/4.8.3/armv7-m/crtbegin.o
 .init_array    0x2000015c        0x4 ./mbed/common/SPI.o
                0x20000160                PROVIDE (__init_array_end, .)
                0x20000160                . = ALIGN (0x4)
                0x20000160                PROVIDE (__fini_array_start, .)
 *(SORT(.fini_array.*))
 *(.fini_array)
 .fini_array    0x20000160        0x4 c:/siliconlabs/simplicitystudio/v3/developer/toolchains/gnu_arm/4.8_2013q4/bin/../lib/gcc/arm-none-eabi/4.8.3/armv7-m/crtbegin.o
                0x20000164                PROVIDE (__fini_array_end, .)
                0x20000164                . = ALIGN (0x4)
                0x20000164                __data_end__ = .

.jcr            0x20000164        0x0 load address 0x00006054
 .jcr           0x20000164        0x0 c:/siliconlabs/simplicitystudio/v3/developer/toolchains/gnu_arm/4.8_2013q4/bin/../lib/gcc/arm-none-eabi/4.8.3/armv7-m/crtbegin.o

.igot.plt       0x20000164        0x0 load address 0x00006054
 .igot.plt      0x00000000        0x0 c:/siliconlabs/simplicitystudio/v3/developer/toolchains/gnu_arm/4.8_2013q4/bin/../lib/gcc/arm-none-eabi/4.8.3/armv7-m/crtbegin.o

.bss            0x20000164      0x310 load address 0x00006054
                0x20000164                __bss_start__ = .
 *(.bss*)
 .bss           0x20000164       0x1c c:/siliconlabs/simplicitystudio/v3/developer/toolchains/gnu_arm/4.8_2013q4/bin/../lib/gcc/arm-none-eabi/4.8.3/armv7-m/crtbegin.o
 .bss.cmuStatus
                0x20000180        0x4 ./mbed/targets/hal/TARGET_Silicon_Labs/TARGET_EFM32/emlib/src/em_emu.o
 .bss.INT_LockCnt
                0x20000184        0x4 ./mbed/targets/hal/TARGET_Silicon_Labs/TARGET_EFM32/emlib/src/em_int.o
                0x20000184                INT_LockCnt
 .bss.channel_ids
                0x20000188       0x40 ./mbed/targets/hal/TARGET_Silicon_Labs/TARGET_EFM32/gpio_irq_api.o
 .bss.channel_ports
                0x200001c8        0x8 ./mbed/targets/hal/TARGET_Silicon_Labs/TARGET_EFM32/gpio_irq_api.o
 .bss.irq_handler
                0x200001d0        0x4 ./mbed/targets/hal/TARGET_Silicon_Labs/TARGET_EFM32/gpio_irq_api.o
 .bss.gpio_clock_inited
                0x200001d4        0x4 ./mbed/targets/hal/TARGET_Silicon_Labs/TARGET_EFM32/pinmap.o
 .bss.time_extend
                0x200001d8        0x4 ./mbed/targets/hal/TARGET_Silicon_Labs/TARGET_EFM32/rtc_api.o
 .bss.comp0_handler
                0x200001dc        0x4 ./mbed/targets/hal/TARGET_Silicon_Labs/TARGET_EFM32/rtc_api.o
 .bss.serial_irq_ids
                0x200001e0       0x1c ./mbed/targets/hal/TARGET_Silicon_Labs/TARGET_EFM32/serial_api.o
 .bss.irq_handler
                0x200001fc        0x4 ./mbed/targets/hal/TARGET_Silicon_Labs/TARGET_EFM32/serial_api.o
 .bss.stdio_uart_inited
                0x20000200        0x4 ./mbed/targets/hal/TARGET_Silicon_Labs/TARGET_EFM32/serial_api.o
                0x20000200                stdio_uart_inited
 .bss.stdio_uart
                0x20000204       0x5c ./mbed/targets/hal/TARGET_Silicon_Labs/TARGET_EFM32/serial_api.o
                0x20000204                stdio_uart
 .bss.sleep_block_counter
                0x20000260       0x14 ./mbed/targets/hal/TARGET_Silicon_Labs/TARGET_EFM32/sleep.o
                0x20000260                sleep_block_counter
 .bss.us_ticker_inited
                0x20000274        0x1 ./mbed/targets/hal/TARGET_Silicon_Labs/TARGET_EFM32/us_ticker.o
 *fill*         0x20000275        0x1 
 .bss.ticker_int_rem
                0x20000276        0x2 ./mbed/targets/hal/TARGET_Silicon_Labs/TARGET_EFM32/us_ticker.o
 .bss.ticker_int_cnt
                0x20000278        0x4 ./mbed/targets/hal/TARGET_Silicon_Labs/TARGET_EFM32/us_ticker.o
 .bss.ticker_freq_mhz
                0x2000027c        0x1 ./mbed/targets/hal/TARGET_Silicon_Labs/TARGET_EFM32/us_ticker.o
 *fill*         0x2000027d        0x3 
 .bss.SystemCoreClock
                0x20000280        0x4 ./mbed/targets/cmsis/TARGET_Silicon_Labs/TARGET_EFM32/TARGET_EFM32LG_STK3600/system_efm32lg.o
                0x20000280                SystemCoreClock
 .bss._ZN4mbed3SPI19_transaction_bufferE
                0x20000284       0xdc ./mbed/common/SPI.o
                0x20000284                mbed::SPI::_transaction_buffer
 .bss._ZL11filehandles
                0x20000360      0x100 ./mbed/common/retarget.o
 .bss.events    0x20000460        0x8 ./mbed/common/us_ticker_api.o
 .bss.__malloc_sbrk_start
                0x20000468        0x4 c:/siliconlabs/simplicitystudio/v3/developer/toolchains/gnu_arm/4.8_2013q4/bin/../lib/gcc/arm-none-eabi/4.8.3/../../../../arm-none-eabi/lib/armv7-m\libc_s.a(lib_a-nano-mallocr.o)
                0x20000468                __malloc_sbrk_start
 .bss.__malloc_free_list
                0x2000046c        0x4 c:/siliconlabs/simplicitystudio/v3/developer/toolchains/gnu_arm/4.8_2013q4/bin/../lib/gcc/arm-none-eabi/4.8.3/../../../../arm-none-eabi/lib/armv7-m\libc_s.a(lib_a-nano-mallocr.o)
                0x2000046c                __malloc_free_list
 *(COMMON)
 COMMON         0x20000470        0x4 c:/siliconlabs/simplicitystudio/v3/developer/toolchains/gnu_arm/4.8_2013q4/bin/../lib/gcc/arm-none-eabi/4.8.3/../../../../arm-none-eabi/lib/armv7-m\libnosys.a(errno.o)
                0x20000470                errno
                0x20000474                __bss_end__ = .

.heap           0x20000478      0xc00
                0x20000478                __end__ = .
                0x20000478                end = __end__
                0x20000478                _end = __end__
 *(.heap*)
 .heap          0x20000478      0xc00 ./mbed/targets/cmsis/TARGET_Silicon_Labs/TARGET_EFM32/TARGET_EFM32LG_STK3600/TOOLCHAIN_GCC_ARM/startup_efm32lg.o
                0x20000478                __HeapBase
                0x20001078                __HeapLimit = .

.stack_dummy    0x20000478      0x400
 *(.stack)
 .stack         0x20000478      0x400 ./mbed/targets/cmsis/TARGET_Silicon_Labs/TARGET_EFM32/TARGET_EFM32LG_STK3600/TOOLCHAIN_GCC_ARM/startup_efm32lg.o
                0x20008000                __StackTop = (ORIGIN (RAM) + 0x8000)
                0x20007c00                __StackLimit = (__StackTop - SIZEOF (.stack_dummy))
                0x20008000                PROVIDE (__stack, __StackTop)
                0x00000001                ASSERT ((__StackLimit >= __HeapLimit), region RAM overflowed with stack)
OUTPUT(Assignment_2_ACMP.axf elf32-littlearm)

.ARM.attributes
                0x00000000       0x29
 .ARM.attributes
                0x00000000       0x1d c:/siliconlabs/simplicitystudio/v3/developer/toolchains/gnu_arm/4.8_2013q4/bin/../lib/gcc/arm-none-eabi/4.8.3/armv7-m/crti.o
 .ARM.attributes
                0x0000001d       0x2d c:/siliconlabs/simplicitystudio/v3/developer/toolchains/gnu_arm/4.8_2013q4/bin/../lib/gcc/arm-none-eabi/4.8.3/armv7-m/crtbegin.o
 .ARM.attributes
                0x0000004a       0x1b c:/siliconlabs/simplicitystudio/v3/developer/toolchains/gnu_arm/4.8_2013q4/bin/../lib/gcc/arm-none-eabi/4.8.3/../../../../arm-none-eabi/lib/armv7-m/crt0.o
 .ARM.attributes
                0x00000065       0x33 ./mbed/targets/hal/TARGET_Silicon_Labs/TARGET_EFM32/emlib/src/em_acmp.o
 .ARM.attributes
                0x00000098       0x33 ./mbed/targets/hal/TARGET_Silicon_Labs/TARGET_EFM32/emlib/src/em_cmu.o
 .ARM.attributes
                0x000000cb       0x33 ./mbed/targets/hal/TARGET_Silicon_Labs/TARGET_EFM32/emlib/src/em_dac.o
 .ARM.attributes
                0x000000fe       0x33 ./mbed/targets/hal/TARGET_Silicon_Labs/TARGET_EFM32/emlib/src/em_dma.o
 .ARM.attributes
                0x00000131       0x33 ./mbed/targets/hal/TARGET_Silicon_Labs/TARGET_EFM32/emlib/src/em_emu.o
 .ARM.attributes
                0x00000164       0x33 ./mbed/targets/hal/TARGET_Silicon_Labs/TARGET_EFM32/emlib/src/em_gpio.o
 .ARM.attributes
                0x00000197       0x33 ./mbed/targets/hal/TARGET_Silicon_Labs/TARGET_EFM32/emlib/src/em_int.o
 .ARM.attributes
                0x000001ca       0x33 ./mbed/targets/hal/TARGET_Silicon_Labs/TARGET_EFM32/emlib/src/em_letimer.o
 .ARM.attributes
                0x000001fd       0x33 ./mbed/targets/hal/TARGET_Silicon_Labs/TARGET_EFM32/emlib/src/em_leuart.o
 .ARM.attributes
                0x00000230       0x33 ./mbed/targets/hal/TARGET_Silicon_Labs/TARGET_EFM32/emlib/src/em_system.o
 .ARM.attributes
                0x00000263       0x33 ./mbed/targets/hal/TARGET_Silicon_Labs/TARGET_EFM32/emlib/src/em_timer.o
 .ARM.attributes
                0x00000296       0x33 ./mbed/targets/hal/TARGET_Silicon_Labs/TARGET_EFM32/emlib/src/em_usart.o
 .ARM.attributes
                0x000002c9       0x33 ./mbed/targets/hal/TARGET_Silicon_Labs/TARGET_EFM32/TARGET_EFM32LG_STK3600/PeripheralPins.o
 .ARM.attributes
                0x000002fc       0x33 ./mbed/targets/hal/TARGET_Silicon_Labs/TARGET_EFM32/gpio_api.o
 .ARM.attributes
                0x0000032f       0x33 ./mbed/targets/hal/TARGET_Silicon_Labs/TARGET_EFM32/gpio_irq_api.o
 .ARM.attributes
                0x00000362       0x33 ./mbed/targets/hal/TARGET_Silicon_Labs/TARGET_EFM32/pinmap.o
 .ARM.attributes
                0x00000395       0x33 ./mbed/targets/hal/TARGET_Silicon_Labs/TARGET_EFM32/pinmap_function.o
 .ARM.attributes
                0x000003c8       0x33 ./mbed/targets/hal/TARGET_Silicon_Labs/TARGET_EFM32/rtc_api.o
 .ARM.attributes
                0x000003fb       0x33 ./mbed/targets/hal/TARGET_Silicon_Labs/TARGET_EFM32/serial_api.o
 .ARM.attributes
                0x0000042e       0x33 ./mbed/targets/hal/TARGET_Silicon_Labs/TARGET_EFM32/sleep.o
 .ARM.attributes
                0x00000461       0x33 ./mbed/targets/hal/TARGET_Silicon_Labs/TARGET_EFM32/us_ticker.o
 .ARM.attributes
                0x00000494       0x1b ./mbed/targets/cmsis/TARGET_Silicon_Labs/TARGET_EFM32/TARGET_EFM32LG_STK3600/TOOLCHAIN_GCC_ARM/startup_efm32lg.o
 .ARM.attributes
                0x000004af       0x33 ./mbed/targets/cmsis/TARGET_Silicon_Labs/TARGET_EFM32/TARGET_EFM32LG_STK3600/cmsis_nvic.o
 .ARM.attributes
                0x000004e2       0x33 ./mbed/targets/cmsis/TARGET_Silicon_Labs/TARGET_EFM32/TARGET_EFM32LG_STK3600/system_efm32lg.o
 .ARM.attributes
                0x00000515       0x33 ./mbed/common/I2C.o
 .ARM.attributes
                0x00000548       0x33 ./mbed/common/SPI.o
 .ARM.attributes
                0x0000057b       0x33 ./mbed/common/assert.o
 .ARM.attributes
                0x000005ae       0x33 ./mbed/common/board.o
 .ARM.attributes
                0x000005e1       0x33 ./mbed/common/error.o
 .ARM.attributes
                0x00000614       0x33 ./mbed/common/gpio.o
 .ARM.attributes
                0x00000647       0x33 ./mbed/common/pinmap_common.o
 .ARM.attributes
                0x0000067a       0x33 ./mbed/common/retarget.o
 .ARM.attributes
                0x000006ad       0x33 ./mbed/common/ticker_api.o
 .ARM.attributes
                0x000006e0       0x33 ./mbed/common/us_ticker_api.o
 .ARM.attributes
                0x00000713       0x33 ./mbed/common/wait_api.o
 .ARM.attributes
                0x00000746       0x2d c:/siliconlabs/simplicitystudio/v3/developer/toolchains/gnu_arm/4.8_2013q4/bin/../lib/gcc/arm-none-eabi/4.8.3/../../../../arm-none-eabi/lib/armv7-m\libstdc++_s.a(atexit_arm.o)
 .ARM.attributes
                0x00000773       0x2d c:/siliconlabs/simplicitystudio/v3/developer/toolchains/gnu_arm/4.8_2013q4/bin/../lib/gcc/arm-none-eabi/4.8.3/../../../../arm-none-eabi/lib/armv7-m\libnosys.a(errno.o)
 .ARM.attributes
                0x000007a0       0x1d c:/siliconlabs/simplicitystudio/v3/developer/toolchains/gnu_arm/4.8_2013q4/bin/../lib/gcc/arm-none-eabi/4.8.3/armv7-m\libgcc.a(_aeabi_uldivmod.o)
 .ARM.attributes
                0x000007bd       0x2d c:/siliconlabs/simplicitystudio/v3/developer/toolchains/gnu_arm/4.8_2013q4/bin/../lib/gcc/arm-none-eabi/4.8.3/armv7-m\libgcc.a(bpabi.o)
 .ARM.attributes
                0x000007ea       0x1d c:/siliconlabs/simplicitystudio/v3/developer/toolchains/gnu_arm/4.8_2013q4/bin/../lib/gcc/arm-none-eabi/4.8.3/armv7-m\libgcc.a(_dvmd_tls.o)
 .ARM.attributes
                0x00000807       0x2d c:/siliconlabs/simplicitystudio/v3/developer/toolchains/gnu_arm/4.8_2013q4/bin/../lib/gcc/arm-none-eabi/4.8.3/armv7-m\libgcc.a(_divdi3.o)
 .ARM.attributes
                0x00000834       0x2d c:/siliconlabs/simplicitystudio/v3/developer/toolchains/gnu_arm/4.8_2013q4/bin/../lib/gcc/arm-none-eabi/4.8.3/armv7-m\libgcc.a(_udivdi3.o)
 .ARM.attributes
                0x00000861       0x33 ./src/main.o
 .ARM.attributes
                0x00000894       0x2d c:/siliconlabs/simplicitystudio/v3/developer/toolchains/gnu_arm/4.8_2013q4/bin/../lib/gcc/arm-none-eabi/4.8.3/../../../../arm-none-eabi/lib/armv7-m\libc_s.a(lib_a-cxa_atexit.o)
 .ARM.attributes
                0x000008c1       0x2d c:/siliconlabs/simplicitystudio/v3/developer/toolchains/gnu_arm/4.8_2013q4/bin/../lib/gcc/arm-none-eabi/4.8.3/../../../../arm-none-eabi/lib/armv7-m\libc_s.a(lib_a-errno.o)
 .ARM.attributes
                0x000008ee       0x2d c:/siliconlabs/simplicitystudio/v3/developer/toolchains/gnu_arm/4.8_2013q4/bin/../lib/gcc/arm-none-eabi/4.8.3/../../../../arm-none-eabi/lib/armv7-m\libc_s.a(lib_a-exit.o)
 .ARM.attributes
                0x0000091b       0x2d c:/siliconlabs/simplicitystudio/v3/developer/toolchains/gnu_arm/4.8_2013q4/bin/../lib/gcc/arm-none-eabi/4.8.3/../../../../arm-none-eabi/lib/armv7-m\libc_s.a(lib_a-fflush.o)
 .ARM.attributes
                0x00000948       0x2d c:/siliconlabs/simplicitystudio/v3/developer/toolchains/gnu_arm/4.8_2013q4/bin/../lib/gcc/arm-none-eabi/4.8.3/../../../../arm-none-eabi/lib/armv7-m\libc_s.a(lib_a-findfp.o)
 .ARM.attributes
                0x00000975       0x2d c:/siliconlabs/simplicitystudio/v3/developer/toolchains/gnu_arm/4.8_2013q4/bin/../lib/gcc/arm-none-eabi/4.8.3/../../../../arm-none-eabi/lib/armv7-m\libc_s.a(lib_a-fwalk.o)
 .ARM.attributes
                0x000009a2       0x2d c:/siliconlabs/simplicitystudio/v3/developer/toolchains/gnu_arm/4.8_2013q4/bin/../lib/gcc/arm-none-eabi/4.8.3/../../../../arm-none-eabi/lib/armv7-m\libc_s.a(lib_a-impure.o)
 .ARM.attributes
                0x000009cf       0x2d c:/siliconlabs/simplicitystudio/v3/developer/toolchains/gnu_arm/4.8_2013q4/bin/../lib/gcc/arm-none-eabi/4.8.3/../../../../arm-none-eabi/lib/armv7-m\libc_s.a(lib_a-init.o)
 .ARM.attributes
                0x000009fc       0x2d c:/siliconlabs/simplicitystudio/v3/developer/toolchains/gnu_arm/4.8_2013q4/bin/../lib/gcc/arm-none-eabi/4.8.3/../../../../arm-none-eabi/lib/armv7-m\libc_s.a(lib_a-makebuf.o)
 .ARM.attributes
                0x00000a29       0x2d c:/siliconlabs/simplicitystudio/v3/developer/toolchains/gnu_arm/4.8_2013q4/bin/../lib/gcc/arm-none-eabi/4.8.3/../../../../arm-none-eabi/lib/armv7-m\libc_s.a(lib_a-memchr-stub.o)
 .ARM.attributes
                0x00000a56       0x2d c:/siliconlabs/simplicitystudio/v3/developer/toolchains/gnu_arm/4.8_2013q4/bin/../lib/gcc/arm-none-eabi/4.8.3/../../../../arm-none-eabi/lib/armv7-m\libc_s.a(lib_a-memcpy-stub.o)
 .ARM.attributes
                0x00000a83       0x2d c:/siliconlabs/simplicitystudio/v3/developer/toolchains/gnu_arm/4.8_2013q4/bin/../lib/gcc/arm-none-eabi/4.8.3/../../../../arm-none-eabi/lib/armv7-m\libc_s.a(lib_a-memset.o)
 .ARM.attributes
                0x00000ab0       0x2d c:/siliconlabs/simplicitystudio/v3/developer/toolchains/gnu_arm/4.8_2013q4/bin/../lib/gcc/arm-none-eabi/4.8.3/../../../../arm-none-eabi/lib/armv7-m\libc_s.a(lib_a-nano-freer.o)
 .ARM.attributes
                0x00000add       0x2d c:/siliconlabs/simplicitystudio/v3/developer/toolchains/gnu_arm/4.8_2013q4/bin/../lib/gcc/arm-none-eabi/4.8.3/../../../../arm-none-eabi/lib/armv7-m\libc_s.a(lib_a-nano-mallocr.o)
 .ARM.attributes
                0x00000b0a       0x2d c:/siliconlabs/simplicitystudio/v3/developer/toolchains/gnu_arm/4.8_2013q4/bin/../lib/gcc/arm-none-eabi/4.8.3/../../../../arm-none-eabi/lib/armv7-m\libc_s.a(lib_a-sbrkr.o)
 .ARM.attributes
                0x00000b37       0x2d c:/siliconlabs/simplicitystudio/v3/developer/toolchains/gnu_arm/4.8_2013q4/bin/../lib/gcc/arm-none-eabi/4.8.3/../../../../arm-none-eabi/lib/armv7-m\libc_s.a(lib_a-stdio.o)
 .ARM.attributes
                0x00000b64       0x2d c:/siliconlabs/simplicitystudio/v3/developer/toolchains/gnu_arm/4.8_2013q4/bin/../lib/gcc/arm-none-eabi/4.8.3/../../../../arm-none-eabi/lib/armv7-m\libc_s.a(lib_a-strlen.o)
 .ARM.attributes
                0x00000b91       0x2d c:/siliconlabs/simplicitystudio/v3/developer/toolchains/gnu_arm/4.8_2013q4/bin/../lib/gcc/arm-none-eabi/4.8.3/../../../../arm-none-eabi/lib/armv7-m\libc_s.a(lib_a-vfprintf.o)
 .ARM.attributes
                0x00000bbe       0x2d c:/siliconlabs/simplicitystudio/v3/developer/toolchains/gnu_arm/4.8_2013q4/bin/../lib/gcc/arm-none-eabi/4.8.3/../../../../arm-none-eabi/lib/armv7-m\libc_s.a(lib_a-vfprintf_i.o)
 .ARM.attributes
                0x00000beb       0x2d c:/siliconlabs/simplicitystudio/v3/developer/toolchains/gnu_arm/4.8_2013q4/bin/../lib/gcc/arm-none-eabi/4.8.3/../../../../arm-none-eabi/lib/armv7-m\libc_s.a(lib_a-wbuf.o)
 .ARM.attributes
                0x00000c18       0x2d c:/siliconlabs/simplicitystudio/v3/developer/toolchains/gnu_arm/4.8_2013q4/bin/../lib/gcc/arm-none-eabi/4.8.3/../../../../arm-none-eabi/lib/armv7-m\libc_s.a(lib_a-writer.o)
 .ARM.attributes
                0x00000c45       0x2d c:/siliconlabs/simplicitystudio/v3/developer/toolchains/gnu_arm/4.8_2013q4/bin/../lib/gcc/arm-none-eabi/4.8.3/../../../../arm-none-eabi/lib/armv7-m\libc_s.a(lib_a-wsetup.o)
 .ARM.attributes
                0x00000c72       0x2d c:/siliconlabs/simplicitystudio/v3/developer/toolchains/gnu_arm/4.8_2013q4/bin/../lib/gcc/arm-none-eabi/4.8.3/../../../../arm-none-eabi/lib/armv7-m\libc_s.a(lib_a-closer.o)
 .ARM.attributes
                0x00000c9f       0x2d c:/siliconlabs/simplicitystudio/v3/developer/toolchains/gnu_arm/4.8_2013q4/bin/../lib/gcc/arm-none-eabi/4.8.3/../../../../arm-none-eabi/lib/armv7-m\libc_s.a(lib_a-fstatr.o)
 .ARM.attributes
                0x00000ccc       0x2d c:/siliconlabs/simplicitystudio/v3/developer/toolchains/gnu_arm/4.8_2013q4/bin/../lib/gcc/arm-none-eabi/4.8.3/../../../../arm-none-eabi/lib/armv7-m\libc_s.a(lib_a-isattyr.o)
 .ARM.attributes
                0x00000cf9       0x2d c:/siliconlabs/simplicitystudio/v3/developer/toolchains/gnu_arm/4.8_2013q4/bin/../lib/gcc/arm-none-eabi/4.8.3/../../../../arm-none-eabi/lib/armv7-m\libc_s.a(lib_a-lseekr.o)
 .ARM.attributes
                0x00000d26       0x2d c:/siliconlabs/simplicitystudio/v3/developer/toolchains/gnu_arm/4.8_2013q4/bin/../lib/gcc/arm-none-eabi/4.8.3/../../../../arm-none-eabi/lib/armv7-m\libc_s.a(lib_a-readr.o)
 .ARM.attributes
                0x00000d53       0x2d c:/siliconlabs/simplicitystudio/v3/developer/toolchains/gnu_arm/4.8_2013q4/bin/../lib/gcc/arm-none-eabi/4.8.3/armv7-m/crtend.o
 .ARM.attributes
                0x00000d80       0x1d c:/siliconlabs/simplicitystudio/v3/developer/toolchains/gnu_arm/4.8_2013q4/bin/../lib/gcc/arm-none-eabi/4.8.3/armv7-m/crtn.o

.comment        0x00000000       0x70
 .comment       0x00000000       0x70 ./mbed/targets/hal/TARGET_Silicon_Labs/TARGET_EFM32/emlib/src/em_acmp.o
                                 0x71 (size before relaxing)
 .comment       0x00000000       0x71 ./mbed/targets/hal/TARGET_Silicon_Labs/TARGET_EFM32/emlib/src/em_cmu.o
 .comment       0x00000000       0x71 ./mbed/targets/hal/TARGET_Silicon_Labs/TARGET_EFM32/emlib/src/em_dac.o
 .comment       0x00000000       0x71 ./mbed/targets/hal/TARGET_Silicon_Labs/TARGET_EFM32/emlib/src/em_dma.o
 .comment       0x00000000       0x71 ./mbed/targets/hal/TARGET_Silicon_Labs/TARGET_EFM32/emlib/src/em_emu.o
 .comment       0x00000000       0x71 ./mbed/targets/hal/TARGET_Silicon_Labs/TARGET_EFM32/emlib/src/em_gpio.o
 .comment       0x00000000       0x71 ./mbed/targets/hal/TARGET_Silicon_Labs/TARGET_EFM32/emlib/src/em_int.o
 .comment       0x00000000       0x71 ./mbed/targets/hal/TARGET_Silicon_Labs/TARGET_EFM32/emlib/src/em_letimer.o
 .comment       0x00000000       0x71 ./mbed/targets/hal/TARGET_Silicon_Labs/TARGET_EFM32/emlib/src/em_leuart.o
 .comment       0x00000000       0x71 ./mbed/targets/hal/TARGET_Silicon_Labs/TARGET_EFM32/emlib/src/em_system.o
 .comment       0x00000000       0x71 ./mbed/targets/hal/TARGET_Silicon_Labs/TARGET_EFM32/emlib/src/em_timer.o
 .comment       0x00000000       0x71 ./mbed/targets/hal/TARGET_Silicon_Labs/TARGET_EFM32/emlib/src/em_usart.o
 .comment       0x00000000       0x71 ./mbed/targets/hal/TARGET_Silicon_Labs/TARGET_EFM32/TARGET_EFM32LG_STK3600/PeripheralPins.o
 .comment       0x00000000       0x71 ./mbed/targets/hal/TARGET_Silicon_Labs/TARGET_EFM32/gpio_api.o
 .comment       0x00000000       0x71 ./mbed/targets/hal/TARGET_Silicon_Labs/TARGET_EFM32/gpio_irq_api.o
 .comment       0x00000000       0x71 ./mbed/targets/hal/TARGET_Silicon_Labs/TARGET_EFM32/pinmap.o
 .comment       0x00000000       0x71 ./mbed/targets/hal/TARGET_Silicon_Labs/TARGET_EFM32/pinmap_function.o
 .comment       0x00000000       0x71 ./mbed/targets/hal/TARGET_Silicon_Labs/TARGET_EFM32/rtc_api.o
 .comment       0x00000000       0x71 ./mbed/targets/hal/TARGET_Silicon_Labs/TARGET_EFM32/serial_api.o
 .comment       0x00000000       0x71 ./mbed/targets/hal/TARGET_Silicon_Labs/TARGET_EFM32/sleep.o
 .comment       0x00000000       0x71 ./mbed/targets/hal/TARGET_Silicon_Labs/TARGET_EFM32/us_ticker.o
 .comment       0x00000000       0x71 ./mbed/targets/cmsis/TARGET_Silicon_Labs/TARGET_EFM32/TARGET_EFM32LG_STK3600/cmsis_nvic.o
 .comment       0x00000000       0x71 ./mbed/targets/cmsis/TARGET_Silicon_Labs/TARGET_EFM32/TARGET_EFM32LG_STK3600/system_efm32lg.o
 .comment       0x00000000       0x71 ./mbed/common/I2C.o
 .comment       0x00000000       0x71 ./mbed/common/SPI.o
 .comment       0x00000000       0x71 ./mbed/common/assert.o
 .comment       0x00000000       0x71 ./mbed/common/board.o
 .comment       0x00000000       0x71 ./mbed/common/error.o
 .comment       0x00000000       0x71 ./mbed/common/gpio.o
 .comment       0x00000000       0x71 ./mbed/common/pinmap_common.o
 .comment       0x00000000       0x71 ./mbed/common/retarget.o
 .comment       0x00000000       0x71 ./mbed/common/ticker_api.o
 .comment       0x00000000       0x71 ./mbed/common/us_ticker_api.o
 .comment       0x00000000       0x71 ./mbed/common/wait_api.o
 .comment       0x00000000       0x71 ./src/main.o

.debug_info     0x00000000    0x1ca79
 .debug_info    0x00000000      0x5bf ./mbed/targets/hal/TARGET_Silicon_Labs/TARGET_EFM32/emlib/src/em_acmp.o
 .debug_info    0x000005bf     0x10db ./mbed/targets/hal/TARGET_Silicon_Labs/TARGET_EFM32/emlib/src/em_cmu.o
 .debug_info    0x0000169a      0x8d4 ./mbed/targets/hal/TARGET_Silicon_Labs/TARGET_EFM32/emlib/src/em_dac.o
 .debug_info    0x00001f6e     0x127f ./mbed/targets/hal/TARGET_Silicon_Labs/TARGET_EFM32/emlib/src/em_dma.o
 .debug_info    0x000031ed      0xd97 ./mbed/targets/hal/TARGET_Silicon_Labs/TARGET_EFM32/emlib/src/em_emu.o
 .debug_info    0x00003f84      0x4d0 ./mbed/targets/hal/TARGET_Silicon_Labs/TARGET_EFM32/emlib/src/em_gpio.o
 .debug_info    0x00004454       0xa2 ./mbed/targets/hal/TARGET_Silicon_Labs/TARGET_EFM32/emlib/src/em_int.o
 .debug_info    0x000044f6      0x4fe ./mbed/targets/hal/TARGET_Silicon_Labs/TARGET_EFM32/emlib/src/em_letimer.o
 .debug_info    0x000049f4      0x81f ./mbed/targets/hal/TARGET_Silicon_Labs/TARGET_EFM32/emlib/src/em_leuart.o
 .debug_info    0x00005213      0x241 ./mbed/targets/hal/TARGET_Silicon_Labs/TARGET_EFM32/emlib/src/em_system.o
 .debug_info    0x00005454      0x8c8 ./mbed/targets/hal/TARGET_Silicon_Labs/TARGET_EFM32/emlib/src/em_timer.o
 .debug_info    0x00005d1c      0xe6e ./mbed/targets/hal/TARGET_Silicon_Labs/TARGET_EFM32/emlib/src/em_usart.o
 .debug_info    0x00006b8a      0x629 ./mbed/targets/hal/TARGET_Silicon_Labs/TARGET_EFM32/TARGET_EFM32LG_STK3600/PeripheralPins.o
 .debug_info    0x000071b3      0xa5e ./mbed/targets/hal/TARGET_Silicon_Labs/TARGET_EFM32/gpio_api.o
 .debug_info    0x00007c11      0xe66 ./mbed/targets/hal/TARGET_Silicon_Labs/TARGET_EFM32/gpio_irq_api.o
 .debug_info    0x00008a77      0x8d4 ./mbed/targets/hal/TARGET_Silicon_Labs/TARGET_EFM32/pinmap.o
 .debug_info    0x0000934b      0x43e ./mbed/targets/hal/TARGET_Silicon_Labs/TARGET_EFM32/pinmap_function.o
 .debug_info    0x00009789      0x937 ./mbed/targets/hal/TARGET_Silicon_Labs/TARGET_EFM32/rtc_api.o
 .debug_info    0x0000a0c0     0x279c ./mbed/targets/hal/TARGET_Silicon_Labs/TARGET_EFM32/serial_api.o
 .debug_info    0x0000c85c      0x48a ./mbed/targets/hal/TARGET_Silicon_Labs/TARGET_EFM32/sleep.o
 .debug_info    0x0000cce6      0xc7d ./mbed/targets/hal/TARGET_Silicon_Labs/TARGET_EFM32/us_ticker.o
 .debug_info    0x0000d963      0x136 ./mbed/targets/cmsis/TARGET_Silicon_Labs/TARGET_EFM32/TARGET_EFM32LG_STK3600/TOOLCHAIN_GCC_ARM/startup_efm32lg.o
 .debug_info    0x0000da99      0x455 ./mbed/targets/cmsis/TARGET_Silicon_Labs/TARGET_EFM32/TARGET_EFM32LG_STK3600/cmsis_nvic.o
 .debug_info    0x0000deee      0x560 ./mbed/targets/cmsis/TARGET_Silicon_Labs/TARGET_EFM32/TARGET_EFM32LG_STK3600/system_efm32lg.o
 .debug_info    0x0000e44e     0x2b75 ./mbed/common/I2C.o
 .debug_info    0x00010fc3     0x356d ./mbed/common/SPI.o
 .debug_info    0x00014530       0x84 ./mbed/common/assert.o
 .debug_info    0x000145b4      0x4dc ./mbed/common/board.o
 .debug_info    0x00014a90      0x9db ./mbed/common/error.o
 .debug_info    0x0001546b      0x67e ./mbed/common/gpio.o
 .debug_info    0x00015ae9      0x5cf ./mbed/common/pinmap_common.o
 .debug_info    0x000160b8     0x2e72 ./mbed/common/retarget.o
 .debug_info    0x00018f2a      0x441 ./mbed/common/ticker_api.o
 .debug_info    0x0001936b      0x317 ./mbed/common/us_ticker_api.o
 .debug_info    0x00019682      0x13a ./mbed/common/wait_api.o
 .debug_info    0x000197bc     0x32bd ./src/main.o

.debug_abbrev   0x00000000     0x4327
 .debug_abbrev  0x00000000      0x15c ./mbed/targets/hal/TARGET_Silicon_Labs/TARGET_EFM32/emlib/src/em_acmp.o
 .debug_abbrev  0x0000015c      0x2e2 ./mbed/targets/hal/TARGET_Silicon_Labs/TARGET_EFM32/emlib/src/em_cmu.o
 .debug_abbrev  0x0000043e      0x1a6 ./mbed/targets/hal/TARGET_Silicon_Labs/TARGET_EFM32/emlib/src/em_dac.o
 .debug_abbrev  0x000005e4      0x23b ./mbed/targets/hal/TARGET_Silicon_Labs/TARGET_EFM32/emlib/src/em_dma.o
 .debug_abbrev  0x0000081f      0x261 ./mbed/targets/hal/TARGET_Silicon_Labs/TARGET_EFM32/emlib/src/em_emu.o
 .debug_abbrev  0x00000a80      0x138 ./mbed/targets/hal/TARGET_Silicon_Labs/TARGET_EFM32/emlib/src/em_gpio.o
 .debug_abbrev  0x00000bb8       0x5a ./mbed/targets/hal/TARGET_Silicon_Labs/TARGET_EFM32/emlib/src/em_int.o
 .debug_abbrev  0x00000c12      0x1a1 ./mbed/targets/hal/TARGET_Silicon_Labs/TARGET_EFM32/emlib/src/em_letimer.o
 .debug_abbrev  0x00000db3      0x1b9 ./mbed/targets/hal/TARGET_Silicon_Labs/TARGET_EFM32/emlib/src/em_leuart.o
 .debug_abbrev  0x00000f6c       0xed ./mbed/targets/hal/TARGET_Silicon_Labs/TARGET_EFM32/emlib/src/em_system.o
 .debug_abbrev  0x00001059      0x18c ./mbed/targets/hal/TARGET_Silicon_Labs/TARGET_EFM32/emlib/src/em_timer.o
 .debug_abbrev  0x000011e5      0x1b8 ./mbed/targets/hal/TARGET_Silicon_Labs/TARGET_EFM32/emlib/src/em_usart.o
 .debug_abbrev  0x0000139d       0xbd ./mbed/targets/hal/TARGET_Silicon_Labs/TARGET_EFM32/TARGET_EFM32LG_STK3600/PeripheralPins.o
 .debug_abbrev  0x0000145a      0x1b4 ./mbed/targets/hal/TARGET_Silicon_Labs/TARGET_EFM32/gpio_api.o
 .debug_abbrev  0x0000160e      0x2b6 ./mbed/targets/hal/TARGET_Silicon_Labs/TARGET_EFM32/gpio_irq_api.o
 .debug_abbrev  0x000018c4      0x158 ./mbed/targets/hal/TARGET_Silicon_Labs/TARGET_EFM32/pinmap.o
 .debug_abbrev  0x00001a1c       0xff ./mbed/targets/hal/TARGET_Silicon_Labs/TARGET_EFM32/pinmap_function.o
 .debug_abbrev  0x00001b1b      0x23d ./mbed/targets/hal/TARGET_Silicon_Labs/TARGET_EFM32/rtc_api.o
 .debug_abbrev  0x00001d58      0x363 ./mbed/targets/hal/TARGET_Silicon_Labs/TARGET_EFM32/serial_api.o
 .debug_abbrev  0x000020bb      0x19d ./mbed/targets/hal/TARGET_Silicon_Labs/TARGET_EFM32/sleep.o
 .debug_abbrev  0x00002258      0x1e5 ./mbed/targets/hal/TARGET_Silicon_Labs/TARGET_EFM32/us_ticker.o
 .debug_abbrev  0x0000243d       0x14 ./mbed/targets/cmsis/TARGET_Silicon_Labs/TARGET_EFM32/TARGET_EFM32LG_STK3600/TOOLCHAIN_GCC_ARM/startup_efm32lg.o
 .debug_abbrev  0x00002451      0x13e ./mbed/targets/cmsis/TARGET_Silicon_Labs/TARGET_EFM32/TARGET_EFM32LG_STK3600/cmsis_nvic.o
 .debug_abbrev  0x0000258f      0x1a3 ./mbed/targets/cmsis/TARGET_Silicon_Labs/TARGET_EFM32/TARGET_EFM32LG_STK3600/system_efm32lg.o
 .debug_abbrev  0x00002732      0x48c ./mbed/common/I2C.o
 .debug_abbrev  0x00002bbe      0x55d ./mbed/common/SPI.o
 .debug_abbrev  0x0000311b       0x63 ./mbed/common/assert.o
 .debug_abbrev  0x0000317e       0xd0 ./mbed/common/board.o
 .debug_abbrev  0x0000324e      0x1aa ./mbed/common/error.o
 .debug_abbrev  0x000033f8      0x100 ./mbed/common/gpio.o
 .debug_abbrev  0x000034f8      0x119 ./mbed/common/pinmap_common.o
 .debug_abbrev  0x00003611      0x612 ./mbed/common/retarget.o
 .debug_abbrev  0x00003c23      0x17b ./mbed/common/ticker_api.o
 .debug_abbrev  0x00003d9e      0x112 ./mbed/common/us_ticker_api.o
 .debug_abbrev  0x00003eb0       0x89 ./mbed/common/wait_api.o
 .debug_abbrev  0x00003f39      0x3ee ./src/main.o

.debug_loc      0x00000000     0x3f76
 .debug_loc     0x00000000      0x138 ./mbed/targets/hal/TARGET_Silicon_Labs/TARGET_EFM32/emlib/src/em_acmp.o
 .debug_loc     0x00000138      0x430 ./mbed/targets/hal/TARGET_Silicon_Labs/TARGET_EFM32/emlib/src/em_cmu.o
 .debug_loc     0x00000568      0x150 ./mbed/targets/hal/TARGET_Silicon_Labs/TARGET_EFM32/emlib/src/em_dac.o
 .debug_loc     0x000006b8      0x2d4 ./mbed/targets/hal/TARGET_Silicon_Labs/TARGET_EFM32/emlib/src/em_dma.o
 .debug_loc     0x0000098c      0x208 ./mbed/targets/hal/TARGET_Silicon_Labs/TARGET_EFM32/emlib/src/em_emu.o
 .debug_loc     0x00000b94       0xc4 ./mbed/targets/hal/TARGET_Silicon_Labs/TARGET_EFM32/emlib/src/em_gpio.o
 .debug_loc     0x00000c58      0x10c ./mbed/targets/hal/TARGET_Silicon_Labs/TARGET_EFM32/emlib/src/em_letimer.o
 .debug_loc     0x00000d64      0x22c ./mbed/targets/hal/TARGET_Silicon_Labs/TARGET_EFM32/emlib/src/em_leuart.o
 .debug_loc     0x00000f90       0x40 ./mbed/targets/hal/TARGET_Silicon_Labs/TARGET_EFM32/emlib/src/em_system.o
 .debug_loc     0x00000fd0       0xec ./mbed/targets/hal/TARGET_Silicon_Labs/TARGET_EFM32/emlib/src/em_timer.o
 .debug_loc     0x000010bc      0x2d4 ./mbed/targets/hal/TARGET_Silicon_Labs/TARGET_EFM32/emlib/src/em_usart.o
 .debug_loc     0x00001390      0x19c ./mbed/targets/hal/TARGET_Silicon_Labs/TARGET_EFM32/gpio_api.o
 .debug_loc     0x0000152c      0x298 ./mbed/targets/hal/TARGET_Silicon_Labs/TARGET_EFM32/gpio_irq_api.o
 .debug_loc     0x000017c4       0x6c ./mbed/targets/hal/TARGET_Silicon_Labs/TARGET_EFM32/pinmap.o
 .debug_loc     0x00001830       0x4c ./mbed/targets/hal/TARGET_Silicon_Labs/TARGET_EFM32/pinmap_function.o
 .debug_loc     0x0000187c      0x21c ./mbed/targets/hal/TARGET_Silicon_Labs/TARGET_EFM32/rtc_api.o
 .debug_loc     0x00001a98      0xb42 ./mbed/targets/hal/TARGET_Silicon_Labs/TARGET_EFM32/serial_api.o
 .debug_loc     0x000025da       0xb8 ./mbed/targets/hal/TARGET_Silicon_Labs/TARGET_EFM32/sleep.o
 .debug_loc     0x00002692      0x204 ./mbed/targets/hal/TARGET_Silicon_Labs/TARGET_EFM32/us_ticker.o
 .debug_loc     0x00002896       0x40 ./mbed/targets/cmsis/TARGET_Silicon_Labs/TARGET_EFM32/TARGET_EFM32LG_STK3600/cmsis_nvic.o
 .debug_loc     0x000028d6       0xb0 ./mbed/targets/cmsis/TARGET_Silicon_Labs/TARGET_EFM32/TARGET_EFM32LG_STK3600/system_efm32lg.o
 .debug_loc     0x00002986      0x361 ./mbed/common/I2C.o
 .debug_loc     0x00002ce7      0x69f ./mbed/common/SPI.o
 .debug_loc     0x00003386       0x2c ./mbed/common/assert.o
 .debug_loc     0x000033b2       0x2c ./mbed/common/board.o
 .debug_loc     0x000033de       0x38 ./mbed/common/error.o
 .debug_loc     0x00003416      0x134 ./mbed/common/gpio.o
 .debug_loc     0x0000354a       0xf0 ./mbed/common/pinmap_common.o
 .debug_loc     0x0000363a      0x4e0 ./mbed/common/retarget.o
 .debug_loc     0x00003b1a       0xfc ./mbed/common/ticker_api.o
 .debug_loc     0x00003c16       0x20 ./mbed/common/us_ticker_api.o
 .debug_loc     0x00003c36       0x84 ./mbed/common/wait_api.o
 .debug_loc     0x00003cba      0x2bc ./src/main.o

.debug_aranges  0x00000000     0x1188
 .debug_aranges
                0x00000000       0x60 ./mbed/targets/hal/TARGET_Silicon_Labs/TARGET_EFM32/emlib/src/em_acmp.o
 .debug_aranges
                0x00000060      0x120 ./mbed/targets/hal/TARGET_Silicon_Labs/TARGET_EFM32/emlib/src/em_cmu.o
 .debug_aranges
                0x00000180       0x60 ./mbed/targets/hal/TARGET_Silicon_Labs/TARGET_EFM32/emlib/src/em_dac.o
 .debug_aranges
                0x000001e0       0xb8 ./mbed/targets/hal/TARGET_Silicon_Labs/TARGET_EFM32/emlib/src/em_dma.o
 .debug_aranges
                0x00000298       0xa8 ./mbed/targets/hal/TARGET_Silicon_Labs/TARGET_EFM32/emlib/src/em_emu.o
 .debug_aranges
                0x00000340       0x40 ./mbed/targets/hal/TARGET_Silicon_Labs/TARGET_EFM32/emlib/src/em_gpio.o
 .debug_aranges
                0x00000380       0x18 ./mbed/targets/hal/TARGET_Silicon_Labs/TARGET_EFM32/emlib/src/em_int.o
 .debug_aranges
                0x00000398       0x58 ./mbed/targets/hal/TARGET_Silicon_Labs/TARGET_EFM32/emlib/src/em_letimer.o
 .debug_aranges
                0x000003f0       0x88 ./mbed/targets/hal/TARGET_Silicon_Labs/TARGET_EFM32/emlib/src/em_leuart.o
 .debug_aranges